
[1m[46m RUN [49m[22m [36mv4.0.18 [39m[90mC:/dev/the-barber-cave[39m
      [2mCoverage enabled with [22m[33mv8[39m

 [32mΓ£ô[39m src/data/services.test.ts[2m > [22mServices Data[2m > [22mshould export a services array[32m 3[2mms[22m[39m
 [32mΓ£ô[39m src/data/services.test.ts[2m > [22mServices Data[2m > [22mshould have unique IDs for all services[32m 0[2mms[22m[39m
 [32mΓ£ô[39m src/data/services.test.ts[2m > [22mServices Data[2m > [22mshould have required fields for each service[32m 9[2mms[22m[39m
 [32mΓ£ô[39m src/data/services.test.ts[2m > [22mServices Data[2m > [22mshould have non-empty string values for all required fields[32m 17[2mms[22m[39m
 [31m├ù[39m src/data/services.test.ts[2m > [22mServices Data[2m > [22mshould have valid price formats[32m 15[2mms[22m[39m
[31m   ΓåÆ expected '$50-$70' to match /^\$[0-9]+(\-[0-9]+|\+)?$/[39m
 [31m├ù[39m src/data/services.test.ts[2m > [22mServices Data[2m > [22mshould have valid duration formats[32m 2[2mms[22m[39m
[31m   ΓåÆ expected 'First visit' to match /[0-9]+/[39m
 [32mΓ£ô[39m src/data/services.test.ts[2m > [22mServices Data[2m > [22mshould have valid icon names[32m 4[2mms[22m[39m
 [32mΓ£ô[39m src/data/services.test.ts[2m > [22mServices Data[2m > [22mshould not have duplicate titles[32m 0[2mms[22m[39m
 [32mΓ£ô[39m src/data/services.test.ts[2m > [22mServices Data[2m > [22mshould contain the new client special service[32m 1[2mms[22m[39m
 [32mΓ£ô[39m src/data/services.test.ts[2m > [22mServices Data[2m > [22mshould have proper service categorization based on titles[32m 1[2mms[22m[39m
 [32mΓ£ô[39m src/utils/seo-validation.test.ts[2m > [22mSEO Validation[2m > [22mvalidateStructuredData[2m > [22mshould return issues when document is undefined (server-side)[32m 8[2mms[22m[39m
 [32mΓ£ô[39m src/utils/seo-validation.test.ts[2m > [22mSEO Validation[2m > [22mvalidateStructuredData[2m > [22mshould validate structured data when scripts are present[32m 1[2mms[22m[39m
 [31m├ù[39m src/utils/seo-validation.test.ts[2m > [22mSEO Validation[2m > [22mvalidateStructuredData[2m > [22mshould handle invalid JSON in structured data[32m 14[2mms[22m[39m
[31m   ΓåÆ expected [ ΓÇª(4) ] to include 'Invalid JSON-LD syntax found'[39m
 [31m├ù[39m src/utils/seo-validation.test.ts[2m > [22mSEO Validation[2m > [22mvalidateStructuredData[2m > [22mshould pass when all required schemas are present[32m 9[2mms[22m[39m
[31m   ΓåÆ expected false to be true // Object.is equality[39m
 [32mΓ£ô[39m src/utils/seo-validation.test.ts[2m > [22mSEO Validation[2m > [22mvalidateMetaTags[2m > [22mshould return issues when document is undefined[32m 1[2mms[22m[39m
 [32mΓ£ô[39m src/utils/seo-validation.test.ts[2m > [22mSEO Validation[2m > [22mvalidateMetaTags[2m > [22mshould validate essential meta tags[32m 1[2mms[22m[39m
 [32mΓ£ô[39m src/utils/seo-validation.test.ts[2m > [22mSEO Validation[2m > [22mvalidateMetaTags[2m > [22mshould pass when all essential meta tags are present[32m 1[2mms[22m[39m
 [32mΓ£ô[39m src/utils/seo-validation.test.ts[2m > [22mSEO Validation[2m > [22mvalidateBreadcrumbs[2m > [22mshould return issues when document is undefined[32m 1[2mms[22m[39m
 [32mΓ£ô[39m src/utils/seo-validation.test.ts[2m > [22mSEO Validation[2m > [22mvalidateBreadcrumbs[2m > [22mshould validate breadcrumb navigation presence[32m 1[2mms[22m[39m
 [32mΓ£ô[39m src/utils/seo-validation.test.ts[2m > [22mSEO Validation[2m > [22mvalidateBreadcrumbs[2m > [22mshould validate breadcrumb structured data[32m 1[2mms[22m[39m
 [32mΓ£ô[39m src/utils/seo-validation.test.ts[2m > [22mSEO Validation[2m > [22mvalidateSEO[2m > [22mshould run comprehensive SEO validation[32m 1[2mms[22m[39m
 [32mΓ£ô[39m src/utils/seo-validation.test.ts[2m > [22mSEO Validation[2m > [22mvalidateSEO[2m > [22mshould return overall false when any validation fails[32m 1[2mms[22m[39m
 [32mΓ£ô[39m src/utils/seo-validation.test.ts[2m > [22mSEO Validation[2m > [22mseoValidators export[2m > [22mshould export all validator functions[32m 1[2mms[22m[39m
 [32mΓ£ô[39m src/utils/accessibility.test.ts[2m > [22mreportAccessibility[2m > [22mshould not initialize axe when window is undefined (server-side)[32m 4[2mms[22m[39m
 [32mΓ£ô[39m src/utils/accessibility.test.ts[2m > [22mreportAccessibility[2m > [22mshould not initialize axe in production environment[32m 1[2mms[22m[39m
 [32mΓ£ô[39m src/utils/accessibility.test.ts[2m > [22mreportAccessibility[2m > [22mshould initialize axe in development environment with window available[32m 10[2mms[22m[39m
 [32mΓ£ô[39m src/utils/accessibility.test.ts[2m > [22mreportAccessibility[2m > [22mshould initialize axe with default config when no config provided[32m 1[2mms[22m[39m
 [31m├ù[39m src/utils/accessibility.test.ts[2m > [22mreportAccessibility[2m > [22mshould handle axe import errors gracefully[32m 24[2mms[22m[39m
[31m   ΓåÆ promise rejected "Error: [vitest] There was an error when mΓÇª" instead of resolving[39m
 [32mΓ£ô[39m src/data/barbers.test.ts[2m > [22mBarbers Data[2m > [22mshould export a barbers array[32m 3[2mms[22m[39m
 [32mΓ£ô[39m src/data/barbers.test.ts[2m > [22mBarbers Data[2m > [22mshould have unique IDs for all barbers[32m 0[2mms[22m[39m
 [32mΓ£ô[39m src/data/barbers.test.ts[2m > [22mBarbers Data[2m > [22mshould have required fields for each barber[32m 4[2mms[22m[39m
 [32mΓ£ô[39m src/data/barbers.test.ts[2m > [22mBarbers Data[2m > [22mshould have non-empty string values for all required fields[32m 5[2mms[22m[39m
 [31m├ù[39m src/data/barbers.test.ts[2m > [22mBarbers Data[2m > [22mshould have valid rating formats[32m 15[2mms[22m[39m
[31m   ΓåÆ expected 'No ratings' to match /^\d+(\.\d+)?$/[39m
 [32mΓ£ô[39m src/data/barbers.test.ts[2m > [22mBarbers Data[2m > [22mshould have valid review counts[32m 1[2mms[22m[39m
 [31m├ù[39m src/data/barbers.test.ts[2m > [22mBarbers Data[2m > [22mshould have valid availability statuses[32m 6[2mms[22m[39m
[31m   ΓåÆ expected false to be true // Object.is equality[39m
 [31m├ù[39m src/data/barbers.test.ts[2m > [22mBarbers Data[2m > [22mshould have valid barber titles[32m 5[2mms[22m[39m
[31m   ΓåÆ expected [ 'Master Barber', ΓÇª(3) ] to include 'Blend Specialist'[39m
 [32mΓ£ô[39m src/data/barbers.test.ts[2m > [22mBarbers Data[2m > [22mshould not have duplicate names[32m 1[2mms[22m[39m
 [32mΓ£ô[39m src/data/barbers.test.ts[2m > [22mBarbers Data[2m > [22mshould contain expected barber profiles[32m 1[2mms[22m[39m
 [31m├ù[39m src/data/barbers.test.ts[2m > [22mBarbers Data[2m > [22mshould have reasonable review counts for a barber shop[32m 2[2mms[22m[39m
[31m   ΓåÆ expected 0 to be greater than 10[39m
 [31m├ù[39m src/utils/cached-business.test.ts[2m > [22mgetBusinessInfo[2m > [22mshould return the business info object[32m 10[2mms[22m[39m
[31m   ΓåÆ `cacheTag()` is only available with the `cacheComponents` config.[39m
 [31m├ù[39m src/utils/cached-business.test.ts[2m > [22mgetBusinessInfo[2m > [22mshould return consistent data on multiple calls[32m 1[2mms[22m[39m
[31m   ΓåÆ `cacheTag()` is only available with the `cacheComponents` config.[39m
 [31m├ù[39m src/utils/cached-business.test.ts[2m > [22mgetBusinessInfo[2m > [22mshould contain required business fields[32m 1[2mms[22m[39m
[31m   ΓåÆ `cacheTag()` is only available with the `cacheComponents` config.[39m
 [31m├ù[39m src/utils/cached-services.test.ts[2m > [22mgetServicesData[2m > [22mshould return the services data array[32m 11[2mms[22m[39m
[31m   ΓåÆ `cacheTag()` is only available with the `cacheComponents` config.[39m
 [31m├ù[39m src/utils/cached-services.test.ts[2m > [22mgetServicesData[2m > [22mshould return consistent data on multiple calls[32m 1[2mms[22m[39m
[31m   ΓåÆ `cacheTag()` is only available with the `cacheComponents` config.[39m
 [31m├ù[39m src/utils/cached-services.test.ts[2m > [22mgetServicesData[2m > [22mshould contain the new client special service[32m 1[2mms[22m[39m
[31m   ΓåÆ `cacheTag()` is only available with the `cacheComponents` config.[39m
 [32mΓ£ô[39m src/components/__tests__/ContainerQueries.test.tsx[2m > [22mContainerQueries Component[2m > [22mrenders children correctly[32m 118[2mms[22m[39m
 [32mΓ£ô[39m src/components/__tests__/ContainerQueries.test.tsx[2m > [22mContainerQueries Component[2m > [22mapplies custom className[32m 9[2mms[22m[39m
 [32mΓ£ô[39m src/components/__tests__/ContainerQueries.test.tsx[2m > [22mContainerQueries Component[2m > [22msets container-type to inline-size by default[33m 517[2mms[22m[39m
 [32mΓ£ô[39m src/components/__tests__/ContainerQueries.test.tsx[2m > [22mContainerQueries Component[2m > [22msets container-type to size when specified[32m 81[2mms[22m[39m
 [32mΓ£ô[39m src/components/__tests__/ContainerQueries.test.tsx[2m > [22mContainerQueries Component[2m > [22msets container-name when provided[32m 74[2mms[22m[39m
 [32mΓ£ô[39m src/components/__tests__/ContainerQueries.test.tsx[2m > [22mContainerQueries Component[2m > [22msets container-name to none when not provided[32m 61[2mms[22m[39m
 [32mΓ£ô[39m src/components/__tests__/ContainerQueries.test.tsx[2m > [22mContainerQueries Component[2m > [22mforwards ref correctly[32m 10[2mms[22m[39m
 [32mΓ£ô[39m src/components/__tests__/ContainerQueries.test.tsx[2m > [22mContainerQueries Component[2m > [22mpasses through additional props[32m 9[2mms[22m[39m
 [31m├ù[39m src/components/__tests__/ContainerQueries.test.tsx[2m > [22museContainerQuerySupport Hook[2m > [22mreturns true when CSS.supports indicates container query support[32m 9[2mms[22m[39m
[31m   ΓåÆ Invalid hook call. Hooks can only be called inside of the body of a function component. This could happen for one of the following reasons:
1. You might have mismatching versions of React and the renderer (such as React DOM)
2. You might be breaking the Rules of Hooks
3. You might have more than one copy of React in the same app
See https://react.dev/link/invalid-hook-call for tips about how to debug and fix this problem.[39m
 [31m├ù[39m src/components/__tests__/ContainerQueries.test.tsx[2m > [22museContainerQuerySupport Hook[2m > [22mreturns false when CSS.supports indicates no container query support[32m 1[2mms[22m[39m
[31m   ΓåÆ Invalid hook call. Hooks can only be called inside of the body of a function component. This could happen for one of the following reasons:
1. You might have mismatching versions of React and the renderer (such as React DOM)
2. You might be breaking the Rules of Hooks
3. You might have more than one copy of React in the same app
See https://react.dev/link/invalid-hook-call for tips about how to debug and fix this problem.[39m
 [31m├ù[39m src/components/__tests__/ContainerQueries.test.tsx[2m > [22museContainerQuerySupport Hook[2m > [22mreturns false during server-side rendering[32m 1[2mms[22m[39m
[31m   ΓåÆ Invalid hook call. Hooks can only be called inside of the body of a function component. This could happen for one of the following reasons:
1. You might have mismatching versions of React and the renderer (such as React DOM)
2. You might be breaking the Rules of Hooks
3. You might have more than one copy of React in the same app
See https://react.dev/link/invalid-hook-call for tips about how to debug and fix this problem.[39m
 [31m├ù[39m src/components/__tests__/ContainerQueries.test.tsx[2m > [22mContainer Queries Integration[2m > [22mapplies correct container styles for barber grid[32m 3[2mms[22m[39m
[31m   ΓåÆ window is not defined[39m
[31m   ΓåÆ window is not defined[39m
 [31m├ù[39m src/components/__tests__/ContainerQueries.test.tsx[2m > [22mContainer Queries Integration[2m > [22mapplies correct container styles for services grid[32m 3[2mms[22m[39m
[31m   ΓåÆ window is not defined[39m
[31m   ΓåÆ window is not defined[39m
 [32mΓ£ô[39m src/components/__tests__/ErrorBoundary.test.tsx[2m > [22mErrorBoundary[2m > [22mrenders children normally when no error occurs[32m 68[2mms[22m[39m
 [31m├ù[39m src/components/__tests__/ErrorBoundary.test.tsx[2m > [22mErrorBoundary[2m > [22mcatches thrown errors and shows fallback UI[32m 119[2mms[22m[39m
[31m   ΓåÆ Unable to find an element with the text: We're sorry, but something unexpected happened.. This could be because the text is broken up by multiple elements. In this case, you can provide a function for your text matcher to make your matcher more flexible.

Ignored nodes: comments, script, style
[36m<body>[31m
  [36m<div>[31m
    [36m<div[31m
      [33mclass[31m=[32m"min-h-screen flex items-center justify-center bg-gray-50 px-4"[31m
    [36m>[31m
      [36m<div[31m
        [33mclass[31m=[32m"max-w-md w-full bg-white rounded-lg shadow-lg p-8 text-center"[31m
      [36m>[31m
        [36m<div[31m
          [33mclass[31m=[32m"w-16 h-16 bg-red-100 rounded-full flex items-center justify-center mx-auto mb-6"[31m
        [36m>[31m
          [36m<svg[31m
            [33maria-hidden[31m=[32m"true"[31m
            [33mclass[31m=[32m"lucide lucide-triangle-alert w-8 h-8 text-red-600"[31m
            [33mfill[31m=[32m"none"[31m
            [33mheight[31m=[32m"24"[31m
            [33mstroke[31m=[32m"currentColor"[31m
            [33mstroke-linecap[31m=[32m"round"[31m
            [33mstroke-linejoin[31m=[32m"round"[31m
            [33mstroke-width[31m=[32m"2"[31m
            [33mviewBox[31m=[32m"0 0 24 24"[31m
            [33mwidth[31m=[32m"24"[31m
            [33mxmlns[31m=[32m"http://www.w3.org/2000/svg"[31m
          [36m>[31m
            [36m<path[31m
              [33md[31m=[32m"m21.73 18-8-14a2 2 0 0 0-3.48 0l-8 14A2 2 0 0 0 4 21h16a2 2 0 0 0 1.73-3"[31m
            [36m/>[31m
            [36m<path[31m
              [33md[31m=[32m"M12 9v4"[31m
            [36m/>[31m
            [36m<path[31m
              [33md[31m=[32m"M12 17h.01"[31m
            [36m/>[31m
          [36m</svg>[31m
        [36m</div>[31m
        [36m<h1[31m
          [33mclass[31m=[32m"text-2xl font-bold text-gray-900 mb-4"[31m
        [36m>[31m
          [0mSomething went wrong[0m
        [36m</h1>[31m
        [36m<p[31m
          [33mclass[31m=[32m"text-gray-600 mb-6"[31m
        [36m>[31m
          [0mWe're sorry, but something unexpected happened. Our team has been notified and is working on a fix.[0m
        [36m</p>[31m
        [36m<div[31m
          [33mclass[31m=[32m"space-y-3"[31m
        [36m>[31m
          [36m<button[31m
            [33mclass[31m=[32m"w-full flex items-center justify-center px-4 py-2 bg-black text-white rounded-lg hover:bg-gray-800 transition-colors font-medium"[31m
          [36m>[31m
            [36m<svg[31m
              [33maria-hidden[31m=[32m"true"[31m
              [33mclass[31m=[32m"lucide lucide-refresh-cw w-4 h-4 mr-2"[31m
              [33mfill[31m=[32m"none"[31m
              [33mheight[31m=[32m"24"[31m
              [33mstroke[31m=[32m"currentColor"[31m
              [33mstroke-linecap[31m=[32m"round"[31m
              [33mstroke-linejoin[31m=[32m"round"[31m
              [33mstroke-width[31m=[32m"2"[31m
              [33mviewBox[31m=[32m"0 0 24 24"[31m
              [33mwidth[31m=[32m"24"[31m
              [33mxmlns[31m=[32m"http://www.w3.org/2000/svg"[31m
            [36m>[31m
              [36m<path[31m
                [33md[31m=[32m"M3 12a9 9 0 0 1 9-9 9.75 9.75 0 0 1 6.74 2.74L21 8"[31m
              [36m/>[31m
              [36m<path[31m
                [33md[31m=[32m"M21 3v5h-5"[31m
              [36m/>[31m
              [36m<path[31m
                [33md[31m=[32m"M21 12a9 9 0 0 1-9 9 9.75 9.75 0 0 1-6.74-2.74L3 16"[31m
              [36m/>[31m
              [36m<path[31m
                [33md[31m=[32m"M8 16H3v5"[31m
              [36m/>[31m
            [36m</svg>[31m
            [0mTry Again[0m
          [36m</button>[31m
          [36m<button[31m
            [33mclass[31m=[32m"w-full px-4 py-2 border border-gray-300 text-gray-700 rounded-lg hover:bg-gray-50 transition-colors font-medium"[31m
          [36m>[31m
            [0mGo Home[0m
          [36m</button>[31m
        [36m</div>[31m
      [36m</div>[31m
    [36m</div>[31m
  [36m</div>[31m
[36m</body>[31m[39m
 [32mΓ£ô[39m src/components/__tests__/ErrorBoundary.test.tsx[2m > [22mErrorBoundary[2m > [22mshows error details in development mode[32m 53[2mms[22m[39m
 [32mΓ£ô[39m src/components/__tests__/Gallery.test.tsx[2m > [22mGallery[2m > [22mrenders gallery section with correct heading and description[33m 700[2mms[22m[39m
 [32mΓ£ô[39m src/components/__tests__/Gallery.test.tsx[2m > [22mGallery[2m > [22mrenders all 6 gallery images with proper attributes[33m 379[2mms[22m[39m
 [31m├ù[39m src/components/__tests__/Gallery.test.tsx[2m > [22mGallery[2m > [22mdisplays hover overlay with title and barber information[32m 80[2mms[22m[39m
[31m   ΓåÆ Found multiple elements with the text: by Master Barber

Here are the matching elements:

Ignored nodes: comments, script, style
[36m<p[31m
  [33mclass[31m=[32m"text-gray-300 text-sm"[31m
[36m>[31m
  [0mby [0m
  [0mMaster Barber[0m
[36m</p>[31m

Ignored nodes: comments, script, style
[36m<p[31m
  [33mclass[31m=[32m"text-gray-300 text-sm"[31m
[36m>[31m
  [0mby [0m
  [0mMaster Barber[0m
[36m</p>[31m

(If this is intentional, then use the `*AllBy*` variant of the query (like `queryAllByText`, `getAllByText`, or `findAllByText`)).

Ignored nodes: comments, script, style
[36m<body>[31m
  [36m<div>[31m
    [36m<section[31m
      [33mclass[31m=[32m"py-20 bg-gray-50"[31m
      [33mid[31m=[32m"work"[31m
    [36m>[31m
      [36m<div[31m
        [33mclass[31m=[32m"max-w-7xl mx-auto px-6 lg:px-8"[31m
      [36m>[31m
        [36m<div[31m
          [33mclass[31m=[32m"text-center mb-16"[31m
        [36m>[31m
          [36m<h2[31m
            [33mclass[31m=[32m"text-4xl md:text-5xl font-bold text-black mb-4"[31m
          [36m>[31m
            [0mOur Work[0m
          [36m</h2>[31m
          [36m<p[31m
            [33mclass[31m=[32m"text-xl text-gray-600 max-w-2xl mx-auto"[31m
          [36m>[31m
            [0mSee the transformations and styles that define The Barber Cave experience[0m
          [36m</p>[31m
        [36m</div>[31m
        [36m<div[31m
          [33mclass[31m=[32m"grid grid-cols-1 md:grid-cols-2 lg:grid-cols-3 gap-6"[31m
        [36m>[31m
          [36m<div[31m
            [33mclass[31m=[32m"group relative overflow-hidden rounded-2xl bg-gray-200 aspect-square"[31m
          [36m>[31m
            [36m<img[31m
              [33malt[31m=[32m"Classic Fade"[31m
              [33mclass[31m=[32m"object-cover group-hover:scale-105 transition-transform duration-300"[31m
              [33mdata-nimg[31m=[32m"fill"[31m
              [33mdecoding[31m=[32m"async"[31m
              [33mloading[31m=[32m"lazy"[31m
              [33msrc[31m=[32m"/images/gallery/work-1.svg"[31m
              [33mstyle[31m=[32m"position: absolute; height: 100%; width: 100%; left: 0px; top: 0px; right: 0px; bottom: 0px; color: transparent;"[31m
            [36m/>[31m
            [36m<div[31m
              [33mclass[31m=[32m"absolute inset-0 bg-black/0 group-hover:bg-black/40 transition-colors duration-300 flex items-center justify-center"[31m
            [36m>[31m
              [36m<div[31m
                [33mclass[31m=[32m"opacity-0 group-hover:opacity-100 transition-opacity duration-300 text-center"[31m
              [36m>[31m
                [36m<p[31m
                  [33mclass[31m=[32m"text-white font-semibold"[31m
                [36m>[31m
                  [0mClassic Fade[0m
                [36m</p>[31m
                [36m<p[31m
                  [33mclass[31m=[32m"text-gray-300 text-sm"[31m
                [36m>[31m
                  [0mby [0m
                  [0mMaster Barber[0m
                [36m</p>[31m
              [36m</div>[31m
            [36m</div>[31m
          [36m</div>[31m
          [36m<div[31m
            [33mclass[31m=[32m"group relative overflow-hidden rounded-2xl bg-gray-200 aspect-square"[31m
          [36m>[31m
            [36m<img[31m
              [33malt[31m=[32m"Beard Trim"[31m
              [33mclass[31m=[32m"object-cover group-hover:scale-105 transition-transform duration-300"[31m
              [33mdata-nimg[31m=[32m"fill"[31m
              [33mdecoding[31m=[32m"async"[31m
              [33mloading[31m=[32m"lazy"[31m
              [33msrc[31m=[32m"/images/gallery/work-2.svg"[31m
              [33mstyle[31m=[32m"position: absolute; height: 100%; width: 100%; left: 0px; top: 0px; right: 0px; bottom: 0px; color: transparent;"[31m
            [36m/>[31m
            [36m<div[31m
              [33mclass[31m=[32m"absolute inset-0 bg-black/0 group-hover:bg-black/40 transition-colors duration-300 flex items-center justify-center"[31m
            [36m>[31m
              [36m<div[31m
                [33mclass[31m=[32m"opacity-0 group-hover:opacity-100 transition-opacity duration-300 text-center"[31m
              [36m>[31m
                [36m<p[31m
                  [33mclass[31m=[32m"text-white font-semibold"[31m
                [36m>[31m
                  [0mBeard Trim[0m
                [36m</p>[31m
                [36m<p[31m
                  [33mclass[31m=[32m"text-gray-300 text-sm"[31m
                [36m>[31m
                  [0mby [0m
                  [0mExpert Barber[0m
                [36m</p>[31m
              [36m</div>[31m
            [36m</div>[31m
          [36m</div>[31m
          [36m<div[31m
            [33mclass[31m=[32m"group relative overflow-hidden rounded-2xl bg-gray-200 aspect-square"[31m
          [36m>[31m
            [36m<img[31m
              [33malt[31m=[32m"Modern Cut"[31m
              [33mclass[31m=[32m"object-cover group-hover:scale-105 transition-transform duration-300"[31m
              [33mdata-nimg[31m=[32m"fill"[31m
              [33mdecoding[31m=[32m"async"[31m
              [33mloading[31m=[32m"lazy"[31m
              [33msrc[31m=[32m"/images/gallery/work-3.svg"[31m
              [33mstyle[31m=[32m"position: absolute; height: 100%; width: 100%; left: 0px; top: 0px; right: 0px; bottom: 0px; color: transparent;"[31m
            [36m/>[31m
            [36m<div[31m
              [33mclass[31m=[32m"absolute inset-0 bg-black/0 group-hover:bg-black/40 transition-colors duration-300 flex items-center justify-center"[31m
            [36m>[31m
              [36m<div[31m
                [33mclass[31m=[32m"opacity-0 group-hover:opacity-100 transition-opacity duration-300 text-center"[31m
              [36m>[31m
                [36m<p[31m
                  [33mclass[31m=[32m"text-white font-semibold"[31m
                [36m>[31m
                  [0mModern Cut[0m
                [36m</p>[31m
                [36m<p[31m
                  [33mclass[31m=[32m"text-gray-300 text-sm"[31m
                [36m>[31m
                  [0mby [0m
                  [0mSenior Barber[0m
                [36m</p>[31m
              [36m</div>[31m
            [36m</div>[31m
          [36m</div>[31m
          [36m<div[31m
            [33mclass[31m=[32m"group relative overflow-hidden rounded-2xl bg-gray-200 aspect-square"[31m
          [36m>[31m
            [36m<img[31m
              [33malt[31m=[32m"Pompadour"[31m
              [33mclass[31m=[32m"object-cover group-hover:scale-105 transition-transform duration-300"[31m
              [33mdata-nimg[31m=[32m"fill"[31m
              [33mdecoding[31m=[32m"async"[31m
              [33mloading[31m=[32m"lazy"[31m
              [33msrc[31m=[32m"/images/gallery/work-4.svg"[31m
              [33mstyle[31m=[32m"position: absolute; height: 100%; width: 100%; left: 0px; top: 0px; right: 0px; bottom: 0px; color: transparent;"[31m
            [36m/>[31m
            [36m<div[31m
              [33mclass[31m=[32m"absolute inset-0 bg-black/0 group-hover:bg-black/40 transition-colors duration-300 flex items-center justify-center"[31m
            [36m>[31m
              [36m<div[31m
                [33mclass[31m=[32m"opacity-0 group-hover:opacity-100 transition-opacity duration-300 text-center"[31m
              [36m>[31m
                [36m<p[31m
                  [33mclass[31m=[32m"text-white font-semibold"[31m
                [36m>[31m
                  [0mPompadour[0m
                [36m</p>[31m
                [36m<p[31m
                  [33mclass[31m=[32m"text-gray-300 text-sm"[31m
                [36m>[31m
                  [0mby [0m
                  [0mMaster Barber[0m
                [36m</p>[31m
              [36m</div>[31m
            [36m</div>[31m
          [36m</div>[31m
          [36m<div[31m
            [33mclass[31m=[32m"group relative overflow-hidden rounded-2xl bg-gray-200 aspect-square"[31m
          [36m>[31m
            [36m<img[31m
              [33malt[31m=[32m"Crew Cut"[31m
              [33mclass[31m=[32m"object-cover group-hover:scale-105 transition-transform duration-300"[31m
              [33mdata-nimg[31m=[32m"fill"[31m
              [33mdecoding[31m=[32m"async"[31m
              [33mloading[31m=[32m"lazy"[31m
              [33msrc[31m=[32m"/images/gallery/work-5.svg"[31m
              [33mstyle[31m=[32m"position: absolute; height: 100%; width: 100%; left: 0px; top: 0px; right: 0px; bottom: 0px; color: transparent;"[31m
            [36m/>[31m
            [36m<div[31m
              [33mclass[31m=[32m"absolute inset-0 bg-black/0 group-hover:bg-black/40 transition-colors duration-300 flex items-center justify-center"[31m
            [36m>[31m
              [36m<div[31m
                [33mclass[31m=[32m"opacity-0 group-hover:opacity-100 transition-opacity duration-300 text-center"[31m
              [36m>[31m
                [36m<p[31m
                  [33mclass[31m=[32m"text-white font-semibold"[31m
                [36m>[31m
                  [0mCrew Cut[0m
                [36m</p>[31m
                [36m<p[31m
                  [33mclass[31m=[32m"text-gray-300 text-sm"[31m
                [36m>[31m
                  [0mby [0m
                  [0mExpert Barber[0m
                [36m</p>[31m
              [36m</div>[31m
            [36m</div>[31m
          [36m</div>[31m
          [36m<div[31m
            [33mclass[31m=[32m"group relative overflow-hidden rounded-2xl bg-gray-200 aspect-square"[31m
          [36m>[31m
            [36m<img[31m
              [33malt[31m=[32m"Hot Towel Shave"[31m
              [33mclass[31m=[32m"object-cover group-hover:scale-105 transition-transform duration-300"[31m
              [33mdata-nimg[31m=[32m"fill"[31m
              [33mdecoding[31m=[32m"async"[31m
              [33mloading[31m=[32m"lazy"[31m
              [33msrc[31m=[32m"/images/gallery/work-6.svg"[31m
              [33mstyle[31m=[32m"position: absolute; height: 100%; width: 100%; left: 0px; top: 0px; right: 0px; bottom: 0px; color: transparent;"[31m
            [36m/>[31m
            [36m<div[31m
              [33mclass[31m=[32m"absolute inset-0 bg-black/0 group-hover:bg-black/40 transition-colors duration-300 flex items-center justify-center"[31m
            [36m>[31m
              [36m<div[31m
                [33mclass[31m=[32m"opacity-0 group-hover:opacity-100 transition-opacity duration-300 text-center"[31m
              [36m>[31m
                [36m<p[31m
                  [33mclass[31m=[32m"text-white font-semibold"[31m
                [36m>[31m
                  [0mHot Towel Shave[0m
                [36m</p>[31m
                [36m<p[31m
                  [33mclass[31m=[32m"text-gray-300 text-sm"[31m
                [36m>[31m
                  [0mby [0m
                  [0mSenior Barber[0m
                [36m</p>[31m
              [36m</div>[31m
            [36m</div>[31m
          [36m</div>[31m
        [36m</div>[31m
      [36m</div>[31m
    [36m</section>[31m
  [36m</div>[31m
[36m</body>[31m[39m
 [32mΓ£ô[39m src/components/__tests__/ErrorBoundary.test.tsx[2m > [22mErrorBoundary[2m > [22mdoes not show error details in production mode[32m 22[2mms[22m[39m
 [32mΓ£ô[39m src/components/__tests__/ErrorBoundary.test.tsx[2m > [22mErrorBoundary[2m > [22mcalls onError callback when provided[32m 33[2mms[22m[39m
 [32mΓ£ô[39m src/components/__tests__/Contact.test.tsx[2m > [22mContact[2m > [22mrenders contact section with correct heading and description[33m 998[2mms[22m[39m
 [31m├ù[39m src/components/__tests__/Contact.test.tsx[2m > [22mContact[2m > [22mdisplays location information correctly[32m 62[2mms[22m[39m
[31m   ΓåÆ Unable to find an element with the text: Dallas, Texas. This could be because the text is broken up by multiple elements. In this case, you can provide a function for your text matcher to make your matcher more flexible.

Ignored nodes: comments, script, style
[36m<body>[31m
  [36m<div>[31m
    [36m<section[31m
      [33mclass[31m=[32m"py-20 bg-black text-white"[31m
      [33mid[31m=[32m"contact"[31m
    [36m>[31m
      [36m<div[31m
        [33mclass[31m=[32m"max-w-7xl mx-auto px-6 lg:px-8"[31m
      [36m>[31m
        [36m<div[31m
          [33mclass[31m=[32m"text-center mb-16"[31m
        [36m>[31m
          [36m<h2[31m
            [33mclass[31m=[32m"text-4xl md:text-5xl font-bold text-white mb-4"[31m
          [36m>[31m
            [0mVisit The Cave[0m
          [36m</h2>[31m
          [36m<p[31m
            [33mclass[31m=[32m"text-xl text-gray-300 max-w-2xl mx-auto"[31m
          [36m>[31m
            [0mReady for your transformation? Book your appointment with one of our master barbers[0m
          [36m</p>[31m
        [36m</div>[31m
        [36m<div[31m
          [33mclass[31m=[32m"grid md:grid-cols-3 gap-8 mb-12"[31m
        [36m>[31m
          [36m<div[31m
            [33mclass[31m=[32m"text-center"[31m
          [36m>[31m
            [36m<div[31m
              [33mclass[31m=[32m"w-16 h-16 bg-amber-500 rounded-full flex items-center justify-center mx-auto mb-6"[31m
            [36m>[31m
              [36m<svg[31m
                [33maria-hidden[31m=[32m"true"[31m
                [33mclass[31m=[32m"lucide lucide-map-pin h-8 w-8 text-black"[31m
                [33mfill[31m=[32m"none"[31m
                [33mheight[31m=[32m"24"[31m
                [33mstroke[31m=[32m"currentColor"[31m
                [33mstroke-linecap[31m=[32m"round"[31m
                [33mstroke-linejoin[31m=[32m"round"[31m
                [33mstroke-width[31m=[32m"2"[31m
                [33mviewBox[31m=[32m"0 0 24 24"[31m
                [33mwidth[31m=[32m"24"[31m
                [33mxmlns[31m=[32m"http://www.w3.org/2000/svg"[31m
              [36m>[31m
                [36m<path[31m
                  [33md[31m=[32m"M20 10c0 4.993-5.539 10.193-7.399 11.799a1 1 0 0 1-1.202 0C9.539 20.193 4 14.993 4 10a8 8 0 0 1 16 0"[31m
                [36m/>[31m
                [36m<circle[31m
                  [33mcx[31m=[32m"12"[31m
                  [33mcy[31m=[32m"10"[31m
                  [33mr[31m=[32m"3"[31m
                [36m/>[31m
              [36m</svg>[31m
            [36m</div>[31m
            [36m<h3[31m
              [33mclass[31m=[32m"text-xl font-bold text-white mb-2"[31m
            [36m>[31m
              [0mLocation[0m
            [36m</h3>[31m
            [36m<p[31m
              [33mclass[31m=[32m"text-gray-300 whitespace-pre-line mb-2"[31m
            [36m>[31m
              [0m1234 Real Street, Dallas, TX 75201[0m
            [36m</p>[31m
            [36m<p[31m
              [33mclass[31m=[32m"text-gray-300"[31m
            [36m>[31m
              [0mDallas, Texas
DFW Metro Area[0m
            [36m</p>[31m
          [36m</div>[31m
          [36m<div[31m
            [33mclass[31m=[32m"text-center"[31m
          [36m>[31m
            [36m<div[31m
              [33mclass[31m=[32m"w-16 h-16 bg-amber-500 rounded-full flex items-center justify-center mx-auto mb-6"[31m
            [36m>[31m
              [36m<svg[31m
                [33maria-hidden[31m=[32m"true"[31m
                [33mclass[31m=[32m"lucide lucide-phone h-8 w-8 text-black"[31m
                [33mfill[31m=[32m"none"[31m
                [33mheight[31m=[32m"24"[31m
                [33mstroke[31m=[32m"currentColor"[31m
                [33mstroke-linecap[31m=[32m"round"[31m
                [33mstroke-linejoin[31m=[32m"round"[31m
                [33mstroke-width[31m=[32m"2"[31m
                [33mviewBox[31m=[32m"0 0 24 24"[31m
                [33mwidth[31m=[32m"24"[31m
                [33mxmlns[31m=[32m"http://www.w3.org/2000/svg"[31m
              [36m>[31m
                [36m<path[31m
                  [33md[31m=[32m"M13.832 16.568a1 1 0 0 0 1.213-.303l.355-.465A2 2 0 0 1 17 15h3a2 2 0 0 1 2 2v3a2 2 0 0 1-2 2A18 18 0 0 1 2 4a2 2 0 0 1 2-2h3a2 2 0 0 1 2 2v3a2 2 0 0 1-.8 1.6l-.468.351a1 1 0 0 0-.292 1.233 14 14 0 0 0 6.392 6.384"[31m
                [36m/>[31m
              [36m</svg>[31m
            [36m</div>[31m
            [36m<h3[31m
              [33mclass[31m=[32m"text-xl font-bold text-white mb-2"[31m
            [36m>[31m
              [0mContact[0m
            [36m</h3>[31m
            [36m<p[31m
              [33mclass[31m=[32m"text-gray-300 mb-2"[31m
            [36m>[31m
              [0m(214) 555-0123[0m
            [36m</p>[31m
            [36m<a[31m
              [33mclass[31m=[32m"text-amber-400 hover:text-amber-300 font-semibold"[31m
              [33mhref[31m=[32m"https://getsquire.com/booking/book/the-barber-cave-dallas"[31m
              [33mrel[31m=[32m"noopener noreferrer"[31m
              [33mtarget[31m=[32m"_blank"[31m
            [36m>[31m
              [0mBook Online ΓåÆ[0m
            [36m</a>[31m
          [36m</div>[31m
          [36m<div[31m
            [33mclass[31m=[32m"text-center"[31m
          [36m>[31m
            [36m<div[31m
              [33mclass[31m=[32m"w-16 h-16 bg-amber-500 rounded-full flex items-center justify-center mx-auto mb-6"[31m
            [36m>[31m
              [36m<svg[31m
                [33maria-hidden[31m=[32m"true"[31m
                [33mclass[31m=[32m"lucide lucide-clock h-8 w-8 text-black"[31m
                [33mfill[31m=[32m"none"[31m
                [33mheight[31m=[32m"24"[31m
                [33mstroke[31m=[32m"currentColor"[31m
                [33mstroke-linecap[31m=[32m"round"[31m
                [33mstroke-linejoin[31m=[32m"round"[31m
                [33mstroke-width[31m=[32m"2"[31m
                [33mviewBox[31m=[32m"0 0 24 24"[31m
                [33mwidth[31m=[32m"24"[31m
                [33mxmlns[31m=[32m"http://www.w3.org/2000/svg"[31m
              [36m>[31m
                [36m<circle[31m
                  [33mcx[31m=[32m"12"[31m
                  [33mcy[31m=[32m"12"[31m
                  [33mr[31m=[32m"10"[31m
                [36m/>[31m
                [36m<path[31m
                  [33md[31m=[32m"M12 6v6l4 2"[31m
                [36m/>[31m
              [36m</svg>[31m
            [36m</div>[31m
            [36m<h3[31m
              [33mclass[31m=[32m"text-xl font-bold text-white mb-2"[31m
            [36m>[31m
              [0mFlexible Hours[0m
            [36m</h3>[31m
            [36m<p[31m
              [33mclass[31m=[32m"text-gray-300"[31m
            [36m>[31m
              [0mDaily appointments[0m
              [36m<br />[31m
              [0mEarly morning & evening available[0m
            [36m</p>[31m
          [36m</div>[31m
        [36m</div>[31m
        [36m<div[31m
          [33mclass[31m=[32m"text-center"[31m
        [36m>[31m
          [36m<a[31m
            [33mclass[31m=[32m"inline-block bg-amber-500 text-black px-12 py-4 rounded-full text-lg font-semibold hover:bg-amber-400 transition-colors"[31m
            [33mhref[31m=[32m"https://getsquire.com/booking/book/the-barber-cave-dallas"[31m
            [33mrel[31m=[32m"noopener noreferrer"[31m
            [33mtarget[31m=[32m"_blank"[31m
          [36m>[31m
            [0mBook Your Appointment Now[0m
          [36m</a>[31m
          [36m<p[31m
            [33mclass[31m=[32m"text-gray-400 mt-4"[31m
          [36m>[31m
            [0mNew clients get [0m
            [0m$10[0m
            [0m off their first service![0m
          [36m</p>[31m
        [36m</div>[31m
      [36m</div>[31m
    [36m</section>[31m
  [36m</div>[31m
[36m</body>[31m[39m
 [32mΓ£ô[39m src/components/__tests__/Contact.test.tsx[2m > [22mContact[2m > [22mdisplays contact information with booking link[32m 27[2mms[22m[39m
Not implemented: HTMLCanvasElement's getContext() method: without installing the canvas npm package
 [31m├ù[39m src/components/__tests__/About.test.tsx[2m > [22mAbout[2m > [22mrenders about section with correct structure[33m 866[2mms[22m[39m
[31m   ΓåÆ Unable to find an element with the text: Located in the heart of Dallas, The Barber Cave isn't just a barbershopΓÇö. This could be because the text is broken up by multiple elements. In this case, you can provide a function for your text matcher to make your matcher more flexible.

Ignored nodes: comments, script, style
[36m<body>[31m
  [36m<div>[31m
    [36m<section[31m
      [33mclass[31m=[32m"py-20 bg-white"[31m
      [33mid[31m=[32m"about"[31m
    [36m>[31m
      [36m<div[31m
        [33mclass[31m=[32m"max-w-7xl mx-auto px-6 lg:px-8"[31m
      [36m>[31m
        [36m<div[31m
          [33mclass[31m=[32m"grid lg:grid-cols-2 gap-16 items-center"[31m
        [36m>[31m
          [36m<div>[31m
            [36m<h2[31m
              [33mclass[31m=[32m"text-4xl md:text-5xl font-bold text-black mb-8"[31m
            [36m>[31m
              [0mThe Barber Cave Experience[0m
            [36m</h2>[31m
            [36m<div[31m
              [33mclass[31m=[32m"space-y-6 text-lg text-gray-600 leading-relaxed"[31m
            [36m>[31m
              [36m<p>[31m
                [0mLocated in the heart of Dallas, The Barber Cave isn't just a barbershopΓÇöit's a destination where craftsmanship meets community. With [0m
                [0m178[0m
                [0m five-star reviews and a team of [0m
                [0m8[0m
                [0m master barbers, we've established ourselves as Dallas' premier grooming destination.[0m
              [36m</p>[31m
              [36m<p>[31m
                [0mOur barbers specialize in everything from classic cuts to modern fades, luxury shaves to complete grooming transformations. We offer [0m
                [0m28[0m
                [0m specialized services to ensure every client leaves looking and feeling their absolute best.[0m
              [36m</p>[31m
            [36m</div>[31m
            [36m<div[31m
              [33mclass[31m=[32m"grid grid-cols-3 gap-8 mt-12"[31m
            [36m>[31m
              [36m<div>[31m
                [36m<div[31m
                  [33mclass[31m=[32m"text-3xl font-bold text-black mb-2"[31m
                [36m>[31m
                  [0m4.9[0m
                  [0m/5[0m
                [36m</div>[31m
                [36m<div[31m
                  [33mclass[31m=[32m"text-gray-600"[31m
                [36m>[31m
                  [0mAverage Rating[0m
                [36m</div>[31m
              [36m</div>[31m
              [36m<div>[31m
                [36m<div[31m
                  [33mclass[31m=[32m"text-3xl font-bold text-black mb-2"[31m
                [36m>[31m
                  [0m8[0m
                  [0m+[0m
                [36m</div>[31m
                [36m<div[31m
                  [33mclass[31m=[32m"text-gray-600"[31m
                [36m>[31m
                  [0mExpert Barbers[0m
                [36m</div>[31m
              [36m</div>[31m
              [36m<div>[31m
                [36m<div[31m
                  [33mclass[31m=[32m"text-3xl font-bold text-black mb-2"[31m
                [36m>[31m
                  [0m28[0m
                [36m</div>[31m
                [36m<div[31m
                  [33mclass[31m=[32m"text-gray-600"[31m
                [36m>[31m
                  [0mServices[0m
                [36m</div>[31m
              [36m</div>[31m
            [36m</div>[31m
          [36m</div>[31m
          [36m<div[31m
            [33mclass[31m=[32m"relative"[31m
          [36m>[31m
            [36m<div[31m
              [33mclass[31m=[32m"aspect-square rounded-2xl overflow-hidden bg-gray-200"[31m
            [36m>[31m
              [36m<img[31m
                [33malt[31m=[32m"The Barber Cave Interior"[31m
                [33mclass[31m=[32m"object-cover"[31m
                [33mdata-nimg[31m=[32m"fill"[31m
                [33mdecoding[31m=[32m"async"[31m
                [33mloading[31m=[32m"lazy"[31m
                [33msrc[31m=[32m"/images/about/shop-interior.svg"[31m
                [33mstyle[31m=[32m"position: absolute; height: 100%; width: 100%; left: 0px; top: 0px; right: 0px; bottom: 0px; color: transparent;"[31m
              [36m/>[31m
            [36m</div>[31m
          [36m</div>[31m
        [36m</div>[31m
      [36m</div>[31m
    [36m</section>[31m
  [36m</div>[31m
[36m</body>[31m[39m
 [32mΓ£ô[39m src/components/__tests__/About.test.tsx[2m > [22mAbout[2m > [22mdisplays business statistics correctly[32m 40[2mms[22m[39m
 [32mΓ£ô[39m src/components/__tests__/About.test.tsx[2m > [22mAbout[2m > [22mrenders shop interior image with proper attributes[32m 13[2mms[22m[39m
 [32mΓ£ô[39m src/components/__tests__/About.test.tsx[2m > [22mAbout[2m > [22mhas proper section structure and classes[32m 18[2mms[22m[39m
 [32mΓ£ô[39m src/components/__tests__/About.test.tsx[2m > [22mAbout[2m > [22mshould have no accessibility violations[33m 559[2mms[22m[39m
Not implemented: HTMLCanvasElement's getContext() method: without installing the canvas npm package
 [31m├ù[39m src/components/__tests__/ErrorBoundary.test.tsx[2m > [22mErrorBoundary[2m > [22mresets error state when Try Again is clicked[33m 593[2mms[22m[39m
[31m   ΓåÆ Unable to find an element with the text: Normal content. This could be because the text is broken up by multiple elements. In this case, you can provide a function for your text matcher to make your matcher more flexible.

Ignored nodes: comments, script, style
[36m<body>[31m
  [36m<div>[31m
    [36m<div[31m
      [33mclass[31m=[32m"min-h-screen flex items-center justify-center bg-gray-50 px-4"[31m
    [36m>[31m
      [36m<div[31m
        [33mclass[31m=[32m"max-w-md w-full bg-white rounded-lg shadow-lg p-8 text-center"[31m
      [36m>[31m
        [36m<div[31m
          [33mclass[31m=[32m"w-16 h-16 bg-red-100 rounded-full flex items-center justify-center mx-auto mb-6"[31m
        [36m>[31m
          [36m<svg[31m
            [33maria-hidden[31m=[32m"true"[31m
            [33mclass[31m=[32m"lucide lucide-triangle-alert w-8 h-8 text-red-600"[31m
            [33mfill[31m=[32m"none"[31m
            [33mheight[31m=[32m"24"[31m
            [33mstroke[31m=[32m"currentColor"[31m
            [33mstroke-linecap[31m=[32m"round"[31m
            [33mstroke-linejoin[31m=[32m"round"[31m
            [33mstroke-width[31m=[32m"2"[31m
            [33mviewBox[31m=[32m"0 0 24 24"[31m
            [33mwidth[31m=[32m"24"[31m
            [33mxmlns[31m=[32m"http://www.w3.org/2000/svg"[31m
          [36m>[31m
            [36m<path[31m
              [33md[31m=[32m"m21.73 18-8-14a2 2 0 0 0-3.48 0l-8 14A2 2 0 0 0 4 21h16a2 2 0 0 0 1.73-3"[31m
            [36m/>[31m
            [36m<path[31m
              [33md[31m=[32m"M12 9v4"[31m
            [36m/>[31m
            [36m<path[31m
              [33md[31m=[32m"M12 17h.01"[31m
            [36m/>[31m
          [36m</svg>[31m
        [36m</div>[31m
        [36m<h1[31m
          [33mclass[31m=[32m"text-2xl font-bold text-gray-900 mb-4"[31m
        [36m>[31m
          [0mSomething went wrong[0m
        [36m</h1>[31m
        [36m<p[31m
          [33mclass[31m=[32m"text-gray-600 mb-6"[31m
        [36m>[31m
          [0mWe're sorry, but something unexpected happened. Our team has been notified and is working on a fix.[0m
        [36m</p>[31m
        [36m<div[31m
          [33mclass[31m=[32m"space-y-3"[31m
        [36m>[31m
          [36m<button[31m
            [33mclass[31m=[32m"w-full flex items-center justify-center px-4 py-2 bg-black text-white rounded-lg hover:bg-gray-800 transition-colors font-medium"[31m
          [36m>[31m
            [36m<svg[31m
              [33maria-hidden[31m=[32m"true"[31m
              [33mclass[31m=[32m"lucide lucide-refresh-cw w-4 h-4 mr-2"[31m
              [33mfill[31m=[32m"none"[31m
              [33mheight[31m=[32m"24"[31m
              [33mstroke[31m=[32m"currentColor"[31m
              [33mstroke-linecap[31m=[32m"round"[31m
              [33mstroke-linejoin[31m=[32m"round"[31m
              [33mstroke-width[31m=[32m"2"[31m
              [33mviewBox[31m=[32m"0 0 24 24"[31m
              [33mwidth[31m=[32m"24"[31m
              [33mxmlns[31m=[32m"http://www.w3.org/2000/svg"[31m
            [36m>[31m
              [36m<path[31m
                [33md[31m=[32m"M3 12a9 9 0 0 1 9-9 9.75 9.75 0 0 1 6.74 2.74L21 8"[31m
              [36m/>[31m
              [36m<path[31m
                [33md[31m=[32m"M21 3v5h-5"[31m
              [36m/>[31m
              [36m<path[31m
                [33md[31m=[32m"M21 12a9 9 0 0 1-9 9 9.75 9.75 0 0 1-6.74-2.74L3 16"[31m
              [36m/>[31m
              [36m<path[31m
                [33md[31m=[32m"M8 16H3v5"[31m
              [36m/>[31m
            [36m</svg>[31m
            [0mTry Again[0m
          [36m</button>[31m
          [36m<button[31m
            [33mclass[31m=[32m"w-full px-4 py-2 border border-gray-300 text-gray-700 rounded-lg hover:bg-gray-50 transition-colors font-medium"[31m
          [36m>[31m
            [0mGo Home[0m
          [36m</button>[31m
        [36m</div>[31m
      [36m</div>[31m
    [36m</div>[31m
  [36m</div>[31m
[36m</body>[31m[39m
 [32mΓ£ô[39m src/components/__tests__/ErrorBoundary.test.tsx[2m > [22mErrorBoundary[2m > [22mrenders custom fallback when provided[32m 4[2mms[22m[39m
 [31m├ù[39m src/components/__tests__/ErrorBoundary.test.tsx[2m > [22mErrorBoundary[2m > [22mshould have no accessibility violations in error state[33m 596[2mms[22m[39m
[31m   ΓåÆ expect(received).toHaveNoViolations(expected)

Expected the HTML found at $('h1') to have no violations:

<h1 class="text-2xl font-bold text-gray-900 mb-4">Something went wrong</h1>

Received:

"All page content should be contained by landmarks (region)"

Fix any of the following:
  Some page content is not contained by landmarks

You can find more information on this issue here: 
https://dequeuniversity.com/rules/axe/4.11/region?application=axeAPI

Expected the HTML found at $('p') to have no violations:

<p class="text-gray-600 mb-6">We're sorry, but something unexpected happened. Our team has been notified and is working on a fix.</p>

Received:

"All page content should be contained by landmarks (region)"

Fix any of the following:
  Some page content is not contained by landmarks

You can find more information on this issue here: 
https://dequeuniversity.com/rules/axe/4.11/region?application=axeAPI[39m
Not implemented: HTMLCanvasElement's getContext() method: without installing the canvas npm package
Not implemented: HTMLCanvasElement's getContext() method: without installing the canvas npm package
 [31m├ù[39m src/components/__tests__/Contact.test.tsx[2m > [22mContact[2m > [22mdisplays hours information[32m 33[2mms[22m[39m
[31m   ΓåÆ Unable to find an element with the text: Daily appointments. This could be because the text is broken up by multiple elements. In this case, you can provide a function for your text matcher to make your matcher more flexible.

Ignored nodes: comments, script, style
[36m<body>[31m
  [36m<div>[31m
    [36m<section[31m
      [33mclass[31m=[32m"py-20 bg-black text-white"[31m
      [33mid[31m=[32m"contact"[31m
    [36m>[31m
      [36m<div[31m
        [33mclass[31m=[32m"max-w-7xl mx-auto px-6 lg:px-8"[31m
      [36m>[31m
        [36m<div[31m
          [33mclass[31m=[32m"text-center mb-16"[31m
        [36m>[31m
          [36m<h2[31m
            [33mclass[31m=[32m"text-4xl md:text-5xl font-bold text-white mb-4"[31m
          [36m>[31m
            [0mVisit The Cave[0m
          [36m</h2>[31m
          [36m<p[31m
            [33mclass[31m=[32m"text-xl text-gray-300 max-w-2xl mx-auto"[31m
          [36m>[31m
            [0mReady for your transformation? Book your appointment with one of our master barbers[0m
          [36m</p>[31m
        [36m</div>[31m
        [36m<div[31m
          [33mclass[31m=[32m"grid md:grid-cols-3 gap-8 mb-12"[31m
        [36m>[31m
          [36m<div[31m
            [33mclass[31m=[32m"text-center"[31m
          [36m>[31m
            [36m<div[31m
              [33mclass[31m=[32m"w-16 h-16 bg-amber-500 rounded-full flex items-center justify-center mx-auto mb-6"[31m
            [36m>[31m
              [36m<svg[31m
                [33maria-hidden[31m=[32m"true"[31m
                [33mclass[31m=[32m"lucide lucide-map-pin h-8 w-8 text-black"[31m
                [33mfill[31m=[32m"none"[31m
                [33mheight[31m=[32m"24"[31m
                [33mstroke[31m=[32m"currentColor"[31m
                [33mstroke-linecap[31m=[32m"round"[31m
                [33mstroke-linejoin[31m=[32m"round"[31m
                [33mstroke-width[31m=[32m"2"[31m
                [33mviewBox[31m=[32m"0 0 24 24"[31m
                [33mwidth[31m=[32m"24"[31m
                [33mxmlns[31m=[32m"http://www.w3.org/2000/svg"[31m
              [36m>[31m
                [36m<path[31m
                  [33md[31m=[32m"M20 10c0 4.993-5.539 10.193-7.399 11.799a1 1 0 0 1-1.202 0C9.539 20.193 4 14.993 4 10a8 8 0 0 1 16 0"[31m
                [36m/>[31m
                [36m<circle[31m
                  [33mcx[31m=[32m"12"[31m
                  [33mcy[31m=[32m"10"[31m
                  [33mr[31m=[32m"3"[31m
                [36m/>[31m
              [36m</svg>[31m
            [36m</div>[31m
            [36m<h3[31m
              [33mclass[31m=[32m"text-xl font-bold text-white mb-2"[31m
            [36m>[31m
              [0mLocation[0m
            [36m</h3>[31m
            [36m<p[31m
              [33mclass[31m=[32m"text-gray-300 whitespace-pre-line mb-2"[31m
            [36m>[31m
              [0m1234 Real Street, Dallas, TX 75201[0m
            [36m</p>[31m
            [36m<p[31m
              [33mclass[31m=[32m"text-gray-300"[31m
            [36m>[31m
              [0mDallas, Texas
DFW Metro Area[0m
            [36m</p>[31m
          [36m</div>[31m
          [36m<div[31m
            [33mclass[31m=[32m"text-center"[31m
          [36m>[31m
            [36m<div[31m
              [33mclass[31m=[32m"w-16 h-16 bg-amber-500 rounded-full flex items-center justify-center mx-auto mb-6"[31m
            [36m>[31m
              [36m<svg[31m
                [33maria-hidden[31m=[32m"true"[31m
                [33mclass[31m=[32m"lucide lucide-phone h-8 w-8 text-black"[31m
                [33mfill[31m=[32m"none"[31m
                [33mheight[31m=[32m"24"[31m
                [33mstroke[31m=[32m"currentColor"[31m
                [33mstroke-linecap[31m=[32m"round"[31m
                [33mstroke-linejoin[31m=[32m"round"[31m
                [33mstroke-width[31m=[32m"2"[31m
                [33mviewBox[31m=[32m"0 0 24 24"[31m
                [33mwidth[31m=[32m"24"[31m
                [33mxmlns[31m=[32m"http://www.w3.org/2000/svg"[31m
              [36m>[31m
                [36m<path[31m
                  [33md[31m=[32m"M13.832 16.568a1 1 0 0 0 1.213-.303l.355-.465A2 2 0 0 1 17 15h3a2 2 0 0 1 2 2v3a2 2 0 0 1-2 2A18 18 0 0 1 2 4a2 2 0 0 1 2-2h3a2 2 0 0 1 2 2v3a2 2 0 0 1-.8 1.6l-.468.351a1 1 0 0 0-.292 1.233 14 14 0 0 0 6.392 6.384"[31m
                [36m/>[31m
              [36m</svg>[31m
            [36m</div>[31m
            [36m<h3[31m
              [33mclass[31m=[32m"text-xl font-bold text-white mb-2"[31m
            [36m>[31m
              [0mContact[0m
            [36m</h3>[31m
            [36m<p[31m
              [33mclass[31m=[32m"text-gray-300 mb-2"[31m
            [36m>[31m
              [0m(214) 555-0123[0m
            [36m</p>[31m
            [36m<a[31m
              [33mclass[31m=[32m"text-amber-400 hover:text-amber-300 font-semibold"[31m
              [33mhref[31m=[32m"https://getsquire.com/booking/book/the-barber-cave-dallas"[31m
              [33mrel[31m=[32m"noopener noreferrer"[31m
              [33mtarget[31m=[32m"_blank"[31m
            [36m>[31m
              [0mBook Online ΓåÆ[0m
            [36m</a>[31m
          [36m</div>[31m
          [36m<div[31m
            [33mclass[31m=[32m"text-center"[31m
          [36m>[31m
            [36m<div[31m
              [33mclass[31m=[32m"w-16 h-16 bg-amber-500 rounded-full flex items-center justify-center mx-auto mb-6"[31m
            [36m>[31m
              [36m<svg[31m
                [33maria-hidden[31m=[32m"true"[31m
                [33mclass[31m=[32m"lucide lucide-clock h-8 w-8 text-black"[31m
                [33mfill[31m=[32m"none"[31m
                [33mheight[31m=[32m"24"[31m
                [33mstroke[31m=[32m"currentColor"[31m
                [33mstroke-linecap[31m=[32m"round"[31m
                [33mstroke-linejoin[31m=[32m"round"[31m
                [33mstroke-width[31m=[32m"2"[31m
                [33mviewBox[31m=[32m"0 0 24 24"[31m
                [33mwidth[31m=[32m"24"[31m
                [33mxmlns[31m=[32m"http://www.w3.org/2000/svg"[31m
              [36m>[31m
                [36m<circle[31m
                  [33mcx[31m=[32m"12"[31m
                  [33mcy[31m=[32m"12"[31m
                  [33mr[31m=[32m"10"[31m
                [36m/>[31m
                [36m<path[31m
                  [33md[31m=[32m"M12 6v6l4 2"[31m
                [36m/>[31m
              [36m</svg>[31m
            [36m</div>[31m
            [36m<h3[31m
              [33mclass[31m=[32m"text-xl font-bold text-white mb-2"[31m
            [36m>[31m
              [0mFlexible Hours[0m
            [36m</h3>[31m
            [36m<p[31m
              [33mclass[31m=[32m"text-gray-300"[31m
            [36m>[31m
              [0mDaily appointments[0m
              [36m<br />[31m
              [0mEarly morning & evening available[0m
            [36m</p>[31m
          [36m</div>[31m
        [36m</div>[31m
        [36m<div[31m
          [33mclass[31m=[32m"text-center"[31m
        [36m>[31m
          [36m<a[31m
            [33mclass[31m=[32m"inline-block bg-amber-500 text-black px-12 py-4 rounded-full text-lg font-semibold hover:bg-amber-400 transition-colors"[31m
            [33mhref[31m=[32m"https://getsquire.com/booking/book/the-barber-cave-dallas"[31m
            [33mrel[31m=[32m"noopener noreferrer"[31m
            [33mtarget[31m=[32m"_blank"[31m
          [36m>[31m
            [0mBook Your Appointment Now[0m
          [36m</a>[31m
          [36m<p[31m
            [33mclass[31m=[32m"text-gray-400 mt-4"[31m
          [36m>[31m
            [0mNew clients get [0m
            [0m$10[0m
            [0m off their first service![0m
          [36m</p>[31m
        [36m</div>[31m
      [36m</div>[31m
    [36m</section>[31m
  [36m</div>[31m
[36m</body>[31m[39m
 [32mΓ£ô[39m src/components/__tests__/Contact.test.tsx[2m > [22mContact[2m > [22mrenders main booking CTA button[32m 13[2mms[22m[39m
 [32mΓ£ô[39m src/components/__tests__/Contact.test.tsx[2m > [22mContact[2m > [22mdisplays new client discount information[32m 16[2mms[22m[39m
 [32mΓ£ô[39m src/components/__tests__/Contact.test.tsx[2m > [22mContact[2m > [22mhas proper section structure and classes[32m 14[2mms[22m[39m
 [31m├ù[39m src/utils/cached-barbers.test.ts[2m > [22mgetBarbersData[2m > [22mshould return the barbers data[32m 8[2mms[22m[39m
[31m   ΓåÆ `cacheTag()` is only available with the `cacheComponents` config.[39m
 [31m├ù[39m src/utils/cached-barbers.test.ts[2m > [22mgetBarbersData[2m > [22mshould return consistent data on multiple calls[32m 1[2mms[22m[39m
[31m   ΓåÆ `cacheTag()` is only available with the `cacheComponents` config.[39m
 [32mΓ£ô[39m src/components/__tests__/Gallery.test.tsx[2m > [22mGallery[2m > [22mhas proper grid layout and responsive classes[32m 28[2mms[22m[39m
 [32mΓ£ô[39m src/components/__tests__/Gallery.test.tsx[2m > [22mGallery[2m > [22mhas proper section structure[32m 20[2mms[22m[39m
 [32mΓ£ô[39m src/components/__tests__/Contact.test.tsx[2m > [22mContact[2m > [22mshould have no accessibility violations[33m 887[2mms[22m[39m
 [32mΓ£ô[39m src/components/__tests__/Gallery.test.tsx[2m > [22mGallery[2m > [22mshould have no accessibility violations[33m 987[2mms[22m[39m
 [32mΓ£ô[39m src/__tests__/url-consistency.test.ts[2m > [22mURL Consistency[2m > [22mshould have consistent canonical URL across all components[32m 2[2mms[22m[39m
 [32mΓ£ô[39m src/__tests__/url-consistency.test.ts[2m > [22mURL Consistency[2m > [22mshould use HTTPS protocol[32m 1[2mms[22m[39m
 [32mΓ£ô[39m src/__tests__/url-consistency.test.ts[2m > [22mURL Consistency[2m > [22mshould not have trailing slash[32m 0[2mms[22m[39m
 [32mΓ£ô[39m src/__tests__/url-consistency.test.ts[2m > [22mURL Consistency[2m > [22mshould be a valid URL format[32m 2[2mms[22m[39m
 [32mΓ£ô[39m src/__tests__/basic.test.ts[2m > [22mBasic Test Setup[2m > [22mshould pass a simple test[32m 2[2mms[22m[39m
 [32mΓ£ô[39m src/__tests__/basic.test.ts[2m > [22mBasic Test Setup[2m > [22mshould handle async operations[32m 0[2mms[22m[39m
stderr | src/components/__tests__/Barbers.test.tsx > Barbers > renders barbers section with correct heading
An empty string ("") was passed to the src attribute. This may cause the browser to download the whole page again over the network. To fix this, either do not render the element at all or pass null to src instead of an empty string.
An empty string ("") was passed to the src attribute. This may cause the browser to download the whole page again over the network. To fix this, either do not render the element at all or pass null to src instead of an empty string.
Image is missing required "src" property: <ref *1> HTMLImageElement {
  '__reactFiber$bhxiy5105xv': <ref *2> FiberNode {
    tag: 5,
    key: null,
    elementType: 'img',
    type: 'img',
    stateNode: [Circular *1],
    return: FiberNode {
      tag: 11,
      key: null,
      elementType: [Object],
      type: [Object],
      stateNode: null,
      return: [FiberNode],
      child: [Circular *2],
      sibling: null,
      index: 0,
      ref: null,
      refCleanup: null,
      pendingProps: [Object],
      memoizedProps: [Object],
      updateQueue: null,
      memoizedState: [Object],
      dependencies: null,
      mode: 3,
      flags: 1048577,
      subtreeFlags: 4194820,
      deletions: null,
      lanes: 0,
      childLanes: 0,
      alternate: null,
      actualDuration: 17.33269999999993,
      actualStartTime: 3125.7656,
      selfBaseDuration: 0.6760999999996784,
      treeBaseDuration: 0.7347999999997228,
      _debugInfo: null,
      _debugOwner: [FiberNode],
      _debugStack: Error: react-stack-top-frame
          at process.env.NODE_ENV.exports.jsx (C:\dev\the-barber-cave\node_modules\react\cjs\react-jsx-runtime.development.js:333:13)
          at C:\dev\the-barber-cave\node_modules\next\dist\client\image-component.js:285:47
          at Object.react_stack_bottom_frame (C:\dev\the-barber-cave\node_modules\react-dom\cjs\react-dom-client.development.js:25904:20)
          at renderWithHooks (C:\dev\the-barber-cave\node_modules\react-dom\cjs\react-dom-client.development.js:7662:22)
          at updateForwardRef (C:\dev\the-barber-cave\node_modules\react-dom\cjs\react-dom-client.development.js:9724:19)
          at beginWork (C:\dev\the-barber-cave\node_modules\react-dom\cjs\react-dom-client.development.js:12117:18)
          at runWithFiberInDEV (C:\dev\the-barber-cave\node_modules\react-dom\cjs\react-dom-client.development.js:874:13)
          at performUnitOfWork (C:\dev\the-barber-cave\node_modules\react-dom\cjs\react-dom-client.development.js:17641:22)
          at workLoopSync (C:\dev\the-barber-cave\node_modules\react-dom\cjs\react-dom-client.development.js:17469:41)
          at renderRootSync (C:\dev\the-barber-cave\node_modules\react-dom\cjs\react-dom-client.development.js:17450:11),
      _debugTask: null,
      _debugNeedsRemount: false,
      _debugHookTypes: [Array]
    },
    child: null,
    sibling: null,
    index: 0,
    ref: [Function (anonymous)],
    refCleanup: null,
    pendingProps: {
      alt: 'Trill L.',
      fetchPriority: undefined,
      loading: undefined,
      width: undefined,
      height: undefined,
      decoding: 'async',
      'data-nimg': 'fill',
      className: 'object-cover group-hover:scale-105 transition-transform duration-300',
      style: [Object],
      sizes: undefined,
      srcSet: undefined,
      src: '',
      ref: [Function (anonymous)],
      onLoad: [Function: onLoad],
      onError: [Function: onError]
    },
    memoizedProps: {
      alt: 'Trill L.',
      fetchPriority: undefined,
      loading: undefined,
      width: undefined,
      height: undefined,
      decoding: 'async',
      'data-nimg': 'fill',
      className: 'object-cover group-hover:scale-105 transition-transform duration-300',
      style: [Object],
      sizes: undefined,
      srcSet: undefined,
      src: '',
      ref: [Function (anonymous)],
      onLoad: [Function: onLoad],
      onError: [Function: onError]
    },
    updateQueue: null,
    memoizedState: null,
    dependencies: null,
    mode: 3,
    flags: 4194820,
    subtreeFlags: 0,
    deletions: null,
    lanes: 0,
    childLanes: 0,
    alternate: null,
    actualDuration: 16.64960000000019,
    actualStartTime: 3126.4441,
    selfBaseDuration: 0.05870000000004438,
    treeBaseDuration: 0.05870000000004438,
    _debugInfo: null,
    _debugOwner: FiberNode {
      tag: 11,
      key: null,
      elementType: [Object],
      type: [Object],
      stateNode: null,
      return: [FiberNode],
      child: [Circular *2],
      sibling: null,
      index: 0,
      ref: null,
      refCleanup: null,
      pendingProps: [Object],
      memoizedProps: [Object],
      updateQueue: null,
      memoizedState: [Object],
      dependencies: null,
      mode: 3,
      flags: 1048577,
      subtreeFlags: 4194820,
      deletions: null,
      lanes: 0,
      childLanes: 0,
      alternate: null,
      actualDuration: 17.33269999999993,
      actualStartTime: 3125.7656,
      selfBaseDuration: 0.6760999999996784,
      treeBaseDuration: 0.7347999999997228,
      _debugInfo: null,
      _debugOwner: [FiberNode],
      _debugStack: Error: react-stack-top-frame
          at process.env.NODE_ENV.exports.jsx (C:\dev\the-barber-cave\node_modules\react\cjs\react-jsx-runtime.development.js:333:13)
          at C:\dev\the-barber-cave\node_modules\next\dist\client\image-component.js:285:47
          at Object.react_stack_bottom_frame (C:\dev\the-barber-cave\node_modules\react-dom\cjs\react-dom-client.development.js:25904:20)
          at renderWithHooks (C:\dev\the-barber-cave\node_modules\react-dom\cjs\react-dom-client.development.js:7662:22)
          at updateForwardRef (C:\dev\the-barber-cave\node_modules\react-dom\cjs\react-dom-client.development.js:9724:19)
          at beginWork (C:\dev\the-barber-cave\node_modules\react-dom\cjs\react-dom-client.development.js:12117:18)
          at runWithFiberInDEV (C:\dev\the-barber-cave\node_modules\react-dom\cjs\react-dom-client.development.js:874:13)
          at performUnitOfWork (C:\dev\the-barber-cave\node_modules\react-dom\cjs\react-dom-client.development.js:17641:22)
          at workLoopSync (C:\dev\the-barber-cave\node_modules\react-dom\cjs\react-dom-client.development.js:17469:41)
          at renderRootSync (C:\dev\the-barber-cave\node_modules\react-dom\cjs\react-dom-client.development.js:17450:11),
      _debugTask: null,
      _debugNeedsRemount: false,
      _debugHookTypes: [Array]
    },
    _debugStack: Error: react-stack-top-frame
        at process.env.NODE_ENV.exports.jsx (C:\dev\the-barber-cave\node_modules\react\cjs\react-jsx-runtime.development.js:333:13)
        at C:\dev\the-barber-cave\node_modules\next\dist\client\image-component.js:169:46
        at Object.react_stack_bottom_frame (C:\dev\the-barber-cave\node_modules\react-dom\cjs\react-dom-client.development.js:25904:20)
        at renderWithHooks (C:\dev\the-barber-cave\node_modules\react-dom\cjs\react-dom-client.development.js:7662:22)
        at updateForwardRef (C:\dev\the-barber-cave\node_modules\react-dom\cjs\react-dom-client.development.js:9724:19)
        at beginWork (C:\dev\the-barber-cave\node_modules\react-dom\cjs\react-dom-client.development.js:12117:18)
        at runWithFiberInDEV (C:\dev\the-barber-cave\node_modules\react-dom\cjs\react-dom-client.development.js:874:13)
        at performUnitOfWork (C:\dev\the-barber-cave\node_modules\react-dom\cjs\react-dom-client.development.js:17641:22)
        at workLoopSync (C:\dev\the-barber-cave\node_modules\react-dom\cjs\react-dom-client.development.js:17469:41)
        at renderRootSync (C:\dev\the-barber-cave\node_modules\react-dom\cjs\react-dom-client.development.js:17450:11),
    _debugTask: null,
    _debugNeedsRemount: false,
    _debugHookTypes: null
  },
  '__reactProps$bhxiy5105xv': {
    alt: 'Trill L.',
    fetchPriority: undefined,
    loading: undefined,
    width: undefined,
    height: undefined,
    decoding: 'async',
    'data-nimg': 'fill',
    className: 'object-cover group-hover:scale-105 transition-transform duration-300',
    style: {
      position: 'absolute',
      height: '100%',
      width: '100%',
      left: 0,
      top: 0,
      right: 0,
      bottom: 0,
      objectFit: undefined,
      objectPosition: undefined,
      color: 'transparent'
    },
    sizes: undefined,
    srcSet: undefined,
    src: '',
    ref: [Function (anonymous)],
    onLoad: [Function: onLoad],
    onError: [Function: onError]
  },
  '__reactEvents$bhxiy5105xv': Set(2) { 'error__bubble', 'load__bubble' },
  Symbol(SameObject caches): [Object: null prototype] {
    style: CSSStyleDeclaration {
      '0': 'position',
      '1': 'height',
      '2': 'width',
      '3': 'left',
      '4': 'top',
      '5': 'right',
      '6': 'bottom',
      '7': 'color',
      _global: [Object [global]],
      _onChange: [Function (anonymous)],
      _computed: false,
      _ownerNode: null,
      _parentRule: null,
      _readonly: false,
      _updating: false,
      _length: 8,
      _propertyIndices: [Map],
      _priorities: Map(0) {},
      _values: [Map]
    }
  }
}
Image is missing required "src" property: <ref *1> HTMLImageElement {
  '__reactFiber$bhxiy5105xv': <ref *2> FiberNode {
    tag: 5,
    key: null,
    elementType: 'img',
    type: 'img',
    stateNode: [Circular *1],
    return: FiberNode {
      tag: 11,
      key: null,
      elementType: [Object],
      type: [Object],
      stateNode: null,
      return: [FiberNode],
      child: [Circular *2],
      sibling: null,
      index: 0,
      ref: null,
      refCleanup: null,
      pendingProps: [Object],
      memoizedProps: [Object],
      updateQueue: null,
      memoizedState: [Object],
      dependencies: null,
      mode: 3,
      flags: 1048577,
      subtreeFlags: 4194820,
      deletions: null,
      lanes: 0,
      childLanes: 0,
      alternate: null,
      actualDuration: 1.9454000000000633,
      actualStartTime: 3146.3965,
      selfBaseDuration: 0.088799999999992,
      treeBaseDuration: 0.09840000000031068,
      _debugInfo: null,
      _debugOwner: [FiberNode],
      _debugStack: Error: react-stack-top-frame
          at process.env.NODE_ENV.exports.jsx (C:\dev\the-barber-cave\node_modules\react\cjs\react-jsx-runtime.development.js:333:13)
          at C:\dev\the-barber-cave\node_modules\next\dist\client\image-component.js:285:47
          at Object.react_stack_bottom_frame (C:\dev\the-barber-cave\node_modules\react-dom\cjs\react-dom-client.development.js:25904:20)
          at renderWithHooks (C:\dev\the-barber-cave\node_modules\react-dom\cjs\react-dom-client.development.js:7662:22)
          at updateForwardRef (C:\dev\the-barber-cave\node_modules\react-dom\cjs\react-dom-client.development.js:9724:19)
          at beginWork (C:\dev\the-barber-cave\node_modules\react-dom\cjs\react-dom-client.development.js:12117:18)
          at runWithFiberInDEV (C:\dev\the-barber-cave\node_modules\react-dom\cjs\react-dom-client.development.js:874:13)
          at performUnitOfWork (C:\dev\the-barber-cave\node_modules\react-dom\cjs\react-dom-client.development.js:17641:22)
          at workLoopSync (C:\dev\the-barber-cave\node_modules\react-dom\cjs\react-dom-client.development.js:17469:41)
          at renderRootSync (C:\dev\the-barber-cave\node_modules\react-dom\cjs\react-dom-client.development.js:17450:11),
      _debugTask: null,
      _debugNeedsRemount: false,
      _debugHookTypes: [Array]
    },
    child: null,
    sibling: null,
    index: 0,
    ref: [Function (anonymous)],
    refCleanup: null,
    pendingProps: {
      alt: 'Charlo F.',
      fetchPriority: undefined,
      loading: undefined,
      width: undefined,
      height: undefined,
      decoding: 'async',
      'data-nimg': 'fill',
      className: 'object-cover group-hover:scale-105 transition-transform duration-300',
      style: [Object],
      sizes: undefined,
      srcSet: undefined,
      src: '',
      ref: [Function (anonymous)],
      onLoad: [Function: onLoad],
      onError: [Function: onError]
    },
    memoizedProps: {
      alt: 'Charlo F.',
      fetchPriority: undefined,
      loading: undefined,
      width: undefined,
      height: undefined,
      decoding: 'async',
      'data-nimg': 'fill',
      className: 'object-cover group-hover:scale-105 transition-transform duration-300',
      style: [Object],
      sizes: undefined,
      srcSet: undefined,
      src: '',
      ref: [Function (anonymous)],
      onLoad: [Function: onLoad],
      onError: [Function: onError]
    },
    updateQueue: null,
    memoizedState: null,
    dependencies: null,
    mode: 3,
    flags: 4194820,
    subtreeFlags: 0,
    deletions: null,
    lanes: 0,
    childLanes: 0,
    alternate: null,
    actualDuration: 1.852600000000166,
    actualStartTime: 3146.4871,
    selfBaseDuration: 0.009600000000318687,
    treeBaseDuration: 0.009600000000318687,
    _debugInfo: null,
    _debugOwner: FiberNode {
      tag: 11,
      key: null,
      elementType: [Object],
      type: [Object],
      stateNode: null,
      return: [FiberNode],
      child: [Circular *2],
      sibling: null,
      index: 0,
      ref: null,
      refCleanup: null,
      pendingProps: [Object],
      memoizedProps: [Object],
      updateQueue: null,
      memoizedState: [Object],
      dependencies: null,
      mode: 3,
      flags: 1048577,
      subtreeFlags: 4194820,
      deletions: null,
      lanes: 0,
      childLanes: 0,
      alternate: null,
      actualDuration: 1.9454000000000633,
      actualStartTime: 3146.3965,
      selfBaseDuration: 0.088799999999992,
      treeBaseDuration: 0.09840000000031068,
      _debugInfo: null,
      _debugOwner: [FiberNode],
      _debugStack: Error: react-stack-top-frame
          at process.env.NODE_ENV.exports.jsx (C:\dev\the-barber-cave\node_modules\react\cjs\react-jsx-runtime.development.js:333:13)
          at C:\dev\the-barber-cave\node_modules\next\dist\client\image-component.js:285:47
          at Object.react_stack_bottom_frame (C:\dev\the-barber-cave\node_modules\react-dom\cjs\react-dom-client.development.js:25904:20)
          at renderWithHooks (C:\dev\the-barber-cave\node_modules\react-dom\cjs\react-dom-client.development.js:7662:22)
          at updateForwardRef (C:\dev\the-barber-cave\node_modules\react-dom\cjs\react-dom-client.development.js:9724:19)
          at beginWork (C:\dev\the-barber-cave\node_modules\react-dom\cjs\react-dom-client.development.js:12117:18)
          at runWithFiberInDEV (C:\dev\the-barber-cave\node_modules\react-dom\cjs\react-dom-client.development.js:874:13)
          at performUnitOfWork (C:\dev\the-barber-cave\node_modules\react-dom\cjs\react-dom-client.development.js:17641:22)
          at workLoopSync (C:\dev\the-barber-cave\node_modules\react-dom\cjs\react-dom-client.development.js:17469:41)
          at renderRootSync (C:\dev\the-barber-cave\node_modules\react-dom\cjs\react-dom-client.development.js:17450:11),
      _debugTask: null,
      _debugNeedsRemount: false,
      _debugHookTypes: [Array]
    },
    _debugStack: Error: react-stack-top-frame
        at process.env.NODE_ENV.exports.jsx (C:\dev\the-barber-cave\node_modules\react\cjs\react-jsx-runtime.development.js:333:13)
        at C:\dev\the-barber-cave\node_modules\next\dist\client\image-component.js:169:46
        at Object.react_stack_bottom_frame (C:\dev\the-barber-cave\node_modules\react-dom\cjs\react-dom-client.development.js:25904:20)
        at renderWithHooks (C:\dev\the-barber-cave\node_modules\react-dom\cjs\react-dom-client.development.js:7662:22)
        at updateForwardRef (C:\dev\the-barber-cave\node_modules\react-dom\cjs\react-dom-client.development.js:9724:19)
        at beginWork (C:\dev\the-barber-cave\node_modules\react-dom\cjs\react-dom-client.development.js:12117:18)
        at runWithFiberInDEV (C:\dev\the-barber-cave\node_modules\react-dom\cjs\react-dom-client.development.js:874:13)
        at performUnitOfWork (C:\dev\the-barber-cave\node_modules\react-dom\cjs\react-dom-client.development.js:17641:22)
        at workLoopSync (C:\dev\the-barber-cave\node_modules\react-dom\cjs\react-dom-client.development.js:17469:41)
        at renderRootSync (C:\dev\the-barber-cave\node_modules\react-dom\cjs\react-dom-client.development.js:17450:11),
    _debugTask: null,
    _debugNeedsRemount: false,
    _debugHookTypes: null
  },
  '__reactProps$bhxiy5105xv': {
    alt: 'Charlo F.',
    fetchPriority: undefined,
    loading: undefined,
    width: undefined,
    height: undefined,
    decoding: 'async',
    'data-nimg': 'fill',
    className: 'object-cover group-hover:scale-105 transition-transform duration-300',
    style: {
      position: 'absolute',
      height: '100%',
      width: '100%',
      left: 0,
      top: 0,
      right: 0,
      bottom: 0,
      objectFit: undefined,
      objectPosition: undefined,
      color: 'transparent'
    },
    sizes: undefined,
    srcSet: undefined,
    src: '',
    ref: [Function (anonymous)],
    onLoad: [Function: onLoad],
    onError: [Function: onError]
  },
  '__reactEvents$bhxiy5105xv': Set(2) { 'error__bubble', 'load__bubble' },
  Symbol(SameObject caches): [Object: null prototype] {
    style: CSSStyleDeclaration {
      '0': 'position',
      '1': 'height',
      '2': 'width',
      '3': 'left',
      '4': 'top',
      '5': 'right',
      '6': 'bottom',
      '7': 'color',
      _global: [Object [global]],
      _onChange: [Function (anonymous)],
      _computed: false,
      _ownerNode: null,
      _parentRule: null,
      _readonly: false,
      _updating: false,
      _length: 8,
      _propertyIndices: [Map],
      _priorities: Map(0) {},
      _values: [Map]
    }
  }
}

 [32mΓ£ô[39m src/components/__tests__/P3Color.test.tsx[2m > [22mP3Color Component[2m > [22mrenders children with provided className[32m 40[2mms[22m[39m
 [32mΓ£ô[39m src/components/__tests__/P3Color.test.tsx[2m > [22mP3Color Component[2m > [22mapplies custom styles[32m 27[2mms[22m[39m
 [32mΓ£ô[39m src/components/__tests__/P3Color.test.tsx[2m > [22mP3Gradient Component[2m > [22mrenders with default gradient colors[32m 6[2mms[22m[39m
 [32mΓ£ô[39m src/components/__tests__/SEO.test.tsx[2m > [22mSEO Components[2m > [22mStructuredData[2m > [22mrenders Organization structured data[32m 83[2mms[22m[39m
 [32mΓ£ô[39m src/components/__tests__/SEO.test.tsx[2m > [22mSEO Components[2m > [22mStructuredData[2m > [22mrenders LocalBusiness structured data[32m 10[2mms[22m[39m
 [32mΓ£ô[39m src/components/__tests__/P3Color.test.tsx[2m > [22mP3Gradient Component[2m > [22mrenders with custom gradient colors[32m 94[2mms[22m[39m
 [32mΓ£ô[39m src/components/__tests__/P3Color.test.tsx[2m > [22museP3Support Hook[2m > [22mreturns true when P3 is supported[32m 10[2mms[22m[39m
 [32mΓ£ô[39m src/components/__tests__/P3Color.test.tsx[2m > [22museP3Support Hook[2m > [22mreturns false when CSS.supports returns false[32m 6[2mms[22m[39m
 [32mΓ£ô[39m src/components/__tests__/P3Color.test.tsx[2m > [22museP3Support Hook[2m > [22mreturns false when matchMedia returns false[32m 3[2mms[22m[39m
stderr | src/components/__tests__/Barbers.test.tsx > Barbers > renders barbers section with correct heading
Image with src "" has "fill" and parent element with invalid "position". Provided "" should be one of absolute,fixed,relative.
Image with src "" has "fill" and a height value of 0. This is likely because the parent element of the image has not been styled to have a set height.

 [32mΓ£ô[39m src/components/__tests__/Services.test.tsx[2m > [22mServices[2m > [22mrenders services section with correct heading[32m 228[2mms[22m[39m
 [32mΓ£ô[39m src/components/__tests__/P3Color.test.tsx[2m > [22mP3 Color Integration[2m > [22mCSS custom properties are defined correctly[32m 183[2mms[22m[39m
stderr | src/components/__tests__/Barbers.test.tsx > Barbers > renders barber cards with correct information
An empty string ("") was passed to the src attribute. This may cause the browser to download the whole page again over the network. To fix this, either do not render the element at all or pass null to src instead of an empty string.
An empty string ("") was passed to the src attribute. This may cause the browser to download the whole page again over the network. To fix this, either do not render the element at all or pass null to src instead of an empty string.
Image is missing required "src" property: <ref *1> HTMLImageElement {
  '__reactFiber$bhxiy5105xv': <ref *2> FiberNode {
    tag: 5,
    key: null,
    elementType: 'img',
    type: 'img',
    stateNode: [Circular *1],
    return: FiberNode {
      tag: 11,
      key: null,
      elementType: [Object],
      type: [Object],
      stateNode: null,
      return: [FiberNode],
      child: [Circular *2],
      sibling: null,
      index: 0,
      ref: null,
      refCleanup: null,
      pendingProps: [Object],
      memoizedProps: [Object],
      updateQueue: null,
      memoizedState: [Object],
      dependencies: null,
      mode: 3,
      flags: 1048577,
      subtreeFlags: 4194820,
      deletions: null,
      lanes: 0,
      childLanes: 0,
      alternate: null,
      actualDuration: 1.5018000000004577,
      actualStartTime: 3584.1434,
      selfBaseDuration: 0.08570000000008804,
      treeBaseDuration: 0.0965000000001055,
      _debugInfo: null,
      _debugOwner: [FiberNode],
      _debugStack: Error: react-stack-top-frame
          at process.env.NODE_ENV.exports.jsx (C:\dev\the-barber-cave\node_modules\react\cjs\react-jsx-runtime.development.js:333:13)
          at C:\dev\the-barber-cave\node_modules\next\dist\client\image-component.js:285:47
          at Object.react_stack_bottom_frame (C:\dev\the-barber-cave\node_modules\react-dom\cjs\react-dom-client.development.js:25904:20)
          at renderWithHooks (C:\dev\the-barber-cave\node_modules\react-dom\cjs\react-dom-client.development.js:7662:22)
          at updateForwardRef (C:\dev\the-barber-cave\node_modules\react-dom\cjs\react-dom-client.development.js:9724:19)
          at beginWork (C:\dev\the-barber-cave\node_modules\react-dom\cjs\react-dom-client.development.js:12117:18)
          at runWithFiberInDEV (C:\dev\the-barber-cave\node_modules\react-dom\cjs\react-dom-client.development.js:874:13)
          at performUnitOfWork (C:\dev\the-barber-cave\node_modules\react-dom\cjs\react-dom-client.development.js:17641:22)
          at workLoopSync (C:\dev\the-barber-cave\node_modules\react-dom\cjs\react-dom-client.development.js:17469:41)
          at renderRootSync (C:\dev\the-barber-cave\node_modules\react-dom\cjs\react-dom-client.development.js:17450:11),
      _debugTask: null,
      _debugNeedsRemount: false,
      _debugHookTypes: [Array]
    },
    child: null,
    sibling: null,
    index: 0,
    ref: [Function (anonymous)],
    refCleanup: null,
    pendingProps: {
      alt: 'Trill L.',
      fetchPriority: undefined,
      loading: undefined,
      width: undefined,
      height: undefined,
      decoding: 'async',
      'data-nimg': 'fill',
      className: 'object-cover group-hover:scale-105 transition-transform duration-300',
      style: [Object],
      sizes: undefined,
      srcSet: undefined,
      src: '',
      ref: [Function (anonymous)],
      onLoad: [Function: onLoad],
      onError: [Function: onError]
    },
    memoizedProps: {
      alt: 'Trill L.',
      fetchPriority: undefined,
      loading: undefined,
      width: undefined,
      height: undefined,
      decoding: 'async',
      'data-nimg': 'fill',
      className: 'object-cover group-hover:scale-105 transition-transform duration-300',
      style: [Object],
      sizes: undefined,
      srcSet: undefined,
      src: '',
      ref: [Function (anonymous)],
      onLoad: [Function: onLoad],
      onError: [Function: onError]
    },
    updateQueue: null,
    memoizedState: null,
    dependencies: null,
    mode: 3,
    flags: 4194820,
    subtreeFlags: 0,
    deletions: null,
    lanes: 0,
    childLanes: 0,
    alternate: null,
    actualDuration: 1.408600000000206,
    actualStartTime: 3584.2305,
    selfBaseDuration: 0.010800000000017462,
    treeBaseDuration: 0.010800000000017462,
    _debugInfo: null,
    _debugOwner: FiberNode {
      tag: 11,
      key: null,
      elementType: [Object],
      type: [Object],
      stateNode: null,
      return: [FiberNode],
      child: [Circular *2],
      sibling: null,
      index: 0,
      ref: null,
      refCleanup: null,
      pendingProps: [Object],
      memoizedProps: [Object],
      updateQueue: null,
      memoizedState: [Object],
      dependencies: null,
      mode: 3,
      flags: 1048577,
      subtreeFlags: 4194820,
      deletions: null,
      lanes: 0,
      childLanes: 0,
      alternate: null,
      actualDuration: 1.5018000000004577,
      actualStartTime: 3584.1434,
      selfBaseDuration: 0.08570000000008804,
      treeBaseDuration: 0.0965000000001055,
      _debugInfo: null,
      _debugOwner: [FiberNode],
      _debugStack: Error: react-stack-top-frame
          at process.env.NODE_ENV.exports.jsx (C:\dev\the-barber-cave\node_modules\react\cjs\react-jsx-runtime.development.js:333:13)
          at C:\dev\the-barber-cave\node_modules\next\dist\client\image-component.js:285:47
          at Object.react_stack_bottom_frame (C:\dev\the-barber-cave\node_modules\react-dom\cjs\react-dom-client.development.js:25904:20)
          at renderWithHooks (C:\dev\the-barber-cave\node_modules\react-dom\cjs\react-dom-client.development.js:7662:22)
          at updateForwardRef (C:\dev\the-barber-cave\node_modules\react-dom\cjs\react-dom-client.development.js:9724:19)
          at beginWork (C:\dev\the-barber-cave\node_modules\react-dom\cjs\react-dom-client.development.js:12117:18)
          at runWithFiberInDEV (C:\dev\the-barber-cave\node_modules\react-dom\cjs\react-dom-client.development.js:874:13)
          at performUnitOfWork (C:\dev\the-barber-cave\node_modules\react-dom\cjs\react-dom-client.development.js:17641:22)
          at workLoopSync (C:\dev\the-barber-cave\node_modules\react-dom\cjs\react-dom-client.development.js:17469:41)
          at renderRootSync (C:\dev\the-barber-cave\node_modules\react-dom\cjs\react-dom-client.development.js:17450:11),
      _debugTask: null,
      _debugNeedsRemount: false,
      _debugHookTypes: [Array]
    },
    _debugStack: Error: react-stack-top-frame
        at process.env.NODE_ENV.exports.jsx (C:\dev\the-barber-cave\node_modules\react\cjs\react-jsx-runtime.development.js:333:13)
        at C:\dev\the-barber-cave\node_modules\next\dist\client\image-component.js:169:46
        at Object.react_stack_bottom_frame (C:\dev\the-barber-cave\node_modules\react-dom\cjs\react-dom-client.development.js:25904:20)
        at renderWithHooks (C:\dev\the-barber-cave\node_modules\react-dom\cjs\react-dom-client.development.js:7662:22)
        at updateForwardRef (C:\dev\the-barber-cave\node_modules\react-dom\cjs\react-dom-client.development.js:9724:19)
        at beginWork (C:\dev\the-barber-cave\node_modules\react-dom\cjs\react-dom-client.development.js:12117:18)
        at runWithFiberInDEV (C:\dev\the-barber-cave\node_modules\react-dom\cjs\react-dom-client.development.js:874:13)
        at performUnitOfWork (C:\dev\the-barber-cave\node_modules\react-dom\cjs\react-dom-client.development.js:17641:22)
        at workLoopSync (C:\dev\the-barber-cave\node_modules\react-dom\cjs\react-dom-client.development.js:17469:41)
        at renderRootSync (C:\dev\the-barber-cave\node_modules\react-dom\cjs\react-dom-client.development.js:17450:11),
    _debugTask: null,
    _debugNeedsRemount: false,
    _debugHookTypes: null
  },
  '__reactProps$bhxiy5105xv': {
    alt: 'Trill L.',
    fetchPriority: undefined,
    loading: undefined,
    width: undefined,
    height: undefined,
    decoding: 'async',
    'data-nimg': 'fill',
    className: 'object-cover group-hover:scale-105 transition-transform duration-300',
    style: {
      position: 'absolute',
      height: '100%',
      width: '100%',
      left: 0,
      top: 0,
      right: 0,
      bottom: 0,
      objectFit: undefined,
      objectPosition: undefined,
      color: 'transparent'
    },
    sizes: undefined,
    srcSet: undefined,
    src: '',
    ref: [Function (anonymous)],
    onLoad: [Function: onLoad],
    onError: [Function: onError]
  },
  '__reactEvents$bhxiy5105xv': Set(2) { 'error__bubble', 'load__bubble' },
  Symbol(SameObject caches): [Object: null prototype] {
    style: CSSStyleDeclaration {
      '0': 'position',
      '1': 'height',
      '2': 'width',
      '3': 'left',
      '4': 'top',
      '5': 'right',
      '6': 'bottom',
      '7': 'color',
      _global: [Object [global]],
      _onChange: [Function (anonymous)],
      _computed: false,
      _ownerNode: null,
      _parentRule: null,
      _readonly: false,
      _updating: false,
      _length: 8,
      _propertyIndices: [Map],
      _priorities: Map(0) {},
      _values: [Map]
    }
  }
}
Image is missing required "src" property: <ref *1> HTMLImageElement {
  '__reactFiber$bhxiy5105xv': <ref *2> FiberNode {
    tag: 5,
    key: null,
    elementType: 'img',
    type: 'img',
    stateNode: [Circular *1],
    return: FiberNode {
      tag: 11,
      key: null,
      elementType: [Object],
      type: [Object],
      stateNode: null,
      return: [FiberNode],
      child: [Circular *2],
      sibling: null,
      index: 0,
      ref: null,
      refCleanup: null,
      pendingProps: [Object],
      memoizedProps: [Object],
      updateQueue: null,
      memoizedState: [Object],
      dependencies: null,
      mode: 3,
      flags: 1048577,
      subtreeFlags: 4194820,
      deletions: null,
      lanes: 0,
      childLanes: 0,
      alternate: null,
      actualDuration: 1.0538000000005923,
      actualStartTime: 3588.0101,
      selfBaseDuration: 0.06750000000010914,
      treeBaseDuration: 0.07570000000032451,
      _debugInfo: null,
      _debugOwner: [FiberNode],
      _debugStack: Error: react-stack-top-frame
          at process.env.NODE_ENV.exports.jsx (C:\dev\the-barber-cave\node_modules\react\cjs\react-jsx-runtime.development.js:333:13)
          at C:\dev\the-barber-cave\node_modules\next\dist\client\image-component.js:285:47
          at Object.react_stack_bottom_frame (C:\dev\the-barber-cave\node_modules\react-dom\cjs\react-dom-client.development.js:25904:20)
          at renderWithHooks (C:\dev\the-barber-cave\node_modules\react-dom\cjs\react-dom-client.development.js:7662:22)
          at updateForwardRef (C:\dev\the-barber-cave\node_modules\react-dom\cjs\react-dom-client.development.js:9724:19)
          at beginWork (C:\dev\the-barber-cave\node_modules\react-dom\cjs\react-dom-client.development.js:12117:18)
          at runWithFiberInDEV (C:\dev\the-barber-cave\node_modules\react-dom\cjs\react-dom-client.development.js:874:13)
          at performUnitOfWork (C:\dev\the-barber-cave\node_modules\react-dom\cjs\react-dom-client.development.js:17641:22)
          at workLoopSync (C:\dev\the-barber-cave\node_modules\react-dom\cjs\react-dom-client.development.js:17469:41)
          at renderRootSync (C:\dev\the-barber-cave\node_modules\react-dom\cjs\react-dom-client.development.js:17450:11),
      _debugTask: null,
      _debugNeedsRemount: false,
      _debugHookTypes: [Array]
    },
    child: null,
    sibling: null,
    index: 0,
    ref: [Function (anonymous)],
    refCleanup: null,
    pendingProps: {
      alt: 'Charlo F.',
      fetchPriority: undefined,
      loading: undefined,
      width: undefined,
      height: undefined,
      decoding: 'async',
      'data-nimg': 'fill',
      className: 'object-cover group-hover:scale-105 transition-transform duration-300',
      style: [Object],
      sizes: undefined,
      srcSet: undefined,
      src: '',
      ref: [Function (anonymous)],
      onLoad: [Function: onLoad],
      onError: [Function: onError]
    },
    memoizedProps: {
      alt: 'Charlo F.',
      fetchPriority: undefined,
      loading: undefined,
      width: undefined,
      height: undefined,
      decoding: 'async',
      'data-nimg': 'fill',
      className: 'object-cover group-hover:scale-105 transition-transform duration-300',
      style: [Object],
      sizes: undefined,
      srcSet: undefined,
      src: '',
      ref: [Function (anonymous)],
      onLoad: [Function: onLoad],
      onError: [Function: onError]
    },
    updateQueue: null,
    memoizedState: null,
    dependencies: null,
    mode: 3,
    flags: 4194820,
    subtreeFlags: 0,
    deletions: null,
    lanes: 0,
    childLanes: 0,
    alternate: null,
    actualDuration: 0.9825000000005275,
    actualStartTime: 3588.0788,
    selfBaseDuration: 0.008200000000215368,
    treeBaseDuration: 0.008200000000215368,
    _debugInfo: null,
    _debugOwner: FiberNode {
      tag: 11,
      key: null,
      elementType: [Object],
      type: [Object],
      stateNode: null,
      return: [FiberNode],
      child: [Circular *2],
      sibling: null,
      index: 0,
      ref: null,
      refCleanup: null,
      pendingProps: [Object],
      memoizedProps: [Object],
      updateQueue: null,
      memoizedState: [Object],
      dependencies: null,
      mode: 3,
      flags: 1048577,
      subtreeFlags: 4194820,
      deletions: null,
      lanes: 0,
      childLanes: 0,
      alternate: null,
      actualDuration: 1.0538000000005923,
      actualStartTime: 3588.0101,
      selfBaseDuration: 0.06750000000010914,
      treeBaseDuration: 0.07570000000032451,
      _debugInfo: null,
      _debugOwner: [FiberNode],
      _debugStack: Error: react-stack-top-frame
          at process.env.NODE_ENV.exports.jsx (C:\dev\the-barber-cave\node_modules\react\cjs\react-jsx-runtime.development.js:333:13)
          at C:\dev\the-barber-cave\node_modules\next\dist\client\image-component.js:285:47
          at Object.react_stack_bottom_frame (C:\dev\the-barber-cave\node_modules\react-dom\cjs\react-dom-client.development.js:25904:20)
          at renderWithHooks (C:\dev\the-barber-cave\node_modules\react-dom\cjs\react-dom-client.development.js:7662:22)
          at updateForwardRef (C:\dev\the-barber-cave\node_modules\react-dom\cjs\react-dom-client.development.js:9724:19)
          at beginWork (C:\dev\the-barber-cave\node_modules\react-dom\cjs\react-dom-client.development.js:12117:18)
          at runWithFiberInDEV (C:\dev\the-barber-cave\node_modules\react-dom\cjs\react-dom-client.development.js:874:13)
          at performUnitOfWork (C:\dev\the-barber-cave\node_modules\react-dom\cjs\react-dom-client.development.js:17641:22)
          at workLoopSync (C:\dev\the-barber-cave\node_modules\react-dom\cjs\react-dom-client.development.js:17469:41)
          at renderRootSync (C:\dev\the-barber-cave\node_modules\react-dom\cjs\react-dom-client.development.js:17450:11),
      _debugTask: null,
      _debugNeedsRemount: false,
      _debugHookTypes: [Array]
    },
    _debugStack: Error: react-stack-top-frame
        at process.env.NODE_ENV.exports.jsx (C:\dev\the-barber-cave\node_modules\react\cjs\react-jsx-runtime.development.js:333:13)
        at C:\dev\the-barber-cave\node_modules\next\dist\client\image-component.js:169:46
        at Object.react_stack_bottom_frame (C:\dev\the-barber-cave\node_modules\react-dom\cjs\react-dom-client.development.js:25904:20)
        at renderWithHooks (C:\dev\the-barber-cave\node_modules\react-dom\cjs\react-dom-client.development.js:7662:22)
        at updateForwardRef (C:\dev\the-barber-cave\node_modules\react-dom\cjs\react-dom-client.development.js:9724:19)
        at beginWork (C:\dev\the-barber-cave\node_modules\react-dom\cjs\react-dom-client.development.js:12117:18)
        at runWithFiberInDEV (C:\dev\the-barber-cave\node_modules\react-dom\cjs\react-dom-client.development.js:874:13)
        at performUnitOfWork (C:\dev\the-barber-cave\node_modules\react-dom\cjs\react-dom-client.development.js:17641:22)
        at workLoopSync (C:\dev\the-barber-cave\node_modules\react-dom\cjs\react-dom-client.development.js:17469:41)
        at renderRootSync (C:\dev\the-barber-cave\node_modules\react-dom\cjs\react-dom-client.development.js:17450:11),
    _debugTask: null,
    _debugNeedsRemount: false,
    _debugHookTypes: null
  },
  '__reactProps$bhxiy5105xv': {
    alt: 'Charlo F.',
    fetchPriority: undefined,
    loading: undefined,
    width: undefined,
    height: undefined,
    decoding: 'async',
    'data-nimg': 'fill',
    className: 'object-cover group-hover:scale-105 transition-transform duration-300',
    style: {
      position: 'absolute',
      height: '100%',
      width: '100%',
      left: 0,
      top: 0,
      right: 0,
      bottom: 0,
      objectFit: undefined,
      objectPosition: undefined,
      color: 'transparent'
    },
    sizes: undefined,
    srcSet: undefined,
    src: '',
    ref: [Function (anonymous)],
    onLoad: [Function: onLoad],
    onError: [Function: onError]
  },
  '__reactEvents$bhxiy5105xv': Set(2) { 'error__bubble', 'load__bubble' },
  Symbol(SameObject caches): [Object: null prototype] {
    style: CSSStyleDeclaration {
      '0': 'position',
      '1': 'height',
      '2': 'width',
      '3': 'left',
      '4': 'top',
      '5': 'right',
      '6': 'bottom',
      '7': 'color',
      _global: [Object [global]],
      _onChange: [Function (anonymous)],
      _computed: false,
      _ownerNode: null,
      _parentRule: null,
      _readonly: false,
      _updating: false,
      _length: 8,
      _propertyIndices: [Map],
      _priorities: Map(0) {},
      _values: [Map]
    }
  }
}

 [32mΓ£ô[39m src/components/__tests__/SEO.test.tsx[2m > [22mSEO Components[2m > [22mStructuredData[2m > [22mrenders Service structured data with custom data[32m 6[2mms[22m[39m
 [32mΓ£ô[39m src/components/__tests__/SEO.test.tsx[2m > [22mSEO Components[2m > [22mStructuredData[2m > [22mrenders BreadcrumbList structured data[32m 5[2mms[22m[39m
 [32mΓ£ô[39m src/components/__tests__/SEO.test.tsx[2m > [22mSEO Components[2m > [22mStructuredData[2m > [22mdoes not render for invalid type[32m 6[2mms[22m[39m
 [32mΓ£ô[39m src/components/__tests__/Barbers.test.tsx[2m > [22mBarbers[2m > [22mrenders barbers section with correct heading[33m 483[2mms[22m[39m
stderr | src/components/__tests__/Barbers.test.tsx > Barbers > renders meet all barbers link
An empty string ("") was passed to the src attribute. This may cause the browser to download the whole page again over the network. To fix this, either do not render the element at all or pass null to src instead of an empty string.
An empty string ("") was passed to the src attribute. This may cause the browser to download the whole page again over the network. To fix this, either do not render the element at all or pass null to src instead of an empty string.
Image is missing required "src" property: <ref *1> HTMLImageElement {
  '__reactFiber$bhxiy5105xv': <ref *2> FiberNode {
    tag: 5,
    key: null,
    elementType: 'img',
    type: 'img',
    stateNode: [Circular *1],
    return: FiberNode {
      tag: 11,
      key: null,
      elementType: [Object],
      type: [Object],
      stateNode: null,
      return: [FiberNode],
      child: [Circular *2],
      sibling: null,
      index: 0,
      ref: null,
      refCleanup: null,
      pendingProps: [Object],
      memoizedProps: [Object],
      updateQueue: null,
      memoizedState: [Object],
      dependencies: null,
      mode: 3,
      flags: 1048577,
      subtreeFlags: 4194820,
      deletions: null,
      lanes: 0,
      childLanes: 0,
      alternate: null,
      actualDuration: 1.0434999999997672,
      actualStartTime: 3728.806,
      selfBaseDuration: 0.07799999999997453,
      treeBaseDuration: 0.08669999999983702,
      _debugInfo: null,
      _debugOwner: [FiberNode],
      _debugStack: Error: react-stack-top-frame
          at process.env.NODE_ENV.exports.jsx (C:\dev\the-barber-cave\node_modules\react\cjs\react-jsx-runtime.development.js:333:13)
          at C:\dev\the-barber-cave\node_modules\next\dist\client\image-component.js:285:47
          at Object.react_stack_bottom_frame (C:\dev\the-barber-cave\node_modules\react-dom\cjs\react-dom-client.development.js:25904:20)
          at renderWithHooks (C:\dev\the-barber-cave\node_modules\react-dom\cjs\react-dom-client.development.js:7662:22)
          at updateForwardRef (C:\dev\the-barber-cave\node_modules\react-dom\cjs\react-dom-client.development.js:9724:19)
          at beginWork (C:\dev\the-barber-cave\node_modules\react-dom\cjs\react-dom-client.development.js:12117:18)
          at runWithFiberInDEV (C:\dev\the-barber-cave\node_modules\react-dom\cjs\react-dom-client.development.js:874:13)
          at performUnitOfWork (C:\dev\the-barber-cave\node_modules\react-dom\cjs\react-dom-client.development.js:17641:22)
          at workLoopSync (C:\dev\the-barber-cave\node_modules\react-dom\cjs\react-dom-client.development.js:17469:41)
          at renderRootSync (C:\dev\the-barber-cave\node_modules\react-dom\cjs\react-dom-client.development.js:17450:11),
      _debugTask: null,
      _debugNeedsRemount: false,
      _debugHookTypes: [Array]
    },
    child: null,
    sibling: null,
    index: 0,
    ref: [Function (anonymous)],
    refCleanup: null,
    pendingProps: {
      alt: 'Trill L.',
      fetchPriority: undefined,
      loading: undefined,
      width: undefined,
      height: undefined,
      decoding: 'async',
      'data-nimg': 'fill',
      className: 'object-cover group-hover:scale-105 transition-transform duration-300',
      style: [Object],
      sizes: undefined,
      srcSet: undefined,
      src: '',
      ref: [Function (anonymous)],
      onLoad: [Function: onLoad],
      onError: [Function: onError]
    },
    memoizedProps: {
      alt: 'Trill L.',
      fetchPriority: undefined,
      loading: undefined,
      width: undefined,
      height: undefined,
      decoding: 'async',
      'data-nimg': 'fill',
      className: 'object-cover group-hover:scale-105 transition-transform duration-300',
      style: [Object],
      sizes: undefined,
      srcSet: undefined,
      src: '',
      ref: [Function (anonymous)],
      onLoad: [Function: onLoad],
      onError: [Function: onError]
    },
    updateQueue: null,
    memoizedState: null,
    dependencies: null,
    mode: 3,
    flags: 4194820,
    subtreeFlags: 0,
    deletions: null,
    lanes: 0,
    childLanes: 0,
    alternate: null,
    actualDuration: 0.9615999999996347,
    actualStartTime: 3728.885,
    selfBaseDuration: 0.008699999999862484,
    treeBaseDuration: 0.008699999999862484,
    _debugInfo: null,
    _debugOwner: FiberNode {
      tag: 11,
      key: null,
      elementType: [Object],
      type: [Object],
      stateNode: null,
      return: [FiberNode],
      child: [Circular *2],
      sibling: null,
      index: 0,
      ref: null,
      refCleanup: null,
      pendingProps: [Object],
      memoizedProps: [Object],
      updateQueue: null,
      memoizedState: [Object],
      dependencies: null,
      mode: 3,
      flags: 1048577,
      subtreeFlags: 4194820,
      deletions: null,
      lanes: 0,
      childLanes: 0,
      alternate: null,
      actualDuration: 1.0434999999997672,
      actualStartTime: 3728.806,
      selfBaseDuration: 0.07799999999997453,
      treeBaseDuration: 0.08669999999983702,
      _debugInfo: null,
      _debugOwner: [FiberNode],
      _debugStack: Error: react-stack-top-frame
          at process.env.NODE_ENV.exports.jsx (C:\dev\the-barber-cave\node_modules\react\cjs\react-jsx-runtime.development.js:333:13)
          at C:\dev\the-barber-cave\node_modules\next\dist\client\image-component.js:285:47
          at Object.react_stack_bottom_frame (C:\dev\the-barber-cave\node_modules\react-dom\cjs\react-dom-client.development.js:25904:20)
          at renderWithHooks (C:\dev\the-barber-cave\node_modules\react-dom\cjs\react-dom-client.development.js:7662:22)
          at updateForwardRef (C:\dev\the-barber-cave\node_modules\react-dom\cjs\react-dom-client.development.js:9724:19)
          at beginWork (C:\dev\the-barber-cave\node_modules\react-dom\cjs\react-dom-client.development.js:12117:18)
          at runWithFiberInDEV (C:\dev\the-barber-cave\node_modules\react-dom\cjs\react-dom-client.development.js:874:13)
          at performUnitOfWork (C:\dev\the-barber-cave\node_modules\react-dom\cjs\react-dom-client.development.js:17641:22)
          at workLoopSync (C:\dev\the-barber-cave\node_modules\react-dom\cjs\react-dom-client.development.js:17469:41)
          at renderRootSync (C:\dev\the-barber-cave\node_modules\react-dom\cjs\react-dom-client.development.js:17450:11),
      _debugTask: null,
      _debugNeedsRemount: false,
      _debugHookTypes: [Array]
    },
    _debugStack: Error: react-stack-top-frame
        at process.env.NODE_ENV.exports.jsx (C:\dev\the-barber-cave\node_modules\react\cjs\react-jsx-runtime.development.js:333:13)
        at C:\dev\the-barber-cave\node_modules\next\dist\client\image-component.js:169:46
        at Object.react_stack_bottom_frame (C:\dev\the-barber-cave\node_modules\react-dom\cjs\react-dom-client.development.js:25904:20)
        at renderWithHooks (C:\dev\the-barber-cave\node_modules\react-dom\cjs\react-dom-client.development.js:7662:22)
        at updateForwardRef (C:\dev\the-barber-cave\node_modules\react-dom\cjs\react-dom-client.development.js:9724:19)
        at beginWork (C:\dev\the-barber-cave\node_modules\react-dom\cjs\react-dom-client.development.js:12117:18)
        at runWithFiberInDEV (C:\dev\the-barber-cave\node_modules\react-dom\cjs\react-dom-client.development.js:874:13)
        at performUnitOfWork (C:\dev\the-barber-cave\node_modules\react-dom\cjs\react-dom-client.development.js:17641:22)
        at workLoopSync (C:\dev\the-barber-cave\node_modules\react-dom\cjs\react-dom-client.development.js:17469:41)
        at renderRootSync (C:\dev\the-barber-cave\node_modules\react-dom\cjs\react-dom-client.development.js:17450:11),
    _debugTask: null,
    _debugNeedsRemount: false,
    _debugHookTypes: null
  },
  '__reactProps$bhxiy5105xv': {
    alt: 'Trill L.',
    fetchPriority: undefined,
    loading: undefined,
    width: undefined,
    height: undefined,
    decoding: 'async',
    'data-nimg': 'fill',
    className: 'object-cover group-hover:scale-105 transition-transform duration-300',
    style: {
      position: 'absolute',
      height: '100%',
      width: '100%',
      left: 0,
      top: 0,
      right: 0,
      bottom: 0,
      objectFit: undefined,
      objectPosition: undefined,
      color: 'transparent'
    },
    sizes: undefined,
    srcSet: undefined,
    src: '',
    ref: [Function (anonymous)],
    onLoad: [Function: onLoad],
    onError: [Function: onError]
  },
  '__reactEvents$bhxiy5105xv': Set(2) { 'error__bubble', 'load__bubble' },
  Symbol(SameObject caches): [Object: null prototype] {
    style: CSSStyleDeclaration {
      '0': 'position',
      '1': 'height',
      '2': 'width',
      '3': 'left',
      '4': 'top',
      '5': 'right',
      '6': 'bottom',
      '7': 'color',
      _global: [Object [global]],
      _onChange: [Function (anonymous)],
      _computed: false,
      _ownerNode: null,
      _parentRule: null,
      _readonly: false,
      _updating: false,
      _length: 8,
      _propertyIndices: [Map],
      _priorities: Map(0) {},
      _values: [Map]
    }
  }
}
Image is missing required "src" property: <ref *1> HTMLImageElement {
  '__reactFiber$bhxiy5105xv': <ref *2> FiberNode {
    tag: 5,
    key: null,
    elementType: 'img',
    type: 'img',
    stateNode: [Circular *1],
    return: FiberNode {
      tag: 11,
      key: null,
      elementType: [Object],
      type: [Object],
      stateNode: null,
      return: [FiberNode],
      child: [Circular *2],
      sibling: null,
      index: 0,
      ref: null,
      refCleanup: null,
      pendingProps: [Object],
      memoizedProps: [Object],
      updateQueue: null,
      memoizedState: [Object],
      dependencies: null,
      mode: 3,
      flags: 1048577,
      subtreeFlags: 4194820,
      deletions: null,
      lanes: 0,
      childLanes: 0,
      alternate: null,
      actualDuration: 1.2724999999995816,
      actualStartTime: 3732.0043,
      selfBaseDuration: 0.08120000000008076,
      treeBaseDuration: 0.09220000000004802,
      _debugInfo: null,
      _debugOwner: [FiberNode],
      _debugStack: Error: react-stack-top-frame
          at process.env.NODE_ENV.exports.jsx (C:\dev\the-barber-cave\node_modules\react\cjs\react-jsx-runtime.development.js:333:13)
          at C:\dev\the-barber-cave\node_modules\next\dist\client\image-component.js:285:47
          at Object.react_stack_bottom_frame (C:\dev\the-barber-cave\node_modules\react-dom\cjs\react-dom-client.development.js:25904:20)
          at renderWithHooks (C:\dev\the-barber-cave\node_modules\react-dom\cjs\react-dom-client.development.js:7662:22)
          at updateForwardRef (C:\dev\the-barber-cave\node_modules\react-dom\cjs\react-dom-client.development.js:9724:19)
          at beginWork (C:\dev\the-barber-cave\node_modules\react-dom\cjs\react-dom-client.development.js:12117:18)
          at runWithFiberInDEV (C:\dev\the-barber-cave\node_modules\react-dom\cjs\react-dom-client.development.js:874:13)
          at performUnitOfWork (C:\dev\the-barber-cave\node_modules\react-dom\cjs\react-dom-client.development.js:17641:22)
          at workLoopSync (C:\dev\the-barber-cave\node_modules\react-dom\cjs\react-dom-client.development.js:17469:41)
          at renderRootSync (C:\dev\the-barber-cave\node_modules\react-dom\cjs\react-dom-client.development.js:17450:11),
      _debugTask: null,
      _debugNeedsRemount: false,
      _debugHookTypes: [Array]
    },
    child: null,
    sibling: null,
    index: 0,
    ref: [Function (anonymous)],
    refCleanup: null,
    pendingProps: {
      alt: 'Charlo F.',
      fetchPriority: undefined,
      loading: undefined,
      width: undefined,
      height: undefined,
      decoding: 'async',
      'data-nimg': 'fill',
      className: 'object-cover group-hover:scale-105 transition-transform duration-300',
      style: [Object],
      sizes: undefined,
      srcSet: undefined,
      src: '',
      ref: [Function (anonymous)],
      onLoad: [Function: onLoad],
      onError: [Function: onError]
    },
    memoizedProps: {
      alt: 'Charlo F.',
      fetchPriority: undefined,
      loading: undefined,
      width: undefined,
      height: undefined,
      decoding: 'async',
      'data-nimg': 'fill',
      className: 'object-cover group-hover:scale-105 transition-transform duration-300',
      style: [Object],
      sizes: undefined,
      srcSet: undefined,
      src: '',
      ref: [Function (anonymous)],
      onLoad: [Function: onLoad],
      onError: [Function: onError]
    },
    updateQueue: null,
    memoizedState: null,
    dependencies: null,
    mode: 3,
    flags: 4194820,
    subtreeFlags: 0,
    deletions: null,
    lanes: 0,
    childLanes: 0,
    alternate: null,
    actualDuration: 1.186699999999746,
    actualStartTime: 3732.0865,
    selfBaseDuration: 0.010999999999967258,
    treeBaseDuration: 0.010999999999967258,
    _debugInfo: null,
    _debugOwner: FiberNode {
      tag: 11,
      key: null,
      elementType: [Object],
      type: [Object],
      stateNode: null,
      return: [FiberNode],
      child: [Circular *2],
      sibling: null,
      index: 0,
      ref: null,
      refCleanup: null,
      pendingProps: [Object],
      memoizedProps: [Object],
      updateQueue: null,
      memoizedState: [Object],
      dependencies: null,
      mode: 3,
      flags: 1048577,
      subtreeFlags: 4194820,
      deletions: null,
      lanes: 0,
      childLanes: 0,
      alternate: null,
      actualDuration: 1.2724999999995816,
      actualStartTime: 3732.0043,
      selfBaseDuration: 0.08120000000008076,
      treeBaseDuration: 0.09220000000004802,
      _debugInfo: null,
      _debugOwner: [FiberNode],
      _debugStack: Error: react-stack-top-frame
          at process.env.NODE_ENV.exports.jsx (C:\dev\the-barber-cave\node_modules\react\cjs\react-jsx-runtime.development.js:333:13)
          at C:\dev\the-barber-cave\node_modules\next\dist\client\image-component.js:285:47
          at Object.react_stack_bottom_frame (C:\dev\the-barber-cave\node_modules\react-dom\cjs\react-dom-client.development.js:25904:20)
          at renderWithHooks (C:\dev\the-barber-cave\node_modules\react-dom\cjs\react-dom-client.development.js:7662:22)
          at updateForwardRef (C:\dev\the-barber-cave\node_modules\react-dom\cjs\react-dom-client.development.js:9724:19)
          at beginWork (C:\dev\the-barber-cave\node_modules\react-dom\cjs\react-dom-client.development.js:12117:18)
          at runWithFiberInDEV (C:\dev\the-barber-cave\node_modules\react-dom\cjs\react-dom-client.development.js:874:13)
          at performUnitOfWork (C:\dev\the-barber-cave\node_modules\react-dom\cjs\react-dom-client.development.js:17641:22)
          at workLoopSync (C:\dev\the-barber-cave\node_modules\react-dom\cjs\react-dom-client.development.js:17469:41)
          at renderRootSync (C:\dev\the-barber-cave\node_modules\react-dom\cjs\react-dom-client.development.js:17450:11),
      _debugTask: null,
      _debugNeedsRemount: false,
      _debugHookTypes: [Array]
    },
    _debugStack: Error: react-stack-top-frame
        at process.env.NODE_ENV.exports.jsx (C:\dev\the-barber-cave\node_modules\react\cjs\react-jsx-runtime.development.js:333:13)
        at C:\dev\the-barber-cave\node_modules\next\dist\client\image-component.js:169:46
        at Object.react_stack_bottom_frame (C:\dev\the-barber-cave\node_modules\react-dom\cjs\react-dom-client.development.js:25904:20)
        at renderWithHooks (C:\dev\the-barber-cave\node_modules\react-dom\cjs\react-dom-client.development.js:7662:22)
        at updateForwardRef (C:\dev\the-barber-cave\node_modules\react-dom\cjs\react-dom-client.development.js:9724:19)
        at beginWork (C:\dev\the-barber-cave\node_modules\react-dom\cjs\react-dom-client.development.js:12117:18)
        at runWithFiberInDEV (C:\dev\the-barber-cave\node_modules\react-dom\cjs\react-dom-client.development.js:874:13)
        at performUnitOfWork (C:\dev\the-barber-cave\node_modules\react-dom\cjs\react-dom-client.development.js:17641:22)
        at workLoopSync (C:\dev\the-barber-cave\node_modules\react-dom\cjs\react-dom-client.development.js:17469:41)
        at renderRootSync (C:\dev\the-barber-cave\node_modules\react-dom\cjs\react-dom-client.development.js:17450:11),
    _debugTask: null,
    _debugNeedsRemount: false,
    _debugHookTypes: null
  },
  '__reactProps$bhxiy5105xv': {
    alt: 'Charlo F.',
    fetchPriority: undefined,
    loading: undefined,
    width: undefined,
    height: undefined,
    decoding: 'async',
    'data-nimg': 'fill',
    className: 'object-cover group-hover:scale-105 transition-transform duration-300',
    style: {
      position: 'absolute',
      height: '100%',
      width: '100%',
      left: 0,
      top: 0,
      right: 0,
      bottom: 0,
      objectFit: undefined,
      objectPosition: undefined,
      color: 'transparent'
    },
    sizes: undefined,
    srcSet: undefined,
    src: '',
    ref: [Function (anonymous)],
    onLoad: [Function: onLoad],
    onError: [Function: onError]
  },
  '__reactEvents$bhxiy5105xv': Set(2) { 'error__bubble', 'load__bubble' },
  Symbol(SameObject caches): [Object: null prototype] {
    style: CSSStyleDeclaration {
      '0': 'position',
      '1': 'height',
      '2': 'width',
      '3': 'left',
      '4': 'top',
      '5': 'right',
      '6': 'bottom',
      '7': 'color',
      _global: [Object [global]],
      _onChange: [Function (anonymous)],
      _computed: false,
      _ownerNode: null,
      _parentRule: null,
      _readonly: false,
      _updating: false,
      _length: 8,
      _propertyIndices: [Map],
      _priorities: Map(0) {},
      _values: [Map]
    }
  }
}

 [32mΓ£ô[39m src/components/__tests__/SEO.test.tsx[2m > [22mSEO Components[2m > [22mBreadcrumbs[2m > [22mrenders breadcrumb navigation[33m 319[2mms[22m[39m
 [32mΓ£ô[39m src/components/__tests__/SEO.test.tsx[2m > [22mSEO Components[2m > [22mBreadcrumbs[2m > [22mrenders structured data for breadcrumbs[32m 9[2mms[22m[39m
 [32mΓ£ô[39m src/components/__tests__/SEO.test.tsx[2m > [22mSEO Components[2m > [22mBreadcrumbs[2m > [22mmarks last item as current page[32m 9[2mms[22m[39m
 [32mΓ£ô[39m src/components/__tests__/SEO.test.tsx[2m > [22mSEO Components[2m > [22mBreadcrumbs[2m > [22mrenders links for all but last item[32m 12[2mms[22m[39m
 [32mΓ£ô[39m src/components/__tests__/SEO.test.tsx[2m > [22mSEO Validation[2m > [22mvalidates structured data presence[32m 5[2mms[22m[39m
 [32mΓ£ô[39m src/components/__tests__/SEO.test.tsx[2m > [22mSEO Validation[2m > [22mvalidates meta tags[32m 4[2mms[22m[39m
 [32mΓ£ô[39m src/components/__tests__/Barbers.test.tsx[2m > [22mBarbers[2m > [22mrenders barber cards with correct information[32m 145[2mms[22m[39m
stderr | src/components/__tests__/Barbers.test.tsx > Barbers > displays availability badges
An empty string ("") was passed to the src attribute. This may cause the browser to download the whole page again over the network. To fix this, either do not render the element at all or pass null to src instead of an empty string.
An empty string ("") was passed to the src attribute. This may cause the browser to download the whole page again over the network. To fix this, either do not render the element at all or pass null to src instead of an empty string.
Image is missing required "src" property: <ref *1> HTMLImageElement {
  '__reactFiber$bhxiy5105xv': <ref *2> FiberNode {
    tag: 5,
    key: null,
    elementType: 'img',
    type: 'img',
    stateNode: [Circular *1],
    return: FiberNode {
      tag: 11,
      key: null,
      elementType: [Object],
      type: [Object],
      stateNode: null,
      return: [FiberNode],
      child: [Circular *2],
      sibling: null,
      index: 0,
      ref: null,
      refCleanup: null,
      pendingProps: [Object],
      memoizedProps: [Object],
      updateQueue: null,
      memoizedState: [Object],
      dependencies: null,
      mode: 3,
      flags: 1048577,
      subtreeFlags: 4194820,
      deletions: null,
      lanes: 0,
      childLanes: 0,
      alternate: null,
      actualDuration: 1.9819999999995161,
      actualStartTime: 3872.2323,
      selfBaseDuration: 0.08109999999987849,
      treeBaseDuration: 0.09249999999974534,
      _debugInfo: null,
      _debugOwner: [FiberNode],
      _debugStack: Error: react-stack-top-frame
          at process.env.NODE_ENV.exports.jsx (C:\dev\the-barber-cave\node_modules\react\cjs\react-jsx-runtime.development.js:333:13)
          at C:\dev\the-barber-cave\node_modules\next\dist\client\image-component.js:285:47
          at Object.react_stack_bottom_frame (C:\dev\the-barber-cave\node_modules\react-dom\cjs\react-dom-client.development.js:25904:20)
          at renderWithHooks (C:\dev\the-barber-cave\node_modules\react-dom\cjs\react-dom-client.development.js:7662:22)
          at updateForwardRef (C:\dev\the-barber-cave\node_modules\react-dom\cjs\react-dom-client.development.js:9724:19)
          at beginWork (C:\dev\the-barber-cave\node_modules\react-dom\cjs\react-dom-client.development.js:12117:18)
          at runWithFiberInDEV (C:\dev\the-barber-cave\node_modules\react-dom\cjs\react-dom-client.development.js:874:13)
          at performUnitOfWork (C:\dev\the-barber-cave\node_modules\react-dom\cjs\react-dom-client.development.js:17641:22)
          at workLoopSync (C:\dev\the-barber-cave\node_modules\react-dom\cjs\react-dom-client.development.js:17469:41)
          at renderRootSync (C:\dev\the-barber-cave\node_modules\react-dom\cjs\react-dom-client.development.js:17450:11),
      _debugTask: null,
      _debugNeedsRemount: false,
      _debugHookTypes: [Array]
    },
    child: null,
    sibling: null,
    index: 0,
    ref: [Function (anonymous)],
    refCleanup: null,
    pendingProps: {
      alt: 'Trill L.',
      fetchPriority: undefined,
      loading: undefined,
      width: undefined,
      height: undefined,
      decoding: 'async',
      'data-nimg': 'fill',
      className: 'object-cover group-hover:scale-105 transition-transform duration-300',
      style: [Object],
      sizes: undefined,
      srcSet: undefined,
      src: '',
      ref: [Function (anonymous)],
      onLoad: [Function: onLoad],
      onError: [Function: onError]
    },
    memoizedProps: {
      alt: 'Trill L.',
      fetchPriority: undefined,
      loading: undefined,
      width: undefined,
      height: undefined,
      decoding: 'async',
      'data-nimg': 'fill',
      className: 'object-cover group-hover:scale-105 transition-transform duration-300',
      style: [Object],
      sizes: undefined,
      srcSet: undefined,
      src: '',
      ref: [Function (anonymous)],
      onLoad: [Function: onLoad],
      onError: [Function: onError]
    },
    updateQueue: null,
    memoizedState: null,
    dependencies: null,
    mode: 3,
    flags: 4194820,
    subtreeFlags: 0,
    deletions: null,
    lanes: 0,
    childLanes: 0,
    alternate: null,
    actualDuration: 1.8964999999998327,
    actualStartTime: 3872.3146,
    selfBaseDuration: 0.01139999999986685,
    treeBaseDuration: 0.01139999999986685,
    _debugInfo: null,
    _debugOwner: FiberNode {
      tag: 11,
      key: null,
      elementType: [Object],
      type: [Object],
      stateNode: null,
      return: [FiberNode],
      child: [Circular *2],
      sibling: null,
      index: 0,
      ref: null,
      refCleanup: null,
      pendingProps: [Object],
      memoizedProps: [Object],
      updateQueue: null,
      memoizedState: [Object],
      dependencies: null,
      mode: 3,
      flags: 1048577,
      subtreeFlags: 4194820,
      deletions: null,
      lanes: 0,
      childLanes: 0,
      alternate: null,
      actualDuration: 1.9819999999995161,
      actualStartTime: 3872.2323,
      selfBaseDuration: 0.08109999999987849,
      treeBaseDuration: 0.09249999999974534,
      _debugInfo: null,
      _debugOwner: [FiberNode],
      _debugStack: Error: react-stack-top-frame
          at process.env.NODE_ENV.exports.jsx (C:\dev\the-barber-cave\node_modules\react\cjs\react-jsx-runtime.development.js:333:13)
          at C:\dev\the-barber-cave\node_modules\next\dist\client\image-component.js:285:47
          at Object.react_stack_bottom_frame (C:\dev\the-barber-cave\node_modules\react-dom\cjs\react-dom-client.development.js:25904:20)
          at renderWithHooks (C:\dev\the-barber-cave\node_modules\react-dom\cjs\react-dom-client.development.js:7662:22)
          at updateForwardRef (C:\dev\the-barber-cave\node_modules\react-dom\cjs\react-dom-client.development.js:9724:19)
          at beginWork (C:\dev\the-barber-cave\node_modules\react-dom\cjs\react-dom-client.development.js:12117:18)
          at runWithFiberInDEV (C:\dev\the-barber-cave\node_modules\react-dom\cjs\react-dom-client.development.js:874:13)
          at performUnitOfWork (C:\dev\the-barber-cave\node_modules\react-dom\cjs\react-dom-client.development.js:17641:22)
          at workLoopSync (C:\dev\the-barber-cave\node_modules\react-dom\cjs\react-dom-client.development.js:17469:41)
          at renderRootSync (C:\dev\the-barber-cave\node_modules\react-dom\cjs\react-dom-client.development.js:17450:11),
      _debugTask: null,
      _debugNeedsRemount: false,
      _debugHookTypes: [Array]
    },
    _debugStack: Error: react-stack-top-frame
        at process.env.NODE_ENV.exports.jsx (C:\dev\the-barber-cave\node_modules\react\cjs\react-jsx-runtime.development.js:333:13)
        at C:\dev\the-barber-cave\node_modules\next\dist\client\image-component.js:169:46
        at Object.react_stack_bottom_frame (C:\dev\the-barber-cave\node_modules\react-dom\cjs\react-dom-client.development.js:25904:20)
        at renderWithHooks (C:\dev\the-barber-cave\node_modules\react-dom\cjs\react-dom-client.development.js:7662:22)
        at updateForwardRef (C:\dev\the-barber-cave\node_modules\react-dom\cjs\react-dom-client.development.js:9724:19)
        at beginWork (C:\dev\the-barber-cave\node_modules\react-dom\cjs\react-dom-client.development.js:12117:18)
        at runWithFiberInDEV (C:\dev\the-barber-cave\node_modules\react-dom\cjs\react-dom-client.development.js:874:13)
        at performUnitOfWork (C:\dev\the-barber-cave\node_modules\react-dom\cjs\react-dom-client.development.js:17641:22)
        at workLoopSync (C:\dev\the-barber-cave\node_modules\react-dom\cjs\react-dom-client.development.js:17469:41)
        at renderRootSync (C:\dev\the-barber-cave\node_modules\react-dom\cjs\react-dom-client.development.js:17450:11),
    _debugTask: null,
    _debugNeedsRemount: false,
    _debugHookTypes: null
  },
  '__reactProps$bhxiy5105xv': {
    alt: 'Trill L.',
    fetchPriority: undefined,
    loading: undefined,
    width: undefined,
    height: undefined,
    decoding: 'async',
    'data-nimg': 'fill',
    className: 'object-cover group-hover:scale-105 transition-transform duration-300',
    style: {
      position: 'absolute',
      height: '100%',
      width: '100%',
      left: 0,
      top: 0,
      right: 0,
      bottom: 0,
      objectFit: undefined,
      objectPosition: undefined,
      color: 'transparent'
    },
    sizes: undefined,
    srcSet: undefined,
    src: '',
    ref: [Function (anonymous)],
    onLoad: [Function: onLoad],
    onError: [Function: onError]
  },
  '__reactEvents$bhxiy5105xv': Set(2) { 'error__bubble', 'load__bubble' },
  Symbol(SameObject caches): [Object: null prototype] {
    style: CSSStyleDeclaration {
      '0': 'position',
      '1': 'height',
      '2': 'width',
      '3': 'left',
      '4': 'top',
      '5': 'right',
      '6': 'bottom',
      '7': 'color',
      _global: [Object [global]],
      _onChange: [Function (anonymous)],
      _computed: false,
      _ownerNode: null,
      _parentRule: null,
      _readonly: false,
      _updating: false,
      _length: 8,
      _propertyIndices: [Map],
      _priorities: Map(0) {},
      _values: [Map]
    }
  }
}
Image is missing required "src" property: <ref *1> HTMLImageElement {
  '__reactFiber$bhxiy5105xv': <ref *2> FiberNode {
    tag: 5,
    key: null,
    elementType: 'img',
    type: 'img',
    stateNode: [Circular *1],
    return: FiberNode {
      tag: 11,
      key: null,
      elementType: [Object],
      type: [Object],
      stateNode: null,
      return: [FiberNode],
      child: [Circular *2],
      sibling: null,
      index: 0,
      ref: null,
      refCleanup: null,
      pendingProps: [Object],
      memoizedProps: [Object],
      updateQueue: null,
      memoizedState: [Object],
      dependencies: null,
      mode: 3,
      flags: 1048577,
      subtreeFlags: 4194820,
      deletions: null,
      lanes: 0,
      childLanes: 0,
      alternate: null,
      actualDuration: 1.1222999999999956,
      actualStartTime: 3876.3774,
      selfBaseDuration: 0.07030000000031578,
      treeBaseDuration: 0.07900000000017826,
      _debugInfo: null,
      _debugOwner: [FiberNode],
      _debugStack: Error: react-stack-top-frame
          at process.env.NODE_ENV.exports.jsx (C:\dev\the-barber-cave\node_modules\react\cjs\react-jsx-runtime.development.js:333:13)
          at C:\dev\the-barber-cave\node_modules\next\dist\client\image-component.js:285:47
          at Object.react_stack_bottom_frame (C:\dev\the-barber-cave\node_modules\react-dom\cjs\react-dom-client.development.js:25904:20)
          at renderWithHooks (C:\dev\the-barber-cave\node_modules\react-dom\cjs\react-dom-client.development.js:7662:22)
          at updateForwardRef (C:\dev\the-barber-cave\node_modules\react-dom\cjs\react-dom-client.development.js:9724:19)
          at beginWork (C:\dev\the-barber-cave\node_modules\react-dom\cjs\react-dom-client.development.js:12117:18)
          at runWithFiberInDEV (C:\dev\the-barber-cave\node_modules\react-dom\cjs\react-dom-client.development.js:874:13)
          at performUnitOfWork (C:\dev\the-barber-cave\node_modules\react-dom\cjs\react-dom-client.development.js:17641:22)
          at workLoopSync (C:\dev\the-barber-cave\node_modules\react-dom\cjs\react-dom-client.development.js:17469:41)
          at renderRootSync (C:\dev\the-barber-cave\node_modules\react-dom\cjs\react-dom-client.development.js:17450:11),
      _debugTask: null,
      _debugNeedsRemount: false,
      _debugHookTypes: [Array]
    },
    child: null,
    sibling: null,
    index: 0,
    ref: [Function (anonymous)],
    refCleanup: null,
    pendingProps: {
      alt: 'Charlo F.',
      fetchPriority: undefined,
      loading: undefined,
      width: undefined,
      height: undefined,
      decoding: 'async',
      'data-nimg': 'fill',
      className: 'object-cover group-hover:scale-105 transition-transform duration-300',
      style: [Object],
      sizes: undefined,
      srcSet: undefined,
      src: '',
      ref: [Function (anonymous)],
      onLoad: [Function: onLoad],
      onError: [Function: onError]
    },
    memoizedProps: {
      alt: 'Charlo F.',
      fetchPriority: undefined,
      loading: undefined,
      width: undefined,
      height: undefined,
      decoding: 'async',
      'data-nimg': 'fill',
      className: 'object-cover group-hover:scale-105 transition-transform duration-300',
      style: [Object],
      sizes: undefined,
      srcSet: undefined,
      src: '',
      ref: [Function (anonymous)],
      onLoad: [Function: onLoad],
      onError: [Function: onError]
    },
    updateQueue: null,
    memoizedState: null,
    dependencies: null,
    mode: 3,
    flags: 4194820,
    subtreeFlags: 0,
    deletions: null,
    lanes: 0,
    childLanes: 0,
    alternate: null,
    actualDuration: 1.048099999999522,
    actualStartTime: 3876.449,
    selfBaseDuration: 0.008699999999862484,
    treeBaseDuration: 0.008699999999862484,
    _debugInfo: null,
    _debugOwner: FiberNode {
      tag: 11,
      key: null,
      elementType: [Object],
      type: [Object],
      stateNode: null,
      return: [FiberNode],
      child: [Circular *2],
      sibling: null,
      index: 0,
      ref: null,
      refCleanup: null,
      pendingProps: [Object],
      memoizedProps: [Object],
      updateQueue: null,
      memoizedState: [Object],
      dependencies: null,
      mode: 3,
      flags: 1048577,
      subtreeFlags: 4194820,
      deletions: null,
      lanes: 0,
      childLanes: 0,
      alternate: null,
      actualDuration: 1.1222999999999956,
      actualStartTime: 3876.3774,
      selfBaseDuration: 0.07030000000031578,
      treeBaseDuration: 0.07900000000017826,
      _debugInfo: null,
      _debugOwner: [FiberNode],
      _debugStack: Error: react-stack-top-frame
          at process.env.NODE_ENV.exports.jsx (C:\dev\the-barber-cave\node_modules\react\cjs\react-jsx-runtime.development.js:333:13)
          at C:\dev\the-barber-cave\node_modules\next\dist\client\image-component.js:285:47
          at Object.react_stack_bottom_frame (C:\dev\the-barber-cave\node_modules\react-dom\cjs\react-dom-client.development.js:25904:20)
          at renderWithHooks (C:\dev\the-barber-cave\node_modules\react-dom\cjs\react-dom-client.development.js:7662:22)
          at updateForwardRef (C:\dev\the-barber-cave\node_modules\react-dom\cjs\react-dom-client.development.js:9724:19)
          at beginWork (C:\dev\the-barber-cave\node_modules\react-dom\cjs\react-dom-client.development.js:12117:18)
          at runWithFiberInDEV (C:\dev\the-barber-cave\node_modules\react-dom\cjs\react-dom-client.development.js:874:13)
          at performUnitOfWork (C:\dev\the-barber-cave\node_modules\react-dom\cjs\react-dom-client.development.js:17641:22)
          at workLoopSync (C:\dev\the-barber-cave\node_modules\react-dom\cjs\react-dom-client.development.js:17469:41)
          at renderRootSync (C:\dev\the-barber-cave\node_modules\react-dom\cjs\react-dom-client.development.js:17450:11),
      _debugTask: null,
      _debugNeedsRemount: false,
      _debugHookTypes: [Array]
    },
    _debugStack: Error: react-stack-top-frame
        at process.env.NODE_ENV.exports.jsx (C:\dev\the-barber-cave\node_modules\react\cjs\react-jsx-runtime.development.js:333:13)
        at C:\dev\the-barber-cave\node_modules\next\dist\client\image-component.js:169:46
        at Object.react_stack_bottom_frame (C:\dev\the-barber-cave\node_modules\react-dom\cjs\react-dom-client.development.js:25904:20)
        at renderWithHooks (C:\dev\the-barber-cave\node_modules\react-dom\cjs\react-dom-client.development.js:7662:22)
        at updateForwardRef (C:\dev\the-barber-cave\node_modules\react-dom\cjs\react-dom-client.development.js:9724:19)
        at beginWork (C:\dev\the-barber-cave\node_modules\react-dom\cjs\react-dom-client.development.js:12117:18)
        at runWithFiberInDEV (C:\dev\the-barber-cave\node_modules\react-dom\cjs\react-dom-client.development.js:874:13)
        at performUnitOfWork (C:\dev\the-barber-cave\node_modules\react-dom\cjs\react-dom-client.development.js:17641:22)
        at workLoopSync (C:\dev\the-barber-cave\node_modules\react-dom\cjs\react-dom-client.development.js:17469:41)
        at renderRootSync (C:\dev\the-barber-cave\node_modules\react-dom\cjs\react-dom-client.development.js:17450:11),
    _debugTask: null,
    _debugNeedsRemount: false,
    _debugHookTypes: null
  },
  '__reactProps$bhxiy5105xv': {
    alt: 'Charlo F.',
    fetchPriority: undefined,
    loading: undefined,
    width: undefined,
    height: undefined,
    decoding: 'async',
    'data-nimg': 'fill',
    className: 'object-cover group-hover:scale-105 transition-transform duration-300',
    style: {
      position: 'absolute',
      height: '100%',
      width: '100%',
      left: 0,
      top: 0,
      right: 0,
      bottom: 0,
      objectFit: undefined,
      objectPosition: undefined,
      color: 'transparent'
    },
    sizes: undefined,
    srcSet: undefined,
    src: '',
    ref: [Function (anonymous)],
    onLoad: [Function: onLoad],
    onError: [Function: onError]
  },
  '__reactEvents$bhxiy5105xv': Set(2) { 'error__bubble', 'load__bubble' },
  Symbol(SameObject caches): [Object: null prototype] {
    style: CSSStyleDeclaration {
      '0': 'position',
      '1': 'height',
      '2': 'width',
      '3': 'left',
      '4': 'top',
      '5': 'right',
      '6': 'bottom',
      '7': 'color',
      _global: [Object [global]],
      _onChange: [Function (anonymous)],
      _computed: false,
      _ownerNode: null,
      _parentRule: null,
      _readonly: false,
      _updating: false,
      _length: 8,
      _propertyIndices: [Map],
      _priorities: Map(0) {},
      _values: [Map]
    }
  }
}

 [32mΓ£ô[39m src/components/__tests__/Barbers.test.tsx[2m > [22mBarbers[2m > [22mrenders meet all barbers link[32m 141[2mms[22m[39m
 [32mΓ£ô[39m src/components/__tests__/Barbers.test.tsx[2m > [22mBarbers[2m > [22mdisplays availability badges[32m 104[2mms[22m[39m
 [32mΓ£ô[39m src/components/__tests__/Services.test.tsx[2m > [22mServices[2m > [22mrenders service cards with correct information[32m 174[2mms[22m[39m
 [32mΓ£ô[39m src/components/__tests__/Services.test.tsx[2m > [22mServices[2m > [22mhighlights special offer with amber color[32m 80[2mms[22m[39m
 [32mΓ£ô[39m src/components/__tests__/Navigation.test.tsx[2m > [22mNavigation[2m > [22mrenders desktop navigation with business name[32m 81[2mms[22m[39m
 [32mΓ£ô[39m src/components/__tests__/Services.test.tsx[2m > [22mServices[2m > [22mrenders view all services link[33m 410[2mms[22m[39m
 [32mΓ£ô[39m src/components/__tests__/Navigation.test.tsx[2m > [22mNavigation[2m > [22mshows mobile menu when isMenuOpen is true[32m 299[2mms[22m[39m
 [32mΓ£ô[39m src/components/__tests__/Navigation.test.tsx[2m > [22mNavigation[2m > [22mhides mobile menu when isMenuOpen is false[32m 14[2mms[22m[39m
 [32mΓ£ô[39m src/components/__tests__/Navigation.test.tsx[2m > [22mNavigation[2m > [22mcalls onMenuToggle when menu button is clicked[32m 59[2mms[22m[39m
 [32mΓ£ô[39m src/components/__tests__/Navigation.test.tsx[2m > [22mNavigation[2m > [22mrenders correct external links[32m 7[2mms[22m[39m
Not implemented: HTMLCanvasElement's getContext() method: without installing the canvas npm package
 [32mΓ£ô[39m src/components/__tests__/Navigation.test.tsx[2m > [22mNavigation[2m > [22mhas proper accessibility attributes[32m 51[2mms[22m[39m
Not implemented: HTMLCanvasElement's getContext() method: without installing the canvas npm package
 [32mΓ£ô[39m src/components/__tests__/Navigation.test.tsx[2m > [22mNavigation[2m > [22mshould have no accessibility violations[32m 228[2mms[22m[39m
 [32mΓ£ô[39m src/components/__tests__/Navigation.test.tsx[2m > [22mNavigation[2m > [22mshould have no accessibility violations when mobile menu is open[32m 192[2mms[22m[39m
Failed to parse file:///C:/dev/the-barber-cave/src/components/Hero.tsx. Excluding it from coverage.
 Error [RollupError]: Expression expected
    at getRollupError (file:///C:/dev/the-barber-cave/node_modules/rollup/dist/es/shared/parseAst.js:402:41)
    at convertProgram (file:///C:/dev/the-barber-cave/node_modules/rollup/dist/es/shared/parseAst.js:1114:26)
    at parseAstAsync (file:///C:/dev/the-barber-cave/node_modules/rollup/dist/es/shared/parseAst.js:2100:106)
    at V8CoverageProvider.remapCoverage (file:///C:/dev/the-barber-cave/node_modules/@vitest/coverage-v8/dist/provider.js:133:10)
    at file:///C:/dev/the-barber-cave/node_modules/@vitest/coverage-v8/dist/provider.js:119:23
    at async Promise.all (index 4)
    at V8CoverageProvider.getCoverageMapForUncoveredFiles (file:///C:/dev/the-barber-cave/node_modules/@vitest/coverage-v8/dist/provider.js:109:4)
    at V8CoverageProvider.generateCoverage (file:///C:/dev/the-barber-cave/node_modules/@vitest/coverage-v8/dist/provider.js:57:29)
    at file:///C:/dev/the-barber-cave/node_modules/vitest/dist/chunks/cli-api.B7PN_QUv.js:12609:23
    at file:///C:/dev/the-barber-cave/node_modules/vitest/dist/chunks/cli-api.B7PN_QUv.js:12622:11 {
  code: 'PARSE_ERROR',
  pos: 893
}

ΓÄ»ΓÄ»ΓÄ»ΓÄ»ΓÄ»ΓÄ» Failed Suites 6 ΓÄ»ΓÄ»ΓÄ»ΓÄ»ΓÄ»ΓÄ»ΓÄ»

 FAIL  src/data/constants.test.ts [ src/data/constants.test.ts ]
Error: Failed to resolve import "../constants" from "src/data/constants.test.ts". Does the file exist?
  Plugin: vite:import-analysis
  File: C:/dev/the-barber-cave/src/data/constants.test.ts:2:74
  1  |  import { describe, it, expect } from "vitest";
  2  |  import { SITE_URL, BUSINESS_INFO, EXTERNAL_LINKS, NAVIGATION_ITEMS } from "../constants";
     |                                                                             ^
  3  |  describe("Constants", () => {
  4  |    describe("SITE_URL", () => {
 Γ¥» TransformPluginContext._formatLog node_modules/vite/dist/node/chunks/config.js:28999:43
 Γ¥» TransformPluginContext.error node_modules/vite/dist/node/chunks/config.js:28996:14
 Γ¥» normalizeUrl node_modules/vite/dist/node/chunks/config.js:27119:18
 Γ¥» node_modules/vite/dist/node/chunks/config.js:27177:32
 Γ¥» TransformPluginContext.transform node_modules/vite/dist/node/chunks/config.js:27145:4
 Γ¥» EnvironmentPluginContainer.transform node_modules/vite/dist/node/chunks/config.js:28797:14
 Γ¥» loadAndTransform node_modules/vite/dist/node/chunks/config.js:22670:26

ΓÄ»ΓÄ»ΓÄ»ΓÄ»ΓÄ»ΓÄ»ΓÄ»ΓÄ»ΓÄ»ΓÄ»ΓÄ»ΓÄ»ΓÄ»ΓÄ»ΓÄ»ΓÄ»ΓÄ»ΓÄ»ΓÄ»ΓÄ»ΓÄ»ΓÄ»ΓÄ»[1/37]ΓÄ»

 FAIL  src/__tests__/accessibility.test.tsx [ src/__tests__/accessibility.test.tsx ]
 FAIL  src/__tests__/image-optimization.test.tsx [ src/__tests__/image-optimization.test.tsx ]
 FAIL  src/app/__tests__/page.test.tsx [ src/app/__tests__/page.test.tsx ]
 FAIL  src/components/__tests__/Hero.test.tsx [ src/components/__tests__/Hero.test.tsx ]
Error: Transform failed with 1 error:
C:/dev/the-barber-cave/src/components/Hero.tsx:31:34: ERROR: Unexpected "}"
  Plugin: vite:esbuild
  File: C:/dev/the-barber-cave/src/components/Hero.tsx:31:34
  
  Unexpected "}"
  29 |   *     <main>
  30 |   *       <Hero />
  31 |   *       {/* Other page content */}
     |                                    ^
  32 |   *     </main>
  33 |   *   );
  
 Γ¥» failureErrorWithLog node_modules/esbuild/lib/main.js:1467:15
 Γ¥» node_modules/esbuild/lib/main.js:736:50
 Γ¥» responseCallbacks.<computed> node_modules/esbuild/lib/main.js:603:9
 Γ¥» handleIncomingPacket node_modules/esbuild/lib/main.js:658:12
 Γ¥» Socket.readFromStdout node_modules/esbuild/lib/main.js:581:7

ΓÄ»ΓÄ»ΓÄ»ΓÄ»ΓÄ»ΓÄ»ΓÄ»ΓÄ»ΓÄ»ΓÄ»ΓÄ»ΓÄ»ΓÄ»ΓÄ»ΓÄ»ΓÄ»ΓÄ»ΓÄ»ΓÄ»ΓÄ»ΓÄ»ΓÄ»ΓÄ»[2/37]ΓÄ»

 FAIL  src/hooks/useErrorHandler.test.tsx [ src/hooks/useErrorHandler.test.tsx ]
Error: Failed to resolve import "../useErrorHandler" from "src/hooks/useErrorHandler.test.tsx". Does the file exist?
  Plugin: vite:import-analysis
  File: C:/dev/the-barber-cave/src/hooks/useErrorHandler.test.tsx:3:32
  1  |  import { renderHook, act } from "@testing-library/react";
  2  |  import { describe, it, expect, vi, beforeEach } from "vitest";
  3  |  import { useErrorHandler } from "../useErrorHandler";
     |                                   ^
  4  |  const consoleErrorSpy = vi.spyOn(console, "error").mockImplementation(() => {
  5  |  });
 Γ¥» TransformPluginContext._formatLog node_modules/vite/dist/node/chunks/config.js:28999:43
 Γ¥» TransformPluginContext.error node_modules/vite/dist/node/chunks/config.js:28996:14
 Γ¥» normalizeUrl node_modules/vite/dist/node/chunks/config.js:27119:18
 Γ¥» node_modules/vite/dist/node/chunks/config.js:27177:32
 Γ¥» TransformPluginContext.transform node_modules/vite/dist/node/chunks/config.js:27145:4
 Γ¥» EnvironmentPluginContainer.transform node_modules/vite/dist/node/chunks/config.js:28797:14
 Γ¥» loadAndTransform node_modules/vite/dist/node/chunks/config.js:22670:26

ΓÄ»ΓÄ»ΓÄ»ΓÄ»ΓÄ»ΓÄ»ΓÄ»ΓÄ»ΓÄ»ΓÄ»ΓÄ»ΓÄ»ΓÄ»ΓÄ»ΓÄ»ΓÄ»ΓÄ»ΓÄ»ΓÄ»ΓÄ»ΓÄ»ΓÄ»ΓÄ»[3/37]ΓÄ»


ΓÄ»ΓÄ»ΓÄ»ΓÄ»ΓÄ»ΓÄ» Failed Tests 29 ΓÄ»ΓÄ»ΓÄ»ΓÄ»ΓÄ»ΓÄ»ΓÄ»

 FAIL  src/data/barbers.test.ts > Barbers Data > should have valid rating formats
AssertionError: expected 'No ratings' to match /^\d+(\.\d+)?$/

- Expected: 
/^\d+(\.\d+)?$/

+ Received: 
"No ratings"

 Γ¥» src/data/barbers.test.ts:51:29
     49|   it('should have valid rating formats', () => {
     50|     barbers.forEach(barber => {
     51|       expect(barber.rating).toMatch(/^\d+(\.\d+)?$/)
       |                             ^
     52|       const rating = parseFloat(barber.rating)
     53|       expect(rating).toBeGreaterThanOrEqual(0)
 Γ¥» src/data/barbers.test.ts:50:13

ΓÄ»ΓÄ»ΓÄ»ΓÄ»ΓÄ»ΓÄ»ΓÄ»ΓÄ»ΓÄ»ΓÄ»ΓÄ»ΓÄ»ΓÄ»ΓÄ»ΓÄ»ΓÄ»ΓÄ»ΓÄ»ΓÄ»ΓÄ»ΓÄ»ΓÄ»ΓÄ»[4/37]ΓÄ»

 FAIL  src/data/barbers.test.ts > Barbers Data > should have valid availability statuses
AssertionError: expected false to be true // Object.is equality

- Expected
+ Received

- true
+ false

 Γ¥» src/data/barbers.test.ts:68:87
     66|   it('should have valid availability statuses', () => {
     67|     barbers.forEach(barber => {
     68|       expect(['Tomorrow', 'Today', 'Available', 'Booked'].includes(barΓÇª
       |                                                                                       ^
     69|     })
     70|   })
 Γ¥» src/data/barbers.test.ts:67:13

ΓÄ»ΓÄ»ΓÄ»ΓÄ»ΓÄ»ΓÄ»ΓÄ»ΓÄ»ΓÄ»ΓÄ»ΓÄ»ΓÄ»ΓÄ»ΓÄ»ΓÄ»ΓÄ»ΓÄ»ΓÄ»ΓÄ»ΓÄ»ΓÄ»ΓÄ»ΓÄ»[5/37]ΓÄ»

 FAIL  src/data/barbers.test.ts > Barbers Data > should have valid barber titles
AssertionError: expected [ 'Master Barber', ΓÇª(3) ] to include 'Blend Specialist'
 Γ¥» src/data/barbers.test.ts:76:27
     74|     
     75|     barbers.forEach(barber => {
     76|       expect(validTitles).toContain(barber.title)
       |                           ^
     77|     })
     78|   })
 Γ¥» src/data/barbers.test.ts:75:13

ΓÄ»ΓÄ»ΓÄ»ΓÄ»ΓÄ»ΓÄ»ΓÄ»ΓÄ»ΓÄ»ΓÄ»ΓÄ»ΓÄ»ΓÄ»ΓÄ»ΓÄ»ΓÄ»ΓÄ»ΓÄ»ΓÄ»ΓÄ»ΓÄ»ΓÄ»ΓÄ»[6/37]ΓÄ»

 FAIL  src/data/barbers.test.ts > Barbers Data > should have reasonable review counts for a barber shop
AssertionError: expected 0 to be greater than 10
 Γ¥» src/data/barbers.test.ts:95:23
     93|     barbers.forEach(barber => {
     94|       const reviews = parseInt(barber.reviews)
     95|       expect(reviews).toBeGreaterThan(10) // At least some reviews
       |                       ^
     96|       expect(reviews).toBeLessThan(1000) // Reasonable upper bound
     97|     })
 Γ¥» src/data/barbers.test.ts:93:13

ΓÄ»ΓÄ»ΓÄ»ΓÄ»ΓÄ»ΓÄ»ΓÄ»ΓÄ»ΓÄ»ΓÄ»ΓÄ»ΓÄ»ΓÄ»ΓÄ»ΓÄ»ΓÄ»ΓÄ»ΓÄ»ΓÄ»ΓÄ»ΓÄ»ΓÄ»ΓÄ»[7/37]ΓÄ»

 FAIL  src/data/services.test.ts > Services Data > should have valid price formats
AssertionError: expected '$50-$70' to match /^\$[0-9]+(\-[0-9]+|\+)?$/

- Expected: 
/^\$[0-9]+(\-[0-9]+|\+)?$/

+ Received: 
"$50-$70"

 Γ¥» src/data/services.test.ts:52:29
     50|     services.forEach(service => {
     51|       // Prices should be either "$X" or "$X-$Y" or "$X+" format
     52|       expect(service.price).toMatch(/^\$[0-9]+(\-[0-9]+|\+)?$/)
       |                             ^
     53|     })
     54|   })
 Γ¥» src/data/services.test.ts:50:14

ΓÄ»ΓÄ»ΓÄ»ΓÄ»ΓÄ»ΓÄ»ΓÄ»ΓÄ»ΓÄ»ΓÄ»ΓÄ»ΓÄ»ΓÄ»ΓÄ»ΓÄ»ΓÄ»ΓÄ»ΓÄ»ΓÄ»ΓÄ»ΓÄ»ΓÄ»ΓÄ»[8/37]ΓÄ»

 FAIL  src/data/services.test.ts > Services Data > should have valid duration formats
AssertionError: expected 'First visit' to match /[0-9]+/

- Expected: 
/[0-9]+/

+ Received: 
"First visit"

 Γ¥» src/data/services.test.ts:59:32
     57|     services.forEach(service => {
     58|       // Durations should contain numbers and time units
     59|       expect(service.duration).toMatch(/[0-9]+/)
       |                                ^
     60|       expect(service.duration.toLowerCase()).toMatch(/(min|hour|hr)/)
     61|     })
 Γ¥» src/data/services.test.ts:57:14

ΓÄ»ΓÄ»ΓÄ»ΓÄ»ΓÄ»ΓÄ»ΓÄ»ΓÄ»ΓÄ»ΓÄ»ΓÄ»ΓÄ»ΓÄ»ΓÄ»ΓÄ»ΓÄ»ΓÄ»ΓÄ»ΓÄ»ΓÄ»ΓÄ»ΓÄ»ΓÄ»[9/37]ΓÄ»

 FAIL  src/utils/accessibility.test.ts > reportAccessibility > should handle axe import errors gracefully
AssertionError: promise rejected "Error: [vitest] There was an error when mΓÇª" instead of resolving
 Γ¥» src/utils/accessibility.test.ts:81:55
     79| 
     80|     // Should not throw, just silently fail
     81|     await expect(reportAccessibility(mockReact as any)).resolves.not.tΓÇª
       |                                                       ^
     82|     
     83|     ;(process.env as any).NODE_ENV = originalEnv

Caused by: Error: [vitest] There was an error when mocking a module. If you are using "vi.mock" factory, make sure there are no top level variables inside, since this call is hoisted to top of the file. Read more: https://vitest.dev/api/vi.html#vi-mock
 Γ¥» Module.reportAccessibility src/utils/accessibility.ts:8:17

Caused by: Error: Import failed
 Γ¥» src/utils/accessibility.test.ts:77:13

ΓÄ»ΓÄ»ΓÄ»ΓÄ»ΓÄ»ΓÄ»ΓÄ»ΓÄ»ΓÄ»ΓÄ»ΓÄ»ΓÄ»ΓÄ»ΓÄ»ΓÄ»ΓÄ»ΓÄ»ΓÄ»ΓÄ»ΓÄ»ΓÄ»ΓÄ»[10/37]ΓÄ»

 FAIL  src/utils/cached-barbers.test.ts > getBarbersData > should return the barbers data
Error: `cacheTag()` is only available with the `cacheComponents` config.
 Γ¥» cacheTag node_modules/next/dist/server/use-cache/cache-tag.js:15:37
 Γ¥» getBarbersData src/utils/cached-barbers.ts:8:3
      6| export async function getBarbersData() {
      7|   // Barber data changes occasionally - cached by default
      8|   cacheTag('barbers');
       |   ^
      9|   return barbers;
     10| }
 Γ¥» src/utils/cached-barbers.test.ts:6:26

ΓÄ»ΓÄ»ΓÄ»ΓÄ»ΓÄ»ΓÄ»ΓÄ»ΓÄ»ΓÄ»ΓÄ»ΓÄ»ΓÄ»ΓÄ»ΓÄ»ΓÄ»ΓÄ»ΓÄ»ΓÄ»ΓÄ»ΓÄ»ΓÄ»ΓÄ»ΓÄ»ΓÄ»ΓÄ»ΓÄ»ΓÄ»ΓÄ»ΓÄ»ΓÄ»
Serialized Error: { __NEXT_ERROR_CODE: 'E886' }
ΓÄ»ΓÄ»ΓÄ»ΓÄ»ΓÄ»ΓÄ»ΓÄ»ΓÄ»ΓÄ»ΓÄ»ΓÄ»ΓÄ»ΓÄ»ΓÄ»ΓÄ»ΓÄ»ΓÄ»ΓÄ»ΓÄ»ΓÄ»ΓÄ»ΓÄ»[11/37]ΓÄ»

 FAIL  src/utils/cached-barbers.test.ts > getBarbersData > should return consistent data on multiple calls
Error: `cacheTag()` is only available with the `cacheComponents` config.
 Γ¥» cacheTag node_modules/next/dist/server/use-cache/cache-tag.js:15:37
 Γ¥» getBarbersData src/utils/cached-barbers.ts:8:3
      6| export async function getBarbersData() {
      7|   // Barber data changes occasionally - cached by default
      8|   cacheTag('barbers');
       |   ^
      9|   return barbers;
     10| }
 Γ¥» src/utils/cached-barbers.test.ts:22:27

ΓÄ»ΓÄ»ΓÄ»ΓÄ»ΓÄ»ΓÄ»ΓÄ»ΓÄ»ΓÄ»ΓÄ»ΓÄ»ΓÄ»ΓÄ»ΓÄ»ΓÄ»ΓÄ»ΓÄ»ΓÄ»ΓÄ»ΓÄ»ΓÄ»ΓÄ»ΓÄ»ΓÄ»ΓÄ»ΓÄ»ΓÄ»ΓÄ»ΓÄ»ΓÄ»
Serialized Error: { __NEXT_ERROR_CODE: 'E886' }
ΓÄ»ΓÄ»ΓÄ»ΓÄ»ΓÄ»ΓÄ»ΓÄ»ΓÄ»ΓÄ»ΓÄ»ΓÄ»ΓÄ»ΓÄ»ΓÄ»ΓÄ»ΓÄ»ΓÄ»ΓÄ»ΓÄ»ΓÄ»ΓÄ»ΓÄ»[12/37]ΓÄ»

 FAIL  src/utils/cached-business.test.ts > getBusinessInfo > should return the business info object
Error: `cacheTag()` is only available with the `cacheComponents` config.
 Γ¥» cacheTag node_modules/next/dist/server/use-cache/cache-tag.js:15:37
 Γ¥» getBusinessInfo src/utils/cached-business.ts:8:3
      6| export async function getBusinessInfo() {
      7|   // Business info changes rarely - cached by default
      8|   cacheTag('business');
       |   ^
      9|   return BUSINESS_INFO;
     10| }
 Γ¥» src/utils/cached-business.test.ts:6:26

ΓÄ»ΓÄ»ΓÄ»ΓÄ»ΓÄ»ΓÄ»ΓÄ»ΓÄ»ΓÄ»ΓÄ»ΓÄ»ΓÄ»ΓÄ»ΓÄ»ΓÄ»ΓÄ»ΓÄ»ΓÄ»ΓÄ»ΓÄ»ΓÄ»ΓÄ»ΓÄ»ΓÄ»ΓÄ»ΓÄ»ΓÄ»ΓÄ»ΓÄ»ΓÄ»
Serialized Error: { __NEXT_ERROR_CODE: 'E886' }
ΓÄ»ΓÄ»ΓÄ»ΓÄ»ΓÄ»ΓÄ»ΓÄ»ΓÄ»ΓÄ»ΓÄ»ΓÄ»ΓÄ»ΓÄ»ΓÄ»ΓÄ»ΓÄ»ΓÄ»ΓÄ»ΓÄ»ΓÄ»ΓÄ»ΓÄ»[13/37]ΓÄ»

 FAIL  src/utils/cached-business.test.ts > getBusinessInfo > should return consistent data on multiple calls
Error: `cacheTag()` is only available with the `cacheComponents` config.
 Γ¥» cacheTag node_modules/next/dist/server/use-cache/cache-tag.js:15:37
 Γ¥» getBusinessInfo src/utils/cached-business.ts:8:3
      6| export async function getBusinessInfo() {
      7|   // Business info changes rarely - cached by default
      8|   cacheTag('business');
       |   ^
      9|   return BUSINESS_INFO;
     10| }
 Γ¥» src/utils/cached-business.test.ts:17:27

ΓÄ»ΓÄ»ΓÄ»ΓÄ»ΓÄ»ΓÄ»ΓÄ»ΓÄ»ΓÄ»ΓÄ»ΓÄ»ΓÄ»ΓÄ»ΓÄ»ΓÄ»ΓÄ»ΓÄ»ΓÄ»ΓÄ»ΓÄ»ΓÄ»ΓÄ»ΓÄ»ΓÄ»ΓÄ»ΓÄ»ΓÄ»ΓÄ»ΓÄ»ΓÄ»
Serialized Error: { __NEXT_ERROR_CODE: 'E886' }
ΓÄ»ΓÄ»ΓÄ»ΓÄ»ΓÄ»ΓÄ»ΓÄ»ΓÄ»ΓÄ»ΓÄ»ΓÄ»ΓÄ»ΓÄ»ΓÄ»ΓÄ»ΓÄ»ΓÄ»ΓÄ»ΓÄ»ΓÄ»ΓÄ»ΓÄ»[14/37]ΓÄ»

 FAIL  src/utils/cached-business.test.ts > getBusinessInfo > should contain required business fields
Error: `cacheTag()` is only available with the `cacheComponents` config.
 Γ¥» cacheTag node_modules/next/dist/server/use-cache/cache-tag.js:15:37
 Γ¥» getBusinessInfo src/utils/cached-business.ts:8:3
      6| export async function getBusinessInfo() {
      7|   // Business info changes rarely - cached by default
      8|   cacheTag('business');
       |   ^
      9|   return BUSINESS_INFO;
     10| }
 Γ¥» src/utils/cached-business.test.ts:24:26

ΓÄ»ΓÄ»ΓÄ»ΓÄ»ΓÄ»ΓÄ»ΓÄ»ΓÄ»ΓÄ»ΓÄ»ΓÄ»ΓÄ»ΓÄ»ΓÄ»ΓÄ»ΓÄ»ΓÄ»ΓÄ»ΓÄ»ΓÄ»ΓÄ»ΓÄ»ΓÄ»ΓÄ»ΓÄ»ΓÄ»ΓÄ»ΓÄ»ΓÄ»ΓÄ»
Serialized Error: { __NEXT_ERROR_CODE: 'E886' }
ΓÄ»ΓÄ»ΓÄ»ΓÄ»ΓÄ»ΓÄ»ΓÄ»ΓÄ»ΓÄ»ΓÄ»ΓÄ»ΓÄ»ΓÄ»ΓÄ»ΓÄ»ΓÄ»ΓÄ»ΓÄ»ΓÄ»ΓÄ»ΓÄ»ΓÄ»[15/37]ΓÄ»

 FAIL  src/utils/cached-services.test.ts > getServicesData > should return the services data array
Error: `cacheTag()` is only available with the `cacheComponents` config.
 Γ¥» cacheTag node_modules/next/dist/server/use-cache/cache-tag.js:15:37
 Γ¥» getServicesData src/utils/cached-services.ts:8:3
      6| export async function getServicesData() {
      7|   // Services data changes rarely - cached by default
      8|   cacheTag('services');
       |   ^
      9|   return services;
     10| }
 Γ¥» src/utils/cached-services.test.ts:6:26

ΓÄ»ΓÄ»ΓÄ»ΓÄ»ΓÄ»ΓÄ»ΓÄ»ΓÄ»ΓÄ»ΓÄ»ΓÄ»ΓÄ»ΓÄ»ΓÄ»ΓÄ»ΓÄ»ΓÄ»ΓÄ»ΓÄ»ΓÄ»ΓÄ»ΓÄ»ΓÄ»ΓÄ»ΓÄ»ΓÄ»ΓÄ»ΓÄ»ΓÄ»ΓÄ»
Serialized Error: { __NEXT_ERROR_CODE: 'E886' }
ΓÄ»ΓÄ»ΓÄ»ΓÄ»ΓÄ»ΓÄ»ΓÄ»ΓÄ»ΓÄ»ΓÄ»ΓÄ»ΓÄ»ΓÄ»ΓÄ»ΓÄ»ΓÄ»ΓÄ»ΓÄ»ΓÄ»ΓÄ»ΓÄ»ΓÄ»[16/37]ΓÄ»

 FAIL  src/utils/cached-services.test.ts > getServicesData > should return consistent data on multiple calls
Error: `cacheTag()` is only available with the `cacheComponents` config.
 Γ¥» cacheTag node_modules/next/dist/server/use-cache/cache-tag.js:15:37
 Γ¥» getServicesData src/utils/cached-services.ts:8:3
      6| export async function getServicesData() {
      7|   // Services data changes rarely - cached by default
      8|   cacheTag('services');
       |   ^
      9|   return services;
     10| }
 Γ¥» src/utils/cached-services.test.ts:22:27

ΓÄ»ΓÄ»ΓÄ»ΓÄ»ΓÄ»ΓÄ»ΓÄ»ΓÄ»ΓÄ»ΓÄ»ΓÄ»ΓÄ»ΓÄ»ΓÄ»ΓÄ»ΓÄ»ΓÄ»ΓÄ»ΓÄ»ΓÄ»ΓÄ»ΓÄ»ΓÄ»ΓÄ»ΓÄ»ΓÄ»ΓÄ»ΓÄ»ΓÄ»ΓÄ»
Serialized Error: { __NEXT_ERROR_CODE: 'E886' }
ΓÄ»ΓÄ»ΓÄ»ΓÄ»ΓÄ»ΓÄ»ΓÄ»ΓÄ»ΓÄ»ΓÄ»ΓÄ»ΓÄ»ΓÄ»ΓÄ»ΓÄ»ΓÄ»ΓÄ»ΓÄ»ΓÄ»ΓÄ»ΓÄ»ΓÄ»[17/37]ΓÄ»

 FAIL  src/utils/cached-services.test.ts > getServicesData > should contain the new client special service
Error: `cacheTag()` is only available with the `cacheComponents` config.
 Γ¥» cacheTag node_modules/next/dist/server/use-cache/cache-tag.js:15:37
 Γ¥» getServicesData src/utils/cached-services.ts:8:3
      6| export async function getServicesData() {
      7|   // Services data changes rarely - cached by default
      8|   cacheTag('services');
       |   ^
      9|   return services;
     10| }
 Γ¥» src/utils/cached-services.test.ts:30:26

ΓÄ»ΓÄ»ΓÄ»ΓÄ»ΓÄ»ΓÄ»ΓÄ»ΓÄ»ΓÄ»ΓÄ»ΓÄ»ΓÄ»ΓÄ»ΓÄ»ΓÄ»ΓÄ»ΓÄ»ΓÄ»ΓÄ»ΓÄ»ΓÄ»ΓÄ»ΓÄ»ΓÄ»ΓÄ»ΓÄ»ΓÄ»ΓÄ»ΓÄ»ΓÄ»
Serialized Error: { __NEXT_ERROR_CODE: 'E886' }
ΓÄ»ΓÄ»ΓÄ»ΓÄ»ΓÄ»ΓÄ»ΓÄ»ΓÄ»ΓÄ»ΓÄ»ΓÄ»ΓÄ»ΓÄ»ΓÄ»ΓÄ»ΓÄ»ΓÄ»ΓÄ»ΓÄ»ΓÄ»ΓÄ»ΓÄ»[18/37]ΓÄ»

 FAIL  src/utils/seo-validation.test.ts > SEO Validation > validateStructuredData > should handle invalid JSON in structured data
AssertionError: expected [ ΓÇª(4) ] to include 'Invalid JSON-LD syntax found'
 Γ¥» src/utils/seo-validation.test.ts:48:29
     46|       const result = validateStructuredData()
     47| 
     48|       expect(result.issues).toContain('Invalid JSON-LD syntax found')
       |                             ^
     49|     })
     50| 

ΓÄ»ΓÄ»ΓÄ»ΓÄ»ΓÄ»ΓÄ»ΓÄ»ΓÄ»ΓÄ»ΓÄ»ΓÄ»ΓÄ»ΓÄ»ΓÄ»ΓÄ»ΓÄ»ΓÄ»ΓÄ»ΓÄ»ΓÄ»ΓÄ»ΓÄ»[19/37]ΓÄ»

 FAIL  src/utils/seo-validation.test.ts > SEO Validation > validateStructuredData > should pass when all required schemas are present
AssertionError: expected false to be true // Object.is equality

- Expected
+ Received

- true
+ false

 Γ¥» src/utils/seo-validation.test.ts:62:29
     60|       const result = validateStructuredData()
     61| 
     62|       expect(result.passed).toBe(true)
       |                             ^
     63|       expect(result.issues.length).toBe(0)
     64|     })

ΓÄ»ΓÄ»ΓÄ»ΓÄ»ΓÄ»ΓÄ»ΓÄ»ΓÄ»ΓÄ»ΓÄ»ΓÄ»ΓÄ»ΓÄ»ΓÄ»ΓÄ»ΓÄ»ΓÄ»ΓÄ»ΓÄ»ΓÄ»ΓÄ»ΓÄ»[20/37]ΓÄ»

 FAIL  src/components/__tests__/About.test.tsx > About > renders about section with correct structure
TestingLibraryElementError: Unable to find an element with the text: Located in the heart of Dallas, The Barber Cave isn't just a barbershopΓÇö. This could be because the text is broken up by multiple elements. In this case, you can provide a function for your text matcher to make your matcher more flexible.

Ignored nodes: comments, script, style
<body>
  <div>
    <section
      class="py-20 bg-white"
      id="about"
    >
      <div
        class="max-w-7xl mx-auto px-6 lg:px-8"
      >
        <div
          class="grid lg:grid-cols-2 gap-16 items-center"
        >
          <div>
            <h2
              class="text-4xl md:text-5xl font-bold text-black mb-8"
            >
              The Barber Cave Experience
            </h2>
            <div
              class="space-y-6 text-lg text-gray-600 leading-relaxed"
            >
              <p>
                Located in the heart of Dallas, The Barber Cave isn't just a barbershopΓÇöit's a destination where craftsmanship meets community. With 
                178
                 five-star reviews and a team of 
                8
                 master barbers, we've established ourselves as Dallas' premier grooming destination.
              </p>
              <p>
                Our barbers specialize in everything from classic cuts to modern fades, luxury shaves to complete grooming transformations. We offer 
                28
                 specialized services to ensure every client leaves looking and feeling their absolute best.
              </p>
            </div>
            <div
              class="grid grid-cols-3 gap-8 mt-12"
            >
              <div>
                <div
                  class="text-3xl font-bold text-black mb-2"
                >
                  4.9
                  /5
                </div>
                <div
                  class="text-gray-600"
                >
                  Average Rating
                </div>
              </div>
              <div>
                <div
                  class="text-3xl font-bold text-black mb-2"
                >
                  8
                  +
                </div>
                <div
                  class="text-gray-600"
                >
                  Expert Barbers
                </div>
              </div>
              <div>
                <div
                  class="text-3xl font-bold text-black mb-2"
                >
                  28
                </div>
                <div
                  class="text-gray-600"
                >
                  Services
                </div>
              </div>
            </div>
          </div>
          <div
            class="relative"
          >
            <div
              class="aspect-square rounded-2xl overflow-hidden bg-gray-200"
            >
              <img
                alt="The Barber Cave Interior"
                class="object-cover"
                data-nimg="fill"
                decoding="async"
                loading="lazy"
                src="/images/about/shop-interior.svg"
                style="position: absolute; height: 100%; width: 100%; left: 0px; top: 0px; right: 0px; bottom: 0px; color: transparent;"
              />
            </div>
          </div>
        </div>
      </div>
    </section>
  </div>
</body>
 Γ¥» Object.getElementError node_modules/@testing-library/dom/dist/config.js:37:19
 Γ¥» node_modules/@testing-library/dom/dist/query-helpers.js:76:38
 Γ¥» node_modules/@testing-library/dom/dist/query-helpers.js:52:17
 Γ¥» node_modules/@testing-library/dom/dist/query-helpers.js:95:19
 Γ¥» src/components/__tests__/About.test.tsx:23:19
     21|     
     22|     expect(screen.getByRole('heading', { name: 'The Barber Cave ExperiΓÇª
     23|     expect(screen.getByText('Located in the heart of Dallas, The BarbeΓÇª
       |                   ^
     24|     expect(screen.getByText('Our barbers specialize in everything fromΓÇª
     25|   })

ΓÄ»ΓÄ»ΓÄ»ΓÄ»ΓÄ»ΓÄ»ΓÄ»ΓÄ»ΓÄ»ΓÄ»ΓÄ»ΓÄ»ΓÄ»ΓÄ»ΓÄ»ΓÄ»ΓÄ»ΓÄ»ΓÄ»ΓÄ»ΓÄ»ΓÄ»[21/37]ΓÄ»

 FAIL  src/components/__tests__/Contact.test.tsx > Contact > displays location information correctly
TestingLibraryElementError: Unable to find an element with the text: Dallas, Texas. This could be because the text is broken up by multiple elements. In this case, you can provide a function for your text matcher to make your matcher more flexible.

Ignored nodes: comments, script, style
<body>
  <div>
    <section
      class="py-20 bg-black text-white"
      id="contact"
    >
      <div
        class="max-w-7xl mx-auto px-6 lg:px-8"
      >
        <div
          class="text-center mb-16"
        >
          <h2
            class="text-4xl md:text-5xl font-bold text-white mb-4"
          >
            Visit The Cave
          </h2>
          <p
            class="text-xl text-gray-300 max-w-2xl mx-auto"
          >
            Ready for your transformation? Book your appointment with one of our master barbers
          </p>
        </div>
        <div
          class="grid md:grid-cols-3 gap-8 mb-12"
        >
          <div
            class="text-center"
          >
            <div
              class="w-16 h-16 bg-amber-500 rounded-full flex items-center justify-center mx-auto mb-6"
            >
              <svg
                aria-hidden="true"
                class="lucide lucide-map-pin h-8 w-8 text-black"
                fill="none"
                height="24"
                stroke="currentColor"
                stroke-linecap="round"
                stroke-linejoin="round"
                stroke-width="2"
                viewBox="0 0 24 24"
                width="24"
                xmlns="http://www.w3.org/2000/svg"
              >
                <path
                  d="M20 10c0 4.993-5.539 10.193-7.399 11.799a1 1 0 0 1-1.202 0C9.539 20.193 4 14.993 4 10a8 8 0 0 1 16 0"
                />
                <circle
                  cx="12"
                  cy="10"
                  r="3"
                />
              </svg>
            </div>
            <h3
              class="text-xl font-bold text-white mb-2"
            >
              Location
            </h3>
            <p
              class="text-gray-300 whitespace-pre-line mb-2"
            >
              1234 Real Street, Dallas, TX 75201
            </p>
            <p
              class="text-gray-300"
            >
              Dallas, Texas
DFW Metro Area
            </p>
          </div>
          <div
            class="text-center"
          >
            <div
              class="w-16 h-16 bg-amber-500 rounded-full flex items-center justify-center mx-auto mb-6"
            >
              <svg
                aria-hidden="true"
                class="lucide lucide-phone h-8 w-8 text-black"
                fill="none"
                height="24"
                stroke="currentColor"
                stroke-linecap="round"
                stroke-linejoin="round"
                stroke-width="2"
                viewBox="0 0 24 24"
                width="24"
                xmlns="http://www.w3.org/2000/svg"
              >
                <path
                  d="M13.832 16.568a1 1 0 0 0 1.213-.303l.355-.465A2 2 0 0 1 17 15h3a2 2 0 0 1 2 2v3a2 2 0 0 1-2 2A18 18 0 0 1 2 4a2 2 0 0 1 2-2h3a2 2 0 0 1 2 2v3a2 2 0 0 1-.8 1.6l-.468.351a1 1 0 0 0-.292 1.233 14 14 0 0 0 6.392 6.384"
                />
              </svg>
            </div>
            <h3
              class="text-xl font-bold text-white mb-2"
            >
              Contact
            </h3>
            <p
              class="text-gray-300 mb-2"
            >
              (214) 555-0123
            </p>
            <a
              class="text-amber-400 hover:text-amber-300 font-semibold"
              href="https://getsquire.com/booking/book/the-barber-cave-dallas"
              rel="noopener noreferrer"
              target="_blank"
            >
              Book Online ΓåÆ
            </a>
          </div>
          <div
            class="text-center"
          >
            <div
              class="w-16 h-16 bg-amber-500 rounded-full flex items-center justify-center mx-auto mb-6"
            >
              <svg
                aria-hidden="true"
                class="lucide lucide-clock h-8 w-8 text-black"
                fill="none"
                height="24"
                stroke="currentColor"
                stroke-linecap="round"
                stroke-linejoin="round"
                stroke-width="2"
                viewBox="0 0 24 24"
                width="24"
                xmlns="http://www.w3.org/2000/svg"
              >
                <circle
                  cx="12"
                  cy="12"
                  r="10"
                />
                <path
                  d="M12 6v6l4 2"
                />
              </svg>
            </div>
            <h3
              class="text-xl font-bold text-white mb-2"
            >
              Flexible Hours
            </h3>
            <p
              class="text-gray-300"
            >
              Daily appointments
              <br />
              Early morning & evening available
            </p>
          </div>
        </div>
        <div
          class="text-center"
        >
          <a
            class="inline-block bg-amber-500 text-black px-12 py-4 rounded-full text-lg font-semibold hover:bg-amber-400 transition-colors"
            href="https://getsquire.com/booking/book/the-barber-cave-dallas"
            rel="noopener noreferrer"
            target="_blank"
          >
            Book Your Appointment Now
          </a>
          <p
            class="text-gray-400 mt-4"
          >
            New clients get 
            $10
             off their first service!
          </p>
        </div>
      </div>
    </section>
  </div>
</body>
 Γ¥» Object.getElementError node_modules/@testing-library/dom/dist/config.js:37:19
 Γ¥» node_modules/@testing-library/dom/dist/query-helpers.js:76:38
 Γ¥» node_modules/@testing-library/dom/dist/query-helpers.js:52:17
 Γ¥» node_modules/@testing-library/dom/dist/query-helpers.js:95:19
 Γ¥» src/components/__tests__/Contact.test.tsx:33:19
     31|     expect(screen.getByText('Location')).toBeInTheDocument()
     32|     expect(screen.getByText('1234 Real Street, Dallas, TX 75201')).toBΓÇª
     33|     expect(screen.getByText('Dallas, Texas')).toBeInTheDocument()
       |                   ^
     34|     expect(screen.getByText('DFW Metro Area')).toBeInTheDocument()
     35|   })

ΓÄ»ΓÄ»ΓÄ»ΓÄ»ΓÄ»ΓÄ»ΓÄ»ΓÄ»ΓÄ»ΓÄ»ΓÄ»ΓÄ»ΓÄ»ΓÄ»ΓÄ»ΓÄ»ΓÄ»ΓÄ»ΓÄ»ΓÄ»ΓÄ»ΓÄ»[22/37]ΓÄ»

 FAIL  src/components/__tests__/Contact.test.tsx > Contact > displays hours information
TestingLibraryElementError: Unable to find an element with the text: Daily appointments. This could be because the text is broken up by multiple elements. In this case, you can provide a function for your text matcher to make your matcher more flexible.

Ignored nodes: comments, script, style
<body>
  <div>
    <section
      class="py-20 bg-black text-white"
      id="contact"
    >
      <div
        class="max-w-7xl mx-auto px-6 lg:px-8"
      >
        <div
          class="text-center mb-16"
        >
          <h2
            class="text-4xl md:text-5xl font-bold text-white mb-4"
          >
            Visit The Cave
          </h2>
          <p
            class="text-xl text-gray-300 max-w-2xl mx-auto"
          >
            Ready for your transformation? Book your appointment with one of our master barbers
          </p>
        </div>
        <div
          class="grid md:grid-cols-3 gap-8 mb-12"
        >
          <div
            class="text-center"
          >
            <div
              class="w-16 h-16 bg-amber-500 rounded-full flex items-center justify-center mx-auto mb-6"
            >
              <svg
                aria-hidden="true"
                class="lucide lucide-map-pin h-8 w-8 text-black"
                fill="none"
                height="24"
                stroke="currentColor"
                stroke-linecap="round"
                stroke-linejoin="round"
                stroke-width="2"
                viewBox="0 0 24 24"
                width="24"
                xmlns="http://www.w3.org/2000/svg"
              >
                <path
                  d="M20 10c0 4.993-5.539 10.193-7.399 11.799a1 1 0 0 1-1.202 0C9.539 20.193 4 14.993 4 10a8 8 0 0 1 16 0"
                />
                <circle
                  cx="12"
                  cy="10"
                  r="3"
                />
              </svg>
            </div>
            <h3
              class="text-xl font-bold text-white mb-2"
            >
              Location
            </h3>
            <p
              class="text-gray-300 whitespace-pre-line mb-2"
            >
              1234 Real Street, Dallas, TX 75201
            </p>
            <p
              class="text-gray-300"
            >
              Dallas, Texas
DFW Metro Area
            </p>
          </div>
          <div
            class="text-center"
          >
            <div
              class="w-16 h-16 bg-amber-500 rounded-full flex items-center justify-center mx-auto mb-6"
            >
              <svg
                aria-hidden="true"
                class="lucide lucide-phone h-8 w-8 text-black"
                fill="none"
                height="24"
                stroke="currentColor"
                stroke-linecap="round"
                stroke-linejoin="round"
                stroke-width="2"
                viewBox="0 0 24 24"
                width="24"
                xmlns="http://www.w3.org/2000/svg"
              >
                <path
                  d="M13.832 16.568a1 1 0 0 0 1.213-.303l.355-.465A2 2 0 0 1 17 15h3a2 2 0 0 1 2 2v3a2 2 0 0 1-2 2A18 18 0 0 1 2 4a2 2 0 0 1 2-2h3a2 2 0 0 1 2 2v3a2 2 0 0 1-.8 1.6l-.468.351a1 1 0 0 0-.292 1.233 14 14 0 0 0 6.392 6.384"
                />
              </svg>
            </div>
            <h3
              class="text-xl font-bold text-white mb-2"
            >
              Contact
            </h3>
            <p
              class="text-gray-300 mb-2"
            >
              (214) 555-0123
            </p>
            <a
              class="text-amber-400 hover:text-amber-300 font-semibold"
              href="https://getsquire.com/booking/book/the-barber-cave-dallas"
              rel="noopener noreferrer"
              target="_blank"
            >
              Book Online ΓåÆ
            </a>
          </div>
          <div
            class="text-center"
          >
            <div
              class="w-16 h-16 bg-amber-500 rounded-full flex items-center justify-center mx-auto mb-6"
            >
              <svg
                aria-hidden="true"
                class="lucide lucide-clock h-8 w-8 text-black"
                fill="none"
                height="24"
                stroke="currentColor"
                stroke-linecap="round"
                stroke-linejoin="round"
                stroke-width="2"
                viewBox="0 0 24 24"
                width="24"
                xmlns="http://www.w3.org/2000/svg"
              >
                <circle
                  cx="12"
                  cy="12"
                  r="10"
                />
                <path
                  d="M12 6v6l4 2"
                />
              </svg>
            </div>
            <h3
              class="text-xl font-bold text-white mb-2"
            >
              Flexible Hours
            </h3>
            <p
              class="text-gray-300"
            >
              Daily appointments
              <br />
              Early morning & evening available
            </p>
          </div>
        </div>
        <div
          class="text-center"
        >
          <a
            class="inline-block bg-amber-500 text-black px-12 py-4 rounded-full text-lg font-semibold hover:bg-amber-400 transition-colors"
            href="https://getsquire.com/booking/book/the-barber-cave-dallas"
            rel="noopener noreferrer"
            target="_blank"
          >
            Book Your Appointment Now
          </a>
          <p
            class="text-gray-400 mt-4"
          >
            New clients get 
            $10
             off their first service!
          </p>
        </div>
      </div>
    </section>
  </div>
</body>
 Γ¥» Object.getElementError node_modules/@testing-library/dom/dist/config.js:37:19
 Γ¥» node_modules/@testing-library/dom/dist/query-helpers.js:76:38
 Γ¥» node_modules/@testing-library/dom/dist/query-helpers.js:52:17
 Γ¥» node_modules/@testing-library/dom/dist/query-helpers.js:95:19
 Γ¥» src/components/__tests__/Contact.test.tsx:54:19
     52|     
     53|     expect(screen.getByText('Flexible Hours')).toBeInTheDocument()
     54|     expect(screen.getByText('Daily appointments')).toBeInTheDocument()
       |                   ^
     55|     expect(screen.getByText('Early morning & evening available')).toBeΓÇª
     56|   })

ΓÄ»ΓÄ»ΓÄ»ΓÄ»ΓÄ»ΓÄ»ΓÄ»ΓÄ»ΓÄ»ΓÄ»ΓÄ»ΓÄ»ΓÄ»ΓÄ»ΓÄ»ΓÄ»ΓÄ»ΓÄ»ΓÄ»ΓÄ»ΓÄ»ΓÄ»[23/37]ΓÄ»

 FAIL  src/components/__tests__/ContainerQueries.test.tsx > useContainerQuerySupport Hook > returns true when CSS.supports indicates container query support
Error: Invalid hook call. Hooks can only be called inside of the body of a function component. This could happen for one of the following reasons:
1. You might have mismatching versions of React and the renderer (such as React DOM)
2. You might be breaking the Rules of Hooks
3. You might have more than one copy of React in the same app
See https://react.dev/link/invalid-hook-call for tips about how to debug and fix this problem.
 Γ¥» Object.throwInvalidHookError node_modules/react-dom/cjs/react-dom-client.development.js:7597:13
 Γ¥» process.env.NODE_ENV.exports.useState node_modules/react/cjs/react.development.js:1263:34
 Γ¥» useContainerQuerySupport src/components/ContainerQueries.tsx:47:41
     45|  */
     46| export const useContainerQuerySupport = () => {
     47|   const [isSupported, setIsSupported] = useState(false);
       |                                         ^
     48| 
     49|   useEffect(() => {
 Γ¥» src/components/__tests__/ContainerQueries.test.tsx:117:20

ΓÄ»ΓÄ»ΓÄ»ΓÄ»ΓÄ»ΓÄ»ΓÄ»ΓÄ»ΓÄ»ΓÄ»ΓÄ»ΓÄ»ΓÄ»ΓÄ»ΓÄ»ΓÄ»ΓÄ»ΓÄ»ΓÄ»ΓÄ»ΓÄ»ΓÄ»[24/37]ΓÄ»

 FAIL  src/components/__tests__/ContainerQueries.test.tsx > useContainerQuerySupport Hook > returns false when CSS.supports indicates no container query support
Error: Invalid hook call. Hooks can only be called inside of the body of a function component. This could happen for one of the following reasons:
1. You might have mismatching versions of React and the renderer (such as React DOM)
2. You might be breaking the Rules of Hooks
3. You might have more than one copy of React in the same app
See https://react.dev/link/invalid-hook-call for tips about how to debug and fix this problem.
 Γ¥» Object.throwInvalidHookError node_modules/react-dom/cjs/react-dom-client.development.js:7597:13
 Γ¥» process.env.NODE_ENV.exports.useState node_modules/react/cjs/react.development.js:1263:34
 Γ¥» useContainerQuerySupport src/components/ContainerQueries.tsx:47:41
     45|  */
     46| export const useContainerQuerySupport = () => {
     47|   const [isSupported, setIsSupported] = useState(false);
       |                                         ^
     48| 
     49|   useEffect(() => {
 Γ¥» src/components/__tests__/ContainerQueries.test.tsx:125:20

ΓÄ»ΓÄ»ΓÄ»ΓÄ»ΓÄ»ΓÄ»ΓÄ»ΓÄ»ΓÄ»ΓÄ»ΓÄ»ΓÄ»ΓÄ»ΓÄ»ΓÄ»ΓÄ»ΓÄ»ΓÄ»ΓÄ»ΓÄ»ΓÄ»ΓÄ»[25/37]ΓÄ»

 FAIL  src/components/__tests__/ContainerQueries.test.tsx > useContainerQuerySupport Hook > returns false during server-side rendering
Error: Invalid hook call. Hooks can only be called inside of the body of a function component. This could happen for one of the following reasons:
1. You might have mismatching versions of React and the renderer (such as React DOM)
2. You might be breaking the Rules of Hooks
3. You might have more than one copy of React in the same app
See https://react.dev/link/invalid-hook-call for tips about how to debug and fix this problem.
 Γ¥» Object.throwInvalidHookError node_modules/react-dom/cjs/react-dom-client.development.js:7597:13
 Γ¥» process.env.NODE_ENV.exports.useState node_modules/react/cjs/react.development.js:1263:34
 Γ¥» useContainerQuerySupport src/components/ContainerQueries.tsx:47:41
     45|  */
     46| export const useContainerQuerySupport = () => {
     47|   const [isSupported, setIsSupported] = useState(false);
       |                                         ^
     48| 
     49|   useEffect(() => {
 Γ¥» src/components/__tests__/ContainerQueries.test.tsx:134:20

ΓÄ»ΓÄ»ΓÄ»ΓÄ»ΓÄ»ΓÄ»ΓÄ»ΓÄ»ΓÄ»ΓÄ»ΓÄ»ΓÄ»ΓÄ»ΓÄ»ΓÄ»ΓÄ»ΓÄ»ΓÄ»ΓÄ»ΓÄ»ΓÄ»ΓÄ»[26/37]ΓÄ»

 FAIL  src/components/__tests__/ContainerQueries.test.tsx > Container Queries Integration > applies correct container styles for barber grid
 FAIL  src/components/__tests__/ContainerQueries.test.tsx > Container Queries Integration > applies correct container styles for services grid
ReferenceError: window is not defined
 Γ¥» resolveUpdatePriority node_modules/react-dom/cjs/react-dom-client.development.js:1308:7
 Γ¥» requestUpdateLane node_modules/react-dom/cjs/react-dom-client.development.js:16345:11
 Γ¥» ReactDOMRoot.process.env.NODE_ENV.ReactDOMHydrationRoot.render.ReactDOMRoot.render [as render] node_modules/react-dom/cjs/react-dom-client.development.js:27892:18
 Γ¥» Object.render node_modules/@testing-library/react/dist/pure.js:160:12
 Γ¥» node_modules/@testing-library/react/dist/pure.js:193:12
 Γ¥» node_modules/@testing-library/react/dist/act-compat.js:47:24
 Γ¥» process.env.NODE_ENV.exports.act node_modules/react/cjs/react.development.js:814:22
 Γ¥» node_modules/@testing-library/react/dist/act-compat.js:46:25
 Γ¥» renderRoot node_modules/@testing-library/react/dist/pure.js:189:26
 Γ¥» render node_modules/@testing-library/react/dist/pure.js:291:10

ΓÄ»ΓÄ»ΓÄ»ΓÄ»ΓÄ»ΓÄ»ΓÄ»ΓÄ»ΓÄ»ΓÄ»ΓÄ»ΓÄ»ΓÄ»ΓÄ»ΓÄ»ΓÄ»ΓÄ»ΓÄ»ΓÄ»ΓÄ»ΓÄ»ΓÄ»[27/37]ΓÄ»

 FAIL  src/components/__tests__/ContainerQueries.test.tsx > Container Queries Integration > applies correct container styles for barber grid
ReferenceError: window is not defined
 Γ¥» resolveEventTimeStamp node_modules/react-dom/cjs/react-dom-client.development.js:22144:19
 Γ¥» startUpdateTimerByLane node_modules/react-dom/cjs/react-dom-client.development.js:5692:19
 Γ¥» updateContainerImpl node_modules/react-dom/cjs/react-dom-client.development.js:23508:10
 Γ¥» ReactDOMRoot.process.env.NODE_ENV.ReactDOMHydrationRoot.unmount.ReactDOMRoot.unmount [as unmount] node_modules/react-dom/cjs/react-dom-client.development.js:27910:11
 Γ¥» Object.unmount node_modules/@testing-library/react/dist/pure.js:163:12
 Γ¥» node_modules/@testing-library/react/dist/pure.js:307:12
 Γ¥» node_modules/@testing-library/react/dist/act-compat.js:47:24
 Γ¥» process.env.NODE_ENV.exports.act node_modules/react/cjs/react.development.js:814:22
 Γ¥» node_modules/@testing-library/react/dist/act-compat.js:46:25
 Γ¥» node_modules/@testing-library/react/dist/pure.js:306:28

ΓÄ»ΓÄ»ΓÄ»ΓÄ»ΓÄ»ΓÄ»ΓÄ»ΓÄ»ΓÄ»ΓÄ»ΓÄ»ΓÄ»ΓÄ»ΓÄ»ΓÄ»ΓÄ»ΓÄ»ΓÄ»ΓÄ»ΓÄ»ΓÄ»ΓÄ»[28/37]ΓÄ»

 FAIL  src/components/__tests__/ContainerQueries.test.tsx > Container Queries Integration > applies correct container styles for services grid
ReferenceError: window is not defined
 Γ¥» node_modules/react-dom/cjs/react-dom-client.development.js:17920:15
 Γ¥» flushActQueue node_modules/react/cjs/react.development.js:590:34
 Γ¥» process.env.NODE_ENV.exports.act node_modules/react/cjs/react.development.js:884:10
 Γ¥» node_modules/@testing-library/react/dist/act-compat.js:46:25
 Γ¥» node_modules/@testing-library/react/dist/pure.js:306:28
 Γ¥» cleanup node_modules/@testing-library/react/dist/pure.js:302:22
 Γ¥» node_modules/@testing-library/react/dist/index.js:28:25

ΓÄ»ΓÄ»ΓÄ»ΓÄ»ΓÄ»ΓÄ»ΓÄ»ΓÄ»ΓÄ»ΓÄ»ΓÄ»ΓÄ»ΓÄ»ΓÄ»ΓÄ»ΓÄ»ΓÄ»ΓÄ»ΓÄ»ΓÄ»ΓÄ»ΓÄ»[29/37]ΓÄ»

 FAIL  src/components/__tests__/ErrorBoundary.test.tsx > ErrorBoundary > catches thrown errors and shows fallback UI
TestingLibraryElementError: Unable to find an element with the text: We're sorry, but something unexpected happened.. This could be because the text is broken up by multiple elements. In this case, you can provide a function for your text matcher to make your matcher more flexible.

Ignored nodes: comments, script, style
<body>
  <div>
    <div
      class="min-h-screen flex items-center justify-center bg-gray-50 px-4"
    >
      <div
        class="max-w-md w-full bg-white rounded-lg shadow-lg p-8 text-center"
      >
        <div
          class="w-16 h-16 bg-red-100 rounded-full flex items-center justify-center mx-auto mb-6"
        >
          <svg
            aria-hidden="true"
            class="lucide lucide-triangle-alert w-8 h-8 text-red-600"
            fill="none"
            height="24"
            stroke="currentColor"
            stroke-linecap="round"
            stroke-linejoin="round"
            stroke-width="2"
            viewBox="0 0 24 24"
            width="24"
            xmlns="http://www.w3.org/2000/svg"
          >
            <path
              d="m21.73 18-8-14a2 2 0 0 0-3.48 0l-8 14A2 2 0 0 0 4 21h16a2 2 0 0 0 1.73-3"
            />
            <path
              d="M12 9v4"
            />
            <path
              d="M12 17h.01"
            />
          </svg>
        </div>
        <h1
          class="text-2xl font-bold text-gray-900 mb-4"
        >
          Something went wrong
        </h1>
        <p
          class="text-gray-600 mb-6"
        >
          We're sorry, but something unexpected happened. Our team has been notified and is working on a fix.
        </p>
        <div
          class="space-y-3"
        >
          <button
            class="w-full flex items-center justify-center px-4 py-2 bg-black text-white rounded-lg hover:bg-gray-800 transition-colors font-medium"
          >
            <svg
              aria-hidden="true"
              class="lucide lucide-refresh-cw w-4 h-4 mr-2"
              fill="none"
              height="24"
              stroke="currentColor"
              stroke-linecap="round"
              stroke-linejoin="round"
              stroke-width="2"
              viewBox="0 0 24 24"
              width="24"
              xmlns="http://www.w3.org/2000/svg"
            >
              <path
                d="M3 12a9 9 0 0 1 9-9 9.75 9.75 0 0 1 6.74 2.74L21 8"
              />
              <path
                d="M21 3v5h-5"
              />
              <path
                d="M21 12a9 9 0 0 1-9 9 9.75 9.75 0 0 1-6.74-2.74L3 16"
              />
              <path
                d="M8 16H3v5"
              />
            </svg>
            Try Again
          </button>
          <button
            class="w-full px-4 py-2 border border-gray-300 text-gray-700 rounded-lg hover:bg-gray-50 transition-colors font-medium"
          >
            Go Home
          </button>
        </div>
      </div>
    </div>
  </div>
</body>
 Γ¥» Object.getElementError node_modules/@testing-library/dom/dist/config.js:37:19
 Γ¥» node_modules/@testing-library/dom/dist/query-helpers.js:76:38
 Γ¥» node_modules/@testing-library/dom/dist/query-helpers.js:52:17
 Γ¥» node_modules/@testing-library/dom/dist/query-helpers.js:95:19
 Γ¥» src/components/__tests__/ErrorBoundary.test.tsx:48:19
     46| 
     47|     expect(screen.getByText('Something went wrong')).toBeInTheDocumentΓÇª
     48|     expect(screen.getByText('We\'re sorry, but something unexpected haΓÇª
       |                   ^
     49|     expect(screen.getByRole('button', { name: 'Try Again' })).toBeInThΓÇª
     50|     expect(screen.getByRole('button', { name: 'Go Home' })).toBeInTheDΓÇª

ΓÄ»ΓÄ»ΓÄ»ΓÄ»ΓÄ»ΓÄ»ΓÄ»ΓÄ»ΓÄ»ΓÄ»ΓÄ»ΓÄ»ΓÄ»ΓÄ»ΓÄ»ΓÄ»ΓÄ»ΓÄ»ΓÄ»ΓÄ»ΓÄ»ΓÄ»[30/37]ΓÄ»

 FAIL  src/components/__tests__/ErrorBoundary.test.tsx > ErrorBoundary > resets error state when Try Again is clicked
TestingLibraryElementError: Unable to find an element with the text: Normal content. This could be because the text is broken up by multiple elements. In this case, you can provide a function for your text matcher to make your matcher more flexible.

Ignored nodes: comments, script, style
<body>
  <div>
    <div
      class="min-h-screen flex items-center justify-center bg-gray-50 px-4"
    >
      <div
        class="max-w-md w-full bg-white rounded-lg shadow-lg p-8 text-center"
      >
        <div
          class="w-16 h-16 bg-red-100 rounded-full flex items-center justify-center mx-auto mb-6"
        >
          <svg
            aria-hidden="true"
            class="lucide lucide-triangle-alert w-8 h-8 text-red-600"
            fill="none"
            height="24"
            stroke="currentColor"
            stroke-linecap="round"
            stroke-linejoin="round"
            stroke-width="2"
            viewBox="0 0 24 24"
            width="24"
            xmlns="http://www.w3.org/2000/svg"
          >
            <path
              d="m21.73 18-8-14a2 2 0 0 0-3.48 0l-8 14A2 2 0 0 0 4 21h16a2 2 0 0 0 1.73-3"
            />
            <path
              d="M12 9v4"
            />
            <path
              d="M12 17h.01"
            />
          </svg>
        </div>
        <h1
          class="text-2xl font-bold text-gray-900 mb-4"
        >
          Something went wrong
        </h1>
        <p
          class="text-gray-600 mb-6"
        >
          We're sorry, but something unexpected happened. Our team has been notified and is working on a fix.
        </p>
        <div
          class="space-y-3"
        >
          <button
            class="w-full flex items-center justify-center px-4 py-2 bg-black text-white rounded-lg hover:bg-gray-800 transition-colors font-medium"
          >
            <svg
              aria-hidden="true"
              class="lucide lucide-refresh-cw w-4 h-4 mr-2"
              fill="none"
              height="24"
              stroke="currentColor"
              stroke-linecap="round"
              stroke-linejoin="round"
              stroke-width="2"
              viewBox="0 0 24 24"
              width="24"
              xmlns="http://www.w3.org/2000/svg"
            >
              <path
                d="M3 12a9 9 0 0 1 9-9 9.75 9.75 0 0 1 6.74 2.74L21 8"
              />
              <path
                d="M21 3v5h-5"
              />
              <path
                d="M21 12a9 9 0 0 1-9 9 9.75 9.75 0 0 1-6.74-2.74L3 16"
              />
              <path
                d="M8 16H3v5"
              />
            </svg>
            Try Again
          </button>
          <button
            class="w-full px-4 py-2 border border-gray-300 text-gray-700 rounded-lg hover:bg-gray-50 transition-colors font-medium"
          >
            Go Home
          </button>
        </div>
      </div>
    </div>
  </div>
</body>
 Γ¥» Object.getElementError node_modules/@testing-library/dom/dist/config.js:37:19
 Γ¥» node_modules/@testing-library/dom/dist/query-helpers.js:76:38
 Γ¥» node_modules/@testing-library/dom/dist/query-helpers.js:52:17
 Γ¥» node_modules/@testing-library/dom/dist/query-helpers.js:95:19
 Γ¥» src/components/__tests__/ErrorBoundary.test.tsx:116:19
    114|     )
    115| 
    116|     expect(screen.getByText('Normal content')).toBeInTheDocument()
       |                   ^
    117|   })
    118| 

ΓÄ»ΓÄ»ΓÄ»ΓÄ»ΓÄ»ΓÄ»ΓÄ»ΓÄ»ΓÄ»ΓÄ»ΓÄ»ΓÄ»ΓÄ»ΓÄ»ΓÄ»ΓÄ»ΓÄ»ΓÄ»ΓÄ»ΓÄ»ΓÄ»ΓÄ»[31/37]ΓÄ»

 FAIL  src/components/__tests__/ErrorBoundary.test.tsx > ErrorBoundary > should have no accessibility violations in error state
Error: expect(received).toHaveNoViolations(expected)

Expected the HTML found at $('h1') to have no violations:

<h1 class="text-2xl font-bold text-gray-900 mb-4">Something went wrong</h1>

Received:

"All page content should be contained by landmarks (region)"

Fix any of the following:
  Some page content is not contained by landmarks

You can find more information on this issue here: 
https://dequeuniversity.com/rules/axe/4.11/region?application=axeAPI

Expected the HTML found at $('p') to have no violations:

<p class="text-gray-600 mb-6">We're sorry, but something unexpected happened. Our team has been notified and is working on a fix.</p>

Received:

"All page content should be contained by landmarks (region)"

Fix any of the following:
  Some page content is not contained by landmarks

You can find more information on this issue here: 
https://dequeuniversity.com/rules/axe/4.11/region?application=axeAPI
 Γ¥» src/components/__tests__/ErrorBoundary.test.tsx:140:21
    138| 
    139|     const results = await axe(document.body)
    140|     expect(results).toHaveNoViolations()
       |                     ^
    141|   })
    142| })

ΓÄ»ΓÄ»ΓÄ»ΓÄ»ΓÄ»ΓÄ»ΓÄ»ΓÄ»ΓÄ»ΓÄ»ΓÄ»ΓÄ»ΓÄ»ΓÄ»ΓÄ»ΓÄ»ΓÄ»ΓÄ»ΓÄ»ΓÄ»ΓÄ»ΓÄ»[32/37]ΓÄ»

 FAIL  src/components/__tests__/Gallery.test.tsx > Gallery > displays hover overlay with title and barber information
TestingLibraryElementError: Found multiple elements with the text: by Master Barber

Here are the matching elements:

Ignored nodes: comments, script, style
<p
  class="text-gray-300 text-sm"
>
  by 
  Master Barber
</p>

Ignored nodes: comments, script, style
<p
  class="text-gray-300 text-sm"
>
  by 
  Master Barber
</p>

(If this is intentional, then use the `*AllBy*` variant of the query (like `queryAllByText`, `getAllByText`, or `findAllByText`)).

Ignored nodes: comments, script, style
<body>
  <div>
    <section
      class="py-20 bg-gray-50"
      id="work"
    >
      <div
        class="max-w-7xl mx-auto px-6 lg:px-8"
      >
        <div
          class="text-center mb-16"
        >
          <h2
            class="text-4xl md:text-5xl font-bold text-black mb-4"
          >
            Our Work
          </h2>
          <p
            class="text-xl text-gray-600 max-w-2xl mx-auto"
          >
            See the transformations and styles that define The Barber Cave experience
          </p>
        </div>
        <div
          class="grid grid-cols-1 md:grid-cols-2 lg:grid-cols-3 gap-6"
        >
          <div
            class="group relative overflow-hidden rounded-2xl bg-gray-200 aspect-square"
          >
            <img
              alt="Classic Fade"
              class="object-cover group-hover:scale-105 transition-transform duration-300"
              data-nimg="fill"
              decoding="async"
              loading="lazy"
              src="/images/gallery/work-1.svg"
              style="position: absolute; height: 100%; width: 100%; left: 0px; top: 0px; right: 0px; bottom: 0px; color: transparent;"
            />
            <div
              class="absolute inset-0 bg-black/0 group-hover:bg-black/40 transition-colors duration-300 flex items-center justify-center"
            >
              <div
                class="opacity-0 group-hover:opacity-100 transition-opacity duration-300 text-center"
              >
                <p
                  class="text-white font-semibold"
                >
                  Classic Fade
                </p>
                <p
                  class="text-gray-300 text-sm"
                >
                  by 
                  Master Barber
                </p>
              </div>
            </div>
          </div>
          <div
            class="group relative overflow-hidden rounded-2xl bg-gray-200 aspect-square"
          >
            <img
              alt="Beard Trim"
              class="object-cover group-hover:scale-105 transition-transform duration-300"
              data-nimg="fill"
              decoding="async"
              loading="lazy"
              src="/images/gallery/work-2.svg"
              style="position: absolute; height: 100%; width: 100%; left: 0px; top: 0px; right: 0px; bottom: 0px; color: transparent;"
            />
            <div
              class="absolute inset-0 bg-black/0 group-hover:bg-black/40 transition-colors duration-300 flex items-center justify-center"
            >
              <div
                class="opacity-0 group-hover:opacity-100 transition-opacity duration-300 text-center"
              >
                <p
                  class="text-white font-semibold"
                >
                  Beard Trim
                </p>
                <p
                  class="text-gray-300 text-sm"
                >
                  by 
                  Expert Barber
                </p>
              </div>
            </div>
          </div>
          <div
            class="group relative overflow-hidden rounded-2xl bg-gray-200 aspect-square"
          >
            <img
              alt="Modern Cut"
              class="object-cover group-hover:scale-105 transition-transform duration-300"
              data-nimg="fill"
              decoding="async"
              loading="lazy"
              src="/images/gallery/work-3.svg"
              style="position: absolute; height: 100%; width: 100%; left: 0px; top: 0px; right: 0px; bottom: 0px; color: transparent;"
            />
            <div
              class="absolute inset-0 bg-black/0 group-hover:bg-black/40 transition-colors duration-300 flex items-center justify-center"
            >
              <div
                class="opacity-0 group-hover:opacity-100 transition-opacity duration-300 text-center"
              >
                <p
                  class="text-white font-semibold"
                >
                  Modern Cut
                </p>
                <p
                  class="text-gray-300 text-sm"
                >
                  by 
                  Senior Barber
                </p>
              </div>
            </div>
          </div>
          <div
            class="group relative overflow-hidden rounded-2xl bg-gray-200 aspect-square"
          >
            <img
              alt="Pompadour"
              class="object-cover group-hover:scale-105 transition-transform duration-300"
              data-nimg="fill"
              decoding="async"
              loading="lazy"
              src="/images/gallery/work-4.svg"
              style="position: absolute; height: 100%; width: 100%; left: 0px; top: 0px; right: 0px; bottom: 0px; color: transparent;"
            />
            <div
              class="absolute inset-0 bg-black/0 group-hover:bg-black/40 transition-colors duration-300 flex items-center justify-center"
            >
              <div
                class="opacity-0 group-hover:opacity-100 transition-opacity duration-300 text-center"
              >
                <p
                  class="text-white font-semibold"
                >
                  Pompadour
                </p>
                <p
                  class="text-gray-300 text-sm"
                >
                  by 
                  Master Barber
                </p>
              </div>
            </div>
          </div>
          <div
            class="group relative overflow-hidden rounded-2xl bg-gray-200 aspect-square"
          >
            <img
              alt="Crew Cut"
              class="object-cover group-hover:scale-105 transition-transform duration-300"
              data-nimg="fill"
              decoding="async"
              loading="lazy"
              src="/images/gallery/work-5.svg"
              style="position: absolute; height: 100%; width: 100%; left: 0px; top: 0px; right: 0px; bottom: 0px; color: transparent;"
            />
            <div
              class="absolute inset-0 bg-black/0 group-hover:bg-black/40 transition-colors duration-300 flex items-center justify-center"
            >
              <div
                class="opacity-0 group-hover:opacity-100 transition-opacity duration-300 text-center"
              >
                <p
                  class="text-white font-semibold"
                >
                  Crew Cut
                </p>
                <p
                  class="text-gray-300 text-sm"
                >
                  by 
                  Expert Barber
                </p>
              </div>
            </div>
          </div>
          <div
            class="group relative overflow-hidden rounded-2xl bg-gray-200 aspect-square"
          >
            <img
              alt="Hot Towel Shave"
              class="object-cover group-hover:scale-105 transition-transform duration-300"
              data-nimg="fill"
              decoding="async"
              loading="lazy"
              src="/images/gallery/work-6.svg"
              style="position: absolute; height: 100%; width: 100%; left: 0px; top: 0px; right: 0px; bottom: 0px; color: transparent;"
            />
            <div
              class="absolute inset-0 bg-black/0 group-hover:bg-black/40 transition-colors duration-300 flex items-center justify-center"
            >
              <div
                class="opacity-0 group-hover:opacity-100 transition-opacity duration-300 text-center"
              >
                <p
                  class="text-white font-semibold"
                >
                  Hot Towel Shave
                </p>
                <p
                  class="text-gray-300 text-sm"
                >
                  by 
                  Senior Barber
                </p>
              </div>
            </div>
          </div>
        </div>
      </div>
    </section>
  </div>
</body>
 Γ¥» Object.getElementError node_modules/@testing-library/dom/dist/config.js:37:19
 Γ¥» getElementError node_modules/@testing-library/dom/dist/query-helpers.js:20:35
 Γ¥» getMultipleElementsFoundError node_modules/@testing-library/dom/dist/query-helpers.js:23:10
 Γ¥» node_modules/@testing-library/dom/dist/query-helpers.js:55:13
 Γ¥» node_modules/@testing-library/dom/dist/query-helpers.js:95:19
 Γ¥» src/components/__tests__/Gallery.test.tsx:39:19
     37|     // Check that overlay content is present (though may be hidden by ΓÇª
     38|     expect(screen.getByText('Classic Fade')).toBeInTheDocument()
     39|     expect(screen.getByText('by Master Barber')).toBeInTheDocument()
       |                   ^
     40|     expect(screen.getByText('Beard Trim')).toBeInTheDocument()
     41|     expect(screen.getByText('by Expert Barber')).toBeInTheDocument()

ΓÄ»ΓÄ»ΓÄ»ΓÄ»ΓÄ»ΓÄ»ΓÄ»ΓÄ»ΓÄ»ΓÄ»ΓÄ»ΓÄ»ΓÄ»ΓÄ»ΓÄ»ΓÄ»ΓÄ»ΓÄ»ΓÄ»ΓÄ»ΓÄ»ΓÄ»[33/37]ΓÄ»


[2m Test Files [22m [1m[31m18 failed[39m[22m[2m | [22m[1m[32m7 passed[39m[22m[90m (25)[39m
[2m      Tests [22m [1m[31m29 failed[39m[22m[2m | [22m[1m[32m99 passed[39m[22m[90m (128)[39m
[2m   Start at [22m 16:55:15
[2m   Duration [22m 13.19s[2m (transform 3.37s, setup 7.91s, import 15.32s, tests 11.95s, environment 61.42s)[22m

